Display.cpp:13:6:void updateDisplay(uint8_t)	16	static
Display.cpp:55:6:void displayOff()	8	static
Display.cpp:61:6:void displayMain()	16	static
Display.cpp:130:6:void displayLocked()	16	static
Display.cpp:159:6:void displayPower()	16	static
Display.cpp:170:6:void displayMenu()	16	static
Display.cpp:330:6:void displayConfirmationRateChange()	8	static
Display.cpp:360:6:void displayConfirmationOffsetChange()	8	static
Display.cpp:383:6:void displayConfirmationRejam()	8	static
Display.cpp:413:6:void displayBattery()	16	static
Display.cpp:441:6:void timecodeDisplay()	4	static
Display.cpp:455:6:void initDisplay()	8	static
Display.cpp:462:6:void displayCalibration()	16	static
Display.cpp:512:6:void displayCalibrationOK()	8	static
Display.cpp:530:6:void displayCalibrationFail()	8	static
