Display.cpp:13:6:void updateDisplay(uint8_t)	16	static
Display.cpp:61:6:void displayOff()	8	static
Display.cpp:67:6:void displayMain()	16	static
Display.cpp:136:6:void displayLocked()	16	static
Display.cpp:165:6:void displayPower()	16	static
Display.cpp:176:6:void displayMenu()	16	static
Display.cpp:336:6:void displayConfirmationRateChange()	8	static
Display.cpp:366:6:void displayConfirmationOffsetChange()	8	static
Display.cpp:389:6:void displayConfirmationRejam()	8	static
Display.cpp:419:6:void displayBattery()	16	static
Display.cpp:447:6:void timecodeDisplay()	4	static
Display.cpp:461:6:void initDisplay()	8	static
Display.cpp:468:6:void displayCalibration()	16	static
Display.cpp:518:6:void displayCalibrationOK()	8	static
Display.cpp:536:6:void displayCalibrationFail()	8	static
Display.cpp:554:6:void displayCalibrationReadFail()	8	static
Display.cpp:575:6:void displayUserBitsMenu()	16	static
