main.cpp:242:5:int main()	48	static
main.cpp:610:6:void SystemClock_Config()	192	static
main.cpp:676:13:void MX_ADC1_Init()	32	static
main.cpp:732:13:void MX_DAC1_Init()	48	static
main.cpp:773:13:void MX_I2C1_Init()	8	static
main.cpp:819:13:void MX_I2C2_Init()	8	static
main.cpp:868:13:void MX_TIM2_Init()	40	static
main.cpp:916:13:void MX_TIM6_Init()	24	static
main.cpp:954:13:void MX_TIM7_Init()	24	static
main.cpp:992:13:void MX_TIM16_Init()	8	static
main.cpp:1024:13:void MX_USB_PCD_Init()	8	static
main.cpp:1057:13:void MX_GPIO_Init()	48	static
main.cpp:1116:6:void mcStop()	32	static
main.cpp:1174:6:void HAL_TIM_IC_CaptureCallback(TIM_HandleTypeDef*)	24	static,ignoring_inline_asm
main.cpp:1273:6:void clearBuffer(uint8_t*, uint8_t)	24	static
main.cpp:1279:6:void shiftRight(uint8_t*, uint8_t)	24	static
main.cpp:1292:6:void HAL_TIM_PeriodElapsedCallback(TIM_HandleTypeDef*)	24	static,ignoring_inline_asm
main.cpp:1656:10:uint8_t read_eeprom_reg(uint16_t)	32	static
main.cpp:1693:6:void write_eeprom_reg(uint16_t, uint8_t)	32	static
main.cpp:1719:6:void Error_Handler()	4	static,ignoring_inline_asm
