main.cpp:221:5:int main()	32	static
main.cpp:416:6:void SystemClock_Config()	192	static
main.cpp:482:13:void MX_ADC1_Init()	32	static
main.cpp:538:13:void MX_DAC1_Init()	48	static
main.cpp:579:13:void MX_I2C1_Init()	8	static
main.cpp:625:13:void MX_I2C2_Init()	8	static
main.cpp:674:13:void MX_TIM2_Init()	40	static
main.cpp:722:13:void MX_TIM6_Init()	24	static
main.cpp:760:13:void MX_TIM7_Init()	24	static
main.cpp:798:13:void MX_TIM16_Init()	8	static
main.cpp:830:13:void MX_USB_PCD_Init()	8	static
main.cpp:863:13:void MX_GPIO_Init()	48	static
main.cpp:912:6:void calibrate()	4	static
main.cpp:921:6:void setDigit(int, int, uint8_t, bool)	40	static
main.cpp:946:6:void spiTransfer(int, uint8_t, uint8_t)	32	static
main.cpp:969:6:void transposeData(int)	40	static
main.cpp:1018:6:void HAL_TIM_IC_CaptureCallback(TIM_HandleTypeDef*)	24	static,ignoring_inline_asm
main.cpp:1114:6:void clearBuffer(uint8_t*, uint8_t)	24	static
main.cpp:1120:6:void shiftRight(uint8_t*, uint8_t)	24	static
main.cpp:1130:6:void initTimecode()	24	static
main.cpp:1137:6:void delay_us(uint16_t)	16	static
main.cpp:1147:6:void HAL_TIM_PeriodElapsedCallback(TIM_HandleTypeDef*)	24	static,ignoring_inline_asm
main.cpp:1260:6:void JumpToBootloader()	24	static,ignoring_inline_asm
main.cpp:1283:6:void updateDisplay(uint8_t)	24	static
main.cpp:1539:10:uint8_t read_eeprom_reg(uint16_t)	32	static
main.cpp:1576:6:void write_eeprom_reg(uint16_t, uint8_t)	32	static
main.cpp:1602:6:void Error_Handler()	4	static,ignoring_inline_asm
