main.cpp:244:5:int main()	32	static
main.cpp:441:6:void SystemClock_Config()	192	static
main.cpp:507:13:void MX_ADC1_Init()	32	static
main.cpp:563:13:void MX_DAC1_Init()	48	static
main.cpp:604:13:void MX_I2C1_Init()	8	static
main.cpp:650:13:void MX_I2C2_Init()	8	static
main.cpp:699:13:void MX_TIM2_Init()	40	static
main.cpp:747:13:void MX_TIM6_Init()	24	static
main.cpp:785:13:void MX_TIM7_Init()	24	static
main.cpp:823:13:void MX_TIM16_Init()	8	static
main.cpp:855:13:void MX_USB_PCD_Init()	8	static
main.cpp:888:13:void MX_GPIO_Init()	48	static
main.cpp:949:6:void HAL_TIM_IC_CaptureCallback(TIM_HandleTypeDef*)	24	static,ignoring_inline_asm
main.cpp:1048:6:void clearBuffer(uint8_t*, uint8_t)	24	static
main.cpp:1054:6:void shiftRight(uint8_t*, uint8_t)	24	static
main.cpp:1067:6:void HAL_TIM_PeriodElapsedCallback(TIM_HandleTypeDef*)	24	static,ignoring_inline_asm
main.cpp:1433:10:uint8_t read_eeprom_reg(uint16_t)	32	static
main.cpp:1470:6:void write_eeprom_reg(uint16_t, uint8_t)	32	static
main.cpp:1496:6:void Error_Handler()	4	static,ignoring_inline_asm
