main.cpp:250:5:int main()	48	static
main.cpp:631:6:void SystemClock_Config()	192	static
main.cpp:697:13:void MX_ADC1_Init()	32	static
main.cpp:753:13:void MX_DAC1_Init()	48	static
main.cpp:794:13:void MX_I2C1_Init()	8	static
main.cpp:840:13:void MX_I2C2_Init()	8	static
main.cpp:889:13:void MX_TIM2_Init()	40	static
main.cpp:937:13:void MX_TIM6_Init()	24	static
main.cpp:975:13:void MX_TIM7_Init()	24	static
main.cpp:1013:13:void MX_TIM16_Init()	8	static
main.cpp:1045:13:void MX_USB_PCD_Init()	8	static
main.cpp:1078:13:void MX_GPIO_Init()	48	static
main.cpp:1137:6:void mcStop()	32	static
main.cpp:1195:6:void HAL_TIM_IC_CaptureCallback(TIM_HandleTypeDef*)	24	static,ignoring_inline_asm
main.cpp:1294:6:void clearBuffer(uint8_t*, uint8_t)	24	static
main.cpp:1300:6:void shiftRight(uint8_t*, uint8_t)	24	static
main.cpp:1313:6:void HAL_TIM_PeriodElapsedCallback(TIM_HandleTypeDef*)	24	static,ignoring_inline_asm
main.cpp:1677:10:uint8_t read_eeprom_reg(uint16_t)	32	static
main.cpp:1714:6:void write_eeprom_reg(uint16_t, uint8_t)	32	static
main.cpp:1732:6:bool readEEPROM()	40	static
main.cpp:1771:6:bool updateEEPROM()	32	static
main.cpp:1810:6:void Error_Handler()	4	static,ignoring_inline_asm
