main.cpp:250:5:int main()	48	static
main.cpp:643:6:void SystemClock_Config()	192	static
main.cpp:709:13:void MX_ADC1_Init()	32	static
main.cpp:765:13:void MX_DAC1_Init()	48	static
main.cpp:806:13:void MX_I2C1_Init()	8	static
main.cpp:852:13:void MX_I2C2_Init()	8	static
main.cpp:901:13:void MX_TIM2_Init()	40	static
main.cpp:949:13:void MX_TIM6_Init()	24	static
main.cpp:987:13:void MX_TIM7_Init()	24	static
main.cpp:1025:13:void MX_TIM16_Init()	8	static
main.cpp:1057:13:void MX_USB_PCD_Init()	8	static
main.cpp:1090:13:void MX_GPIO_Init()	48	static
main.cpp:1149:6:void mcStop()	32	static
main.cpp:1207:6:void HAL_TIM_IC_CaptureCallback(TIM_HandleTypeDef*)	24	static,ignoring_inline_asm
main.cpp:1306:6:void clearBuffer(uint8_t*, uint8_t)	24	static
main.cpp:1312:6:void shiftRight(uint8_t*, uint8_t)	24	static
main.cpp:1325:6:void HAL_TIM_PeriodElapsedCallback(TIM_HandleTypeDef*)	24	static,ignoring_inline_asm
main.cpp:1689:10:uint8_t read_eeprom_reg(uint16_t)	32	static
main.cpp:1726:6:void write_eeprom_reg(uint16_t, uint8_t)	32	static
main.cpp:1744:6:bool readEEPROM()	40	static
main.cpp:1784:6:bool updateEEPROM()	32	static
main.cpp:1823:6:void Error_Handler()	4	static,ignoring_inline_asm
