Archive member included to satisfy reference by file (symbol)

/Applications/STM32CubeIDE.app/Contents/Eclipse/plugins/com.st.stm32cube.ide.mcu.externaltools.gnu-tools-for-stm32.9-2020-q2-update.macos64_2.0.0.202105311346/tools/bin/../lib/gcc/arm-none-eabi/9.3.1/../../../../arm-none-eabi/lib/thumb/v7e-m+fp/hard/libc_nano.a(lib_a-errno.o)
                              ./Core/Src/syscalls.o (__errno)
/Applications/STM32CubeIDE.app/Contents/Eclipse/plugins/com.st.stm32cube.ide.mcu.externaltools.gnu-tools-for-stm32.9-2020-q2-update.macos64_2.0.0.202105311346/tools/bin/../lib/gcc/arm-none-eabi/9.3.1/../../../../arm-none-eabi/lib/thumb/v7e-m+fp/hard/libc_nano.a(lib_a-exit.o)
                              /Applications/STM32CubeIDE.app/Contents/Eclipse/plugins/com.st.stm32cube.ide.mcu.externaltools.gnu-tools-for-stm32.9-2020-q2-update.macos64_2.0.0.202105311346/tools/bin/../lib/gcc/arm-none-eabi/9.3.1/../../../../arm-none-eabi/lib/thumb/v7e-m+fp/hard/crt0.o (exit)
/Applications/STM32CubeIDE.app/Contents/Eclipse/plugins/com.st.stm32cube.ide.mcu.externaltools.gnu-tools-for-stm32.9-2020-q2-update.macos64_2.0.0.202105311346/tools/bin/../lib/gcc/arm-none-eabi/9.3.1/../../../../arm-none-eabi/lib/thumb/v7e-m+fp/hard/libc_nano.a(lib_a-impure.o)
                              /Applications/STM32CubeIDE.app/Contents/Eclipse/plugins/com.st.stm32cube.ide.mcu.externaltools.gnu-tools-for-stm32.9-2020-q2-update.macos64_2.0.0.202105311346/tools/bin/../lib/gcc/arm-none-eabi/9.3.1/../../../../arm-none-eabi/lib/thumb/v7e-m+fp/hard/libc_nano.a(lib_a-exit.o) (_global_impure_ptr)
/Applications/STM32CubeIDE.app/Contents/Eclipse/plugins/com.st.stm32cube.ide.mcu.externaltools.gnu-tools-for-stm32.9-2020-q2-update.macos64_2.0.0.202105311346/tools/bin/../lib/gcc/arm-none-eabi/9.3.1/../../../../arm-none-eabi/lib/thumb/v7e-m+fp/hard/libc_nano.a(lib_a-init.o)
                              /Applications/STM32CubeIDE.app/Contents/Eclipse/plugins/com.st.stm32cube.ide.mcu.externaltools.gnu-tools-for-stm32.9-2020-q2-update.macos64_2.0.0.202105311346/tools/bin/../lib/gcc/arm-none-eabi/9.3.1/../../../../arm-none-eabi/lib/thumb/v7e-m+fp/hard/crt0.o (__libc_init_array)
/Applications/STM32CubeIDE.app/Contents/Eclipse/plugins/com.st.stm32cube.ide.mcu.externaltools.gnu-tools-for-stm32.9-2020-q2-update.macos64_2.0.0.202105311346/tools/bin/../lib/gcc/arm-none-eabi/9.3.1/../../../../arm-none-eabi/lib/thumb/v7e-m+fp/hard/libc_nano.a(lib_a-memset.o)
                              /Applications/STM32CubeIDE.app/Contents/Eclipse/plugins/com.st.stm32cube.ide.mcu.externaltools.gnu-tools-for-stm32.9-2020-q2-update.macos64_2.0.0.202105311346/tools/bin/../lib/gcc/arm-none-eabi/9.3.1/../../../../arm-none-eabi/lib/thumb/v7e-m+fp/hard/crt0.o (memset)
/Applications/STM32CubeIDE.app/Contents/Eclipse/plugins/com.st.stm32cube.ide.mcu.externaltools.gnu-tools-for-stm32.9-2020-q2-update.macos64_2.0.0.202105311346/tools/bin/../lib/gcc/arm-none-eabi/9.3.1/thumb/v7e-m+fp/hard/libgcc.a(_arm_muldf3.o)
                              ./Core/Src/Battery.o (__aeabi_dmul)
/Applications/STM32CubeIDE.app/Contents/Eclipse/plugins/com.st.stm32cube.ide.mcu.externaltools.gnu-tools-for-stm32.9-2020-q2-update.macos64_2.0.0.202105311346/tools/bin/../lib/gcc/arm-none-eabi/9.3.1/thumb/v7e-m+fp/hard/libgcc.a(_arm_addsubdf3.o)
                              ./Core/Src/Battery.o (__aeabi_dsub)
/Applications/STM32CubeIDE.app/Contents/Eclipse/plugins/com.st.stm32cube.ide.mcu.externaltools.gnu-tools-for-stm32.9-2020-q2-update.macos64_2.0.0.202105311346/tools/bin/../lib/gcc/arm-none-eabi/9.3.1/thumb/v7e-m+fp/hard/libgcc.a(_arm_muldivdf3.o)
                              ./Core/Src/Battery.o (__aeabi_ddiv)
/Applications/STM32CubeIDE.app/Contents/Eclipse/plugins/com.st.stm32cube.ide.mcu.externaltools.gnu-tools-for-stm32.9-2020-q2-update.macos64_2.0.0.202105311346/tools/bin/../lib/gcc/arm-none-eabi/9.3.1/thumb/v7e-m+fp/hard/libgcc.a(_arm_fixdfsi.o)
                              ./Core/Src/Display.o (__aeabi_d2iz)
/Applications/STM32CubeIDE.app/Contents/Eclipse/plugins/com.st.stm32cube.ide.mcu.externaltools.gnu-tools-for-stm32.9-2020-q2-update.macos64_2.0.0.202105311346/tools/bin/../lib/gcc/arm-none-eabi/9.3.1/thumb/v7e-m+fp/hard/libgcc.a(_arm_truncdfsf2.o)
                              ./Core/Src/Battery.o (__aeabi_d2f)

Allocating common symbols
Common symbol       size              file

uwTick              0x4               ./Drivers/STM32L4xx_HAL_Driver/Src/stm32l4xx_hal.o

Discarded input sections

 .text          0x0000000000000000        0x0 /Applications/STM32CubeIDE.app/Contents/Eclipse/plugins/com.st.stm32cube.ide.mcu.externaltools.gnu-tools-for-stm32.9-2020-q2-update.macos64_2.0.0.202105311346/tools/bin/../lib/gcc/arm-none-eabi/9.3.1/thumb/v7e-m+fp/hard/crti.o
[...]
Memory Configuration

Name             Origin             Length             Attributes
RAM              0x0000000020000000 0x0000000000010000 xrw
FLASH            0x0000000008000000 0x0000000000040000 xr
*default*        0x0000000000000000 0xffffffffffffffff

Linker script and memory map

LOAD /Applications/STM32CubeIDE.app/Contents/Eclipse/plugins/com.st.stm32cube.ide.mcu.externaltools.gnu-tools-for-stm32.9-2020-q2-update.macos64_2.0.0.202105311346/tools/bin/../lib/gcc/arm-none-eabi/9.3.1/thumb/v7e-m+fp/hard/crti.o
LOAD /Applications/STM32CubeIDE.app/Contents/Eclipse/plugins/com.st.stm32cube.ide.mcu.externaltools.gnu-tools-for-stm32.9-2020-q2-update.macos64_2.0.0.202105311346/tools/bin/../lib/gcc/arm-none-eabi/9.3.1/thumb/v7e-m+fp/hard/crtbegin.o
LOAD /Applications/STM32CubeIDE.app/Contents/Eclipse/plugins/com.st.stm32cube.ide.mcu.externaltools.gnu-tools-for-stm32.9-2020-q2-update.macos64_2.0.0.202105311346/tools/bin/../lib/gcc/arm-none-eabi/9.3.1/../../../../arm-none-eabi/lib/thumb/v7e-m+fp/hard/crt0.o
LOAD ./Core/Inc/fonts.o
LOAD ./Core/Src/Battery.o
LOAD ./Core/Src/Display.o
LOAD ./Core/Src/Menu.o
LOAD ./Core/Src/Timecode.o
LOAD ./Core/Src/main.o
LOAD ./Core/Src/ssd1306.o
LOAD ./Core/Src/stm32l4xx_hal_msp.o
LOAD ./Core/Src/stm32l4xx_it.o
LOAD ./Core/Src/syscalls.o
LOAD ./Core/Src/sysmem.o
LOAD ./Core/Src/system_stm32l4xx.o
LOAD ./Core/Startup/startup_stm32l433cctx.o
LOAD ./Drivers/STM32L4xx_HAL_Driver/Src/stm32l4xx_hal.o
LOAD ./Drivers/STM32L4xx_HAL_Driver/Src/stm32l4xx_hal_adc.o
LOAD ./Drivers/STM32L4xx_HAL_Driver/Src/stm32l4xx_hal_adc_ex.o
LOAD ./Drivers/STM32L4xx_HAL_Driver/Src/stm32l4xx_hal_cortex.o
LOAD ./Drivers/STM32L4xx_HAL_Driver/Src/stm32l4xx_hal_dac.o
LOAD ./Drivers/STM32L4xx_HAL_Driver/Src/stm32l4xx_hal_dac_ex.o
LOAD ./Drivers/STM32L4xx_HAL_Driver/Src/stm32l4xx_hal_dma.o
LOAD ./Drivers/STM32L4xx_HAL_Driver/Src/stm32l4xx_hal_dma_ex.o
LOAD ./Drivers/STM32L4xx_HAL_Driver/Src/stm32l4xx_hal_exti.o
LOAD ./Drivers/STM32L4xx_HAL_Driver/Src/stm32l4xx_hal_flash.o
LOAD ./Drivers/STM32L4xx_HAL_Driver/Src/stm32l4xx_hal_flash_ex.o
LOAD ./Drivers/STM32L4xx_HAL_Driver/Src/stm32l4xx_hal_flash_ramfunc.o
LOAD ./Drivers/STM32L4xx_HAL_Driver/Src/stm32l4xx_hal_gpio.o
LOAD ./Drivers/STM32L4xx_HAL_Driver/Src/stm32l4xx_hal_i2c.o
LOAD ./Drivers/STM32L4xx_HAL_Driver/Src/stm32l4xx_hal_i2c_ex.o
LOAD ./Drivers/STM32L4xx_HAL_Driver/Src/stm32l4xx_hal_pcd.o
LOAD ./Drivers/STM32L4xx_HAL_Driver/Src/stm32l4xx_hal_pcd_ex.o
LOAD ./Drivers/STM32L4xx_HAL_Driver/Src/stm32l4xx_hal_pwr.o
LOAD ./Drivers/STM32L4xx_HAL_Driver/Src/stm32l4xx_hal_pwr_ex.o
LOAD ./Drivers/STM32L4xx_HAL_Driver/Src/stm32l4xx_hal_rcc.o
LOAD ./Drivers/STM32L4xx_HAL_Driver/Src/stm32l4xx_hal_rcc_ex.o
LOAD ./Drivers/STM32L4xx_HAL_Driver/Src/stm32l4xx_hal_tim.o
LOAD ./Drivers/STM32L4xx_HAL_Driver/Src/stm32l4xx_hal_tim_ex.o
LOAD ./Drivers/STM32L4xx_HAL_Driver/Src/stm32l4xx_ll_usb.o
START GROUP
LOAD /Applications/STM32CubeIDE.app/Contents/Eclipse/plugins/com.st.stm32cube.ide.mcu.externaltools.gnu-tools-for-stm32.9-2020-q2-update.macos64_2.0.0.202105311346/tools/bin/../lib/gcc/arm-none-eabi/9.3.1/../../../../arm-none-eabi/lib/thumb/v7e-m+fp/hard/libstdc++_nano.a
LOAD /Applications/STM32CubeIDE.app/Contents/Eclipse/plugins/com.st.stm32cube.ide.mcu.externaltools.gnu-tools-for-stm32.9-2020-q2-update.macos64_2.0.0.202105311346/tools/bin/../lib/gcc/arm-none-eabi/9.3.1/../../../../arm-none-eabi/lib/thumb/v7e-m+fp/hard/libsupc++_nano.a
END GROUP
LOAD /Applications/STM32CubeIDE.app/Contents/Eclipse/plugins/com.st.stm32cube.ide.mcu.externaltools.gnu-tools-for-stm32.9-2020-q2-update.macos64_2.0.0.202105311346/tools/bin/../lib/gcc/arm-none-eabi/9.3.1/../../../../arm-none-eabi/lib/thumb/v7e-m+fp/hard/libstdc++_nano.a
LOAD /Applications/STM32CubeIDE.app/Contents/Eclipse/plugins/com.st.stm32cube.ide.mcu.externaltools.gnu-tools-for-stm32.9-2020-q2-update.macos64_2.0.0.202105311346/tools/bin/../lib/gcc/arm-none-eabi/9.3.1/../../../../arm-none-eabi/lib/thumb/v7e-m+fp/hard/libm.a
LOAD /Applications/STM32CubeIDE.app/Contents/Eclipse/plugins/com.st.stm32cube.ide.mcu.externaltools.gnu-tools-for-stm32.9-2020-q2-update.macos64_2.0.0.202105311346/tools/bin/../lib/gcc/arm-none-eabi/9.3.1/../../../../arm-none-eabi/lib/thumb/v7e-m+fp/hard/libc_nano.a
START GROUP
LOAD /Applications/STM32CubeIDE.app/Contents/Eclipse/plugins/com.st.stm32cube.ide.mcu.externaltools.gnu-tools-for-stm32.9-2020-q2-update.macos64_2.0.0.202105311346/tools/bin/../lib/gcc/arm-none-eabi/9.3.1/thumb/v7e-m+fp/hard/libgcc.a
LOAD /Applications/STM32CubeIDE.app/Contents/Eclipse/plugins/com.st.stm32cube.ide.mcu.externaltools.gnu-tools-for-stm32.9-2020-q2-update.macos64_2.0.0.202105311346/tools/bin/../lib/gcc/arm-none-eabi/9.3.1/../../../../arm-none-eabi/lib/thumb/v7e-m+fp/hard/libc_nano.a
END GROUP
START GROUP
LOAD /Applications/STM32CubeIDE.app/Contents/Eclipse/plugins/com.st.stm32cube.ide.mcu.externaltools.gnu-tools-for-stm32.9-2020-q2-update.macos64_2.0.0.202105311346/tools/bin/../lib/gcc/arm-none-eabi/9.3.1/thumb/v7e-m+fp/hard/libgcc.a
LOAD /Applications/STM32CubeIDE.app/Contents/Eclipse/plugins/com.st.stm32cube.ide.mcu.externaltools.gnu-tools-for-stm32.9-2020-q2-update.macos64_2.0.0.202105311346/tools/bin/../lib/gcc/arm-none-eabi/9.3.1/../../../../arm-none-eabi/lib/thumb/v7e-m+fp/hard/libc_nano.a
END GROUP
LOAD /Applications/STM32CubeIDE.app/Contents/Eclipse/plugins/com.st.stm32cube.ide.mcu.externaltools.gnu-tools-for-stm32.9-2020-q2-update.macos64_2.0.0.202105311346/tools/bin/../lib/gcc/arm-none-eabi/9.3.1/thumb/v7e-m+fp/hard/crtend.o
LOAD /Applications/STM32CubeIDE.app/Contents/Eclipse/plugins/com.st.stm32cube.ide.mcu.externaltools.gnu-tools-for-stm32.9-2020-q2-update.macos64_2.0.0.202105311346/tools/bin/../lib/gcc/arm-none-eabi/9.3.1/thumb/v7e-m+fp/hard/crtn.o
                0x0000000020010000                _estack = (ORIGIN (RAM) + LENGTH (RAM))
                0x0000000000000200                _Min_Heap_Size = 0x200
                0x0000000000000400                _Min_Stack_Size = 0x400

.isr_vector     0x0000000008000000      0x18c
                0x0000000008000000                . = ALIGN (0x4)
 *(.isr_vector)
 .isr_vector    0x0000000008000000      0x18c ./Core/Startup/startup_stm32l433cctx.o
                0x0000000008000000                g_pfnVectors
                0x000000000800018c                . = ALIGN (0x4)

.text           0x000000000800018c     0x56b4
                0x000000000800018c                . = ALIGN (0x4)
 *(.text)
 .text          0x000000000800018c       0x40 /Applications/STM32CubeIDE.app/Contents/Eclipse/plugins/com.st.stm32cube.ide.mcu.externaltools.gnu-tools-for-stm32.9-2020-q2-update.macos64_2.0.0.202105311346/tools/bin/../lib/gcc/arm-none-eabi/9.3.1/thumb/v7e-m+fp/hard/crtbegin.o
 *(.text*)
 .text._Z41__static_initialization_and_destruction_0ii
                0x00000000080001cc       0x48 ./Core/Src/Menu.o
 .text._GLOBAL__sub_I_buttonTime
                0x0000000008000214       0x10 ./Core/Src/Menu.o
 .text._Z12initTimecodev
                0x0000000008000224      0x110 ./Core/Src/Timecode.o
                0x0000000008000224                initTimecode()
 .text.main     0x0000000008000334      0x568 ./Core/Src/main.o
                0x0000000008000334                main
 .text.SystemClock_Config
                0x000000000800089c      0x13a ./Core/Src/main.o
                0x000000000800089c                SystemClock_Config
 *fill*         0x00000000080009d6        0x2 
 .text._ZL12MX_ADC1_Initv
                0x00000000080009d8       0xdc ./Core/Src/main.o
 .text._ZL12MX_DAC1_Initv
                0x0000000008000ab4       0x78 ./Core/Src/main.o
 .text._ZL12MX_I2C1_Initv
                0x0000000008000b2c       0x9c ./Core/Src/main.o
 .text._ZL12MX_I2C2_Initv
                0x0000000008000bc8       0xa4 ./Core/Src/main.o
 .text._ZL12MX_TIM2_Initv
                0x0000000008000c6c       0xc4 ./Core/Src/main.o
 .text._ZL12MX_TIM6_Initv
                0x0000000008000d30       0x80 ./Core/Src/main.o
 .text._ZL12MX_TIM7_Initv
                0x0000000008000db0       0x80 ./Core/Src/main.o
 .text._ZL13MX_TIM16_Initv
                0x0000000008000e30       0x58 ./Core/Src/main.o
 .text._ZL15MX_USB_PCD_Initv
                0x0000000008000e88       0x5c ./Core/Src/main.o
 .text._ZL12MX_GPIO_Initv
                0x0000000008000ee4      0x128 ./Core/Src/main.o
 .text.HAL_TIM_IC_CaptureCallback
                0x000000000800100c      0x224 ./Core/Src/main.o
                0x000000000800100c                HAL_TIM_IC_CaptureCallback
 .text._Z11clearBufferPhh
                0x0000000008001230       0x38 ./Core/Src/main.o
                0x0000000008001230                clearBuffer(unsigned char*, unsigned char)
 .text._Z10shiftRightPhh
                0x0000000008001268       0x80 ./Core/Src/main.o
                0x0000000008001268                shiftRight(unsigned char*, unsigned char)
 .text.HAL_TIM_PeriodElapsedCallback
                0x00000000080012e8      0x2ec ./Core/Src/main.o
                0x00000000080012e8                HAL_TIM_PeriodElapsedCallback
 .text.Error_Handler
                0x00000000080015d4        0xa ./Core/Src/main.o
                0x00000000080015d4                Error_Handler
 *fill*         0x00000000080015de        0x2 
 .text.HAL_MspInit
                0x00000000080015e0       0x50 ./Core/Src/stm32l4xx_hal_msp.o
                0x00000000080015e0                HAL_MspInit
 .text.HAL_ADC_MspInit
                0x0000000008001630       0x7c ./Core/Src/stm32l4xx_hal_msp.o
                0x0000000008001630                HAL_ADC_MspInit
 .text.HAL_DAC_MspInit
                0x00000000080016ac       0x8c ./Core/Src/stm32l4xx_hal_msp.o
                0x00000000080016ac                HAL_DAC_MspInit
 .text.HAL_I2C_MspInit
                0x0000000008001738       0xe8 ./Core/Src/stm32l4xx_hal_msp.o
                0x0000000008001738                HAL_I2C_MspInit
 .text.HAL_TIM_IC_MspInit
                0x0000000008001820       0x90 ./Core/Src/stm32l4xx_hal_msp.o
                0x0000000008001820                HAL_TIM_IC_MspInit
 .text.HAL_TIM_Base_MspInit
                0x00000000080018b0       0xbc ./Core/Src/stm32l4xx_hal_msp.o
                0x00000000080018b0                HAL_TIM_Base_MspInit
 .text.HAL_PCD_MspInit
                0x000000000800196c       0x40 ./Core/Src/stm32l4xx_hal_msp.o
                0x000000000800196c                HAL_PCD_MspInit
 .text.NMI_Handler
                0x00000000080019ac        0x6 ./Core/Src/stm32l4xx_it.o
                0x00000000080019ac                NMI_Handler
 .text.HardFault_Handler
                0x00000000080019b2        0x6 ./Core/Src/stm32l4xx_it.o
                0x00000000080019b2                HardFault_Handler
 .text.MemManage_Handler
                0x00000000080019b8        0x6 ./Core/Src/stm32l4xx_it.o
                0x00000000080019b8                MemManage_Handler
 .text.BusFault_Handler
                0x00000000080019be        0x6 ./Core/Src/stm32l4xx_it.o
                0x00000000080019be                BusFault_Handler
 .text.UsageFault_Handler
                0x00000000080019c4        0x6 ./Core/Src/stm32l4xx_it.o
                0x00000000080019c4                UsageFault_Handler
 .text.SVC_Handler
                0x00000000080019ca        0xe ./Core/Src/stm32l4xx_it.o
                0x00000000080019ca                SVC_Handler
 .text.DebugMon_Handler
                0x00000000080019d8        0xe ./Core/Src/stm32l4xx_it.o
                0x00000000080019d8                DebugMon_Handler
 .text.PendSV_Handler
                0x00000000080019e6        0xe ./Core/Src/stm32l4xx_it.o
                0x00000000080019e6                PendSV_Handler
 .text.SysTick_Handler
                0x00000000080019f4        0xc ./Core/Src/stm32l4xx_it.o
                0x00000000080019f4                SysTick_Handler
 .text.TIM1_UP_TIM16_IRQHandler
                0x0000000008001a00       0x14 ./Core/Src/stm32l4xx_it.o
                0x0000000008001a00                TIM1_UP_TIM16_IRQHandler
 .text.TIM2_IRQHandler
                0x0000000008001a14       0x14 ./Core/Src/stm32l4xx_it.o
                0x0000000008001a14                TIM2_IRQHandler
 .text.TIM6_DAC_IRQHandler
                0x0000000008001a28       0x1c ./Core/Src/stm32l4xx_it.o
                0x0000000008001a28                TIM6_DAC_IRQHandler
 .text.TIM7_IRQHandler
                0x0000000008001a44       0x14 ./Core/Src/stm32l4xx_it.o
                0x0000000008001a44                TIM7_IRQHandler
 .text.SystemInit
                0x0000000008001a58       0x6c ./Core/Src/system_stm32l4xx.o
                0x0000000008001a58                SystemInit
 .text.Reset_Handler
                0x0000000008001ac4       0x50 ./Core/Startup/startup_stm32l433cctx.o
                0x0000000008001ac4                Reset_Handler
 .text.Default_Handler
                0x0000000008001b14        0x2 ./Core/Startup/startup_stm32l433cctx.o
                0x0000000008001b14                TIM1_BRK_TIM15_IRQHandler
                0x0000000008001b14                EXTI2_IRQHandler
                0x0000000008001b14                TIM1_CC_IRQHandler
                0x0000000008001b14                TSC_IRQHandler
                0x0000000008001b14                TAMP_STAMP_IRQHandler
                0x0000000008001b14                EXTI3_IRQHandler
                0x0000000008001b14                LPTIM2_IRQHandler
                0x0000000008001b14                I2C3_ER_IRQHandler
                0x0000000008001b14                EXTI0_IRQHandler
                0x0000000008001b14                I2C2_EV_IRQHandler
                0x0000000008001b14                CAN1_RX0_IRQHandler
                0x0000000008001b14                FPU_IRQHandler
                0x0000000008001b14                SPI1_IRQHandler
                0x0000000008001b14                DMA2_Channel2_IRQHandler
                0x0000000008001b14                DMA1_Channel4_IRQHandler
                0x0000000008001b14                ADC1_IRQHandler
                0x0000000008001b14                USART3_IRQHandler
                0x0000000008001b14                DMA1_Channel7_IRQHandler
                0x0000000008001b14                CAN1_RX1_IRQHandler
                0x0000000008001b14                LCD_IRQHandler
                0x0000000008001b14                DMA2_Channel1_IRQHandler
                0x0000000008001b14                QUADSPI_IRQHandler
                0x0000000008001b14                I2C1_EV_IRQHandler
                0x0000000008001b14                DMA1_Channel6_IRQHandler
                0x0000000008001b14                DMA2_Channel4_IRQHandler
                0x0000000008001b14                RCC_IRQHandler
                0x0000000008001b14                TIM1_TRG_COM_IRQHandler
                0x0000000008001b14                DMA1_Channel1_IRQHandler
                0x0000000008001b14                Default_Handler
                0x0000000008001b14                DMA2_Channel7_IRQHandler
                0x0000000008001b14                EXTI15_10_IRQHandler
                0x0000000008001b14                SDMMC1_IRQHandler
                0x0000000008001b14                I2C3_EV_IRQHandler
                0x0000000008001b14                USB_IRQHandler
                0x0000000008001b14                EXTI9_5_IRQHandler
                0x0000000008001b14                RTC_WKUP_IRQHandler
                0x0000000008001b14                PVD_PVM_IRQHandler
                0x0000000008001b14                SPI2_IRQHandler
                0x0000000008001b14                CAN1_TX_IRQHandler
                0x0000000008001b14                DMA2_Channel5_IRQHandler
                0x0000000008001b14                CRS_IRQHandler
                0x0000000008001b14                DMA1_Channel5_IRQHandler
                0x0000000008001b14                EXTI4_IRQHandler
                0x0000000008001b14                RNG_IRQHandler
                0x0000000008001b14                DMA1_Channel3_IRQHandler
                0x0000000008001b14                COMP_IRQHandler
                0x0000000008001b14                WWDG_IRQHandler
                0x0000000008001b14                LPUART1_IRQHandler
                0x0000000008001b14                DMA2_Channel6_IRQHandler
                0x0000000008001b14                EXTI1_IRQHandler
                0x0000000008001b14                USART2_IRQHandler
                0x0000000008001b14                I2C2_ER_IRQHandler
                0x0000000008001b14                DMA1_Channel2_IRQHandler
                0x0000000008001b14                CAN1_SCE_IRQHandler
                0x0000000008001b14                FLASH_IRQHandler
                0x0000000008001b14                USART1_IRQHandler
                0x0000000008001b14                SPI3_IRQHandler
                0x0000000008001b14                I2C1_ER_IRQHandler
                0x0000000008001b14                SWPMI1_IRQHandler
                0x0000000008001b14                LPTIM1_IRQHandler
                0x0000000008001b14                SAI1_IRQHandler
                0x0000000008001b14                DMA2_Channel3_IRQHandler
                0x0000000008001b14                RTC_Alarm_IRQHandler
 .text.HAL_Init
                0x0000000008001b16       0x30 ./Drivers/STM32L4xx_HAL_Driver/Src/stm32l4xx_hal.o
                0x0000000008001b16                HAL_Init
 *fill*         0x0000000008001b46        0x2 
 .text.HAL_InitTick
                0x0000000008001b48       0x78 ./Drivers/STM32L4xx_HAL_Driver/Src/stm32l4xx_hal.o
                0x0000000008001b48                HAL_InitTick
 .text.HAL_IncTick
                0x0000000008001bc0       0x28 ./Drivers/STM32L4xx_HAL_Driver/Src/stm32l4xx_hal.o
                0x0000000008001bc0                HAL_IncTick
 .text.HAL_GetTick
                0x0000000008001be8       0x18 ./Drivers/STM32L4xx_HAL_Driver/Src/stm32l4xx_hal.o
                0x0000000008001be8                HAL_GetTick
 .text.HAL_Delay
                0x0000000008001c00       0x48 ./Drivers/STM32L4xx_HAL_Driver/Src/stm32l4xx_hal.o
                0x0000000008001c00                HAL_Delay
 .text.LL_ADC_SetCommonClock
                0x0000000008001c48       0x26 ./Drivers/STM32L4xx_HAL_Driver/Src/stm32l4xx_hal_adc.o
 .text.LL_ADC_SetCommonPathInternalCh
                0x0000000008001c6e       0x26 ./Drivers/STM32L4xx_HAL_Driver/Src/stm32l4xx_hal_adc.o
 .text.LL_ADC_GetCommonPathInternalCh
                0x0000000008001c94       0x1c ./Drivers/STM32L4xx_HAL_Driver/Src/stm32l4xx_hal_adc.o
 .text.LL_ADC_SetOffset
                0x0000000008001cb0       0x48 ./Drivers/STM32L4xx_HAL_Driver/Src/stm32l4xx_hal_adc.o
 .text.LL_ADC_GetOffsetChannel
                0x0000000008001cf8       0x2c ./Drivers/STM32L4xx_HAL_Driver/Src/stm32l4xx_hal_adc.o
 .text.LL_ADC_SetOffsetState
                0x0000000008001d24       0x36 ./Drivers/STM32L4xx_HAL_Driver/Src/stm32l4xx_hal_adc.o
 .text.LL_ADC_REG_SetSequencerRanks
                0x0000000008001d5a       0x58 ./Drivers/STM32L4xx_HAL_Driver/Src/stm32l4xx_hal_adc.o
 .text.LL_ADC_SetChannelSamplingTime
                0x0000000008001db2       0x56 ./Drivers/STM32L4xx_HAL_Driver/Src/stm32l4xx_hal_adc.o
 .text.LL_ADC_SetChannelSingleDiff
                0x0000000008001e08       0x48 ./Drivers/STM32L4xx_HAL_Driver/Src/stm32l4xx_hal_adc.o
 .text.LL_ADC_DisableDeepPowerDown
                0x0000000008001e50       0x24 ./Drivers/STM32L4xx_HAL_Driver/Src/stm32l4xx_hal_adc.o
 .text.LL_ADC_IsDeepPowerDownEnabled
                0x0000000008001e74       0x28 ./Drivers/STM32L4xx_HAL_Driver/Src/stm32l4xx_hal_adc.o
 .text.LL_ADC_EnableInternalRegulator
                0x0000000008001e9c       0x28 ./Drivers/STM32L4xx_HAL_Driver/Src/stm32l4xx_hal_adc.o
 .text.LL_ADC_IsInternalRegulatorEnabled
                0x0000000008001ec4       0x28 ./Drivers/STM32L4xx_HAL_Driver/Src/stm32l4xx_hal_adc.o
 .text.LL_ADC_IsEnabled
                0x0000000008001eec       0x26 ./Drivers/STM32L4xx_HAL_Driver/Src/stm32l4xx_hal_adc.o
 .text.LL_ADC_REG_IsConversionOngoing
                0x0000000008001f12       0x26 ./Drivers/STM32L4xx_HAL_Driver/Src/stm32l4xx_hal_adc.o
 .text.LL_ADC_INJ_IsConversionOngoing
                0x0000000008001f38       0x26 ./Drivers/STM32L4xx_HAL_Driver/Src/stm32l4xx_hal_adc.o
 *fill*         0x0000000008001f5e        0x2 
 .text.HAL_ADC_Init
                0x0000000008001f60      0x28c ./Drivers/STM32L4xx_HAL_Driver/Src/stm32l4xx_hal_adc.o
                0x0000000008001f60                HAL_ADC_Init
 .text.HAL_ADC_ConfigChannel
                0x00000000080021ec      0x7bc ./Drivers/STM32L4xx_HAL_Driver/Src/stm32l4xx_hal_adc.o
                0x00000000080021ec                HAL_ADC_ConfigChannel
 .text.__NVIC_SetPriorityGrouping
                0x00000000080029a8       0x48 ./Drivers/STM32L4xx_HAL_Driver/Src/stm32l4xx_hal_cortex.o
 .text.__NVIC_GetPriorityGrouping
                0x00000000080029f0       0x1c ./Drivers/STM32L4xx_HAL_Driver/Src/stm32l4xx_hal_cortex.o
 .text.__NVIC_EnableIRQ
                0x0000000008002a0c       0x3c ./Drivers/STM32L4xx_HAL_Driver/Src/stm32l4xx_hal_cortex.o
 .text.__NVIC_SetPriority
                0x0000000008002a48       0x54 ./Drivers/STM32L4xx_HAL_Driver/Src/stm32l4xx_hal_cortex.o
 .text.NVIC_EncodePriority
                0x0000000008002a9c       0x66 ./Drivers/STM32L4xx_HAL_Driver/Src/stm32l4xx_hal_cortex.o
 *fill*         0x0000000008002b02        0x2 
 .text.SysTick_Config
                0x0000000008002b04       0x44 ./Drivers/STM32L4xx_HAL_Driver/Src/stm32l4xx_hal_cortex.o
 .text.HAL_NVIC_SetPriorityGrouping
                0x0000000008002b48       0x16 ./Drivers/STM32L4xx_HAL_Driver/Src/stm32l4xx_hal_cortex.o
                0x0000000008002b48                HAL_NVIC_SetPriorityGrouping
 .text.HAL_NVIC_SetPriority
                0x0000000008002b5e       0x38 ./Drivers/STM32L4xx_HAL_Driver/Src/stm32l4xx_hal_cortex.o
                0x0000000008002b5e                HAL_NVIC_SetPriority
 .text.HAL_NVIC_EnableIRQ
                0x0000000008002b96       0x1c ./Drivers/STM32L4xx_HAL_Driver/Src/stm32l4xx_hal_cortex.o
                0x0000000008002b96                HAL_NVIC_EnableIRQ
 .text.HAL_SYSTICK_Config
                0x0000000008002bb2       0x18 ./Drivers/STM32L4xx_HAL_Driver/Src/stm32l4xx_hal_cortex.o
                0x0000000008002bb2                HAL_SYSTICK_Config
 .text.HAL_DAC_Init
                0x0000000008002bca       0x44 ./Drivers/STM32L4xx_HAL_Driver/Src/stm32l4xx_hal_dac.o
                0x0000000008002bca                HAL_DAC_Init
 .text.HAL_DAC_IRQHandler
                0x0000000008002c0e       0xb4 ./Drivers/STM32L4xx_HAL_Driver/Src/stm32l4xx_hal_dac.o
                0x0000000008002c0e                HAL_DAC_IRQHandler
 .text.HAL_DAC_DMAUnderrunCallbackCh1
                0x0000000008002cc2       0x14 ./Drivers/STM32L4xx_HAL_Driver/Src/stm32l4xx_hal_dac.o
                0x0000000008002cc2                HAL_DAC_DMAUnderrunCallbackCh1
 .text.HAL_DAC_ConfigChannel
                0x0000000008002cd6      0x234 ./Drivers/STM32L4xx_HAL_Driver/Src/stm32l4xx_hal_dac.o
                0x0000000008002cd6                HAL_DAC_ConfigChannel
 .text.HAL_DACEx_DMAUnderrunCallbackCh2
                0x0000000008002f0a       0x14 ./Drivers/STM32L4xx_HAL_Driver/Src/stm32l4xx_hal_dac_ex.o
                0x0000000008002f0a                HAL_DACEx_DMAUnderrunCallbackCh2
 *fill*         0x0000000008002f1e        0x2 
 .text.HAL_GPIO_Init
                0x0000000008002f20      0x2f4 ./Drivers/STM32L4xx_HAL_Driver/Src/stm32l4xx_hal_gpio.o
                0x0000000008002f20                HAL_GPIO_Init
 .text.HAL_GPIO_WritePin
                0x0000000008003214       0x30 ./Drivers/STM32L4xx_HAL_Driver/Src/stm32l4xx_hal_gpio.o
                0x0000000008003214                HAL_GPIO_WritePin
 .text.HAL_I2C_Init
                0x0000000008003244      0x11e ./Drivers/STM32L4xx_HAL_Driver/Src/stm32l4xx_hal_i2c.o
                0x0000000008003244                HAL_I2C_Init
 .text.HAL_I2CEx_ConfigAnalogFilter
                0x0000000008003362       0x96 ./Drivers/STM32L4xx_HAL_Driver/Src/stm32l4xx_hal_i2c_ex.o
                0x0000000008003362                HAL_I2CEx_ConfigAnalogFilter
 .text.HAL_I2CEx_ConfigDigitalFilter
                0x00000000080033f8       0x98 ./Drivers/STM32L4xx_HAL_Driver/Src/stm32l4xx_hal_i2c_ex.o
                0x00000000080033f8                HAL_I2CEx_ConfigDigitalFilter
 .text.HAL_I2CEx_EnableFastModePlus
                0x0000000008003490       0x40 ./Drivers/STM32L4xx_HAL_Driver/Src/stm32l4xx_hal_i2c_ex.o
                0x0000000008003490                HAL_I2CEx_EnableFastModePlus
 .text.HAL_PCD_Init
                0x00000000080034d0      0x224 ./Drivers/STM32L4xx_HAL_Driver/Src/stm32l4xx_hal_pcd.o
                0x00000000080034d0                HAL_PCD_Init
 .text.HAL_PCDEx_ActivateLPM
                0x00000000080036f4       0x54 ./Drivers/STM32L4xx_HAL_Driver/Src/stm32l4xx_hal_pcd_ex.o
                0x00000000080036f4                HAL_PCDEx_ActivateLPM
 .text.HAL_PWREx_GetVoltageRange
                0x0000000008003748       0x1c ./Drivers/STM32L4xx_HAL_Driver/Src/stm32l4xx_hal_pwr_ex.o
                0x0000000008003748                HAL_PWREx_GetVoltageRange
 .text.HAL_PWREx_ControlVoltageScaling
                0x0000000008003764       0xac ./Drivers/STM32L4xx_HAL_Driver/Src/stm32l4xx_hal_pwr_ex.o
                0x0000000008003764                HAL_PWREx_ControlVoltageScaling
 .text.HAL_RCC_OscConfig
                0x0000000008003810      0x840 ./Drivers/STM32L4xx_HAL_Driver/Src/stm32l4xx_hal_rcc.o
                0x0000000008003810                HAL_RCC_OscConfig
 .text.HAL_RCC_ClockConfig
                0x0000000008004050      0x1c4 ./Drivers/STM32L4xx_HAL_Driver/Src/stm32l4xx_hal_rcc.o
                0x0000000008004050                HAL_RCC_ClockConfig
 .text.HAL_RCC_MCOConfig
                0x0000000008004214       0x68 ./Drivers/STM32L4xx_HAL_Driver/Src/stm32l4xx_hal_rcc.o
                0x0000000008004214                HAL_RCC_MCOConfig
 .text.HAL_RCC_GetSysClockFreq
                0x000000000800427c      0x118 ./Drivers/STM32L4xx_HAL_Driver/Src/stm32l4xx_hal_rcc.o
                0x000000000800427c                HAL_RCC_GetSysClockFreq
 .text.RCC_SetFlashLatencyFromMSIRange
                0x0000000008004394       0xc0 ./Drivers/STM32L4xx_HAL_Driver/Src/stm32l4xx_hal_rcc.o
 .text.HAL_RCCEx_PeriphCLKConfig
                0x0000000008004454      0x48c ./Drivers/STM32L4xx_HAL_Driver/Src/stm32l4xx_hal_rcc_ex.o
                0x0000000008004454                HAL_RCCEx_PeriphCLKConfig
 .text.RCCEx_PLLSAI1_Config
                0x00000000080048e0      0x1e4 ./Drivers/STM32L4xx_HAL_Driver/Src/stm32l4xx_hal_rcc_ex.o
 .text.HAL_TIM_Base_Init
                0x0000000008004ac4       0xae ./Drivers/STM32L4xx_HAL_Driver/Src/stm32l4xx_hal_tim.o
                0x0000000008004ac4                HAL_TIM_Base_Init
 *fill*         0x0000000008004b72        0x2 
 .text.HAL_TIM_Base_Start_IT
                0x0000000008004b74       0xa8 ./Drivers/STM32L4xx_HAL_Driver/Src/stm32l4xx_hal_tim.o
                0x0000000008004b74                HAL_TIM_Base_Start_IT
 .text.HAL_TIM_IC_Init
                0x0000000008004c1c       0xae ./Drivers/STM32L4xx_HAL_Driver/Src/stm32l4xx_hal_tim.o
                0x0000000008004c1c                HAL_TIM_IC_Init
 *fill*         0x0000000008004cca        0x2 
 .text.HAL_TIM_IC_Start_IT
                0x0000000008004ccc      0x24c ./Drivers/STM32L4xx_HAL_Driver/Src/stm32l4xx_hal_tim.o
                0x0000000008004ccc                HAL_TIM_IC_Start_IT
 .text.HAL_TIM_IRQHandler
                0x0000000008004f18      0x23e ./Drivers/STM32L4xx_HAL_Driver/Src/stm32l4xx_hal_tim.o
                0x0000000008004f18                HAL_TIM_IRQHandler
 .text.HAL_TIM_IC_ConfigChannel
                0x0000000008005156      0x128 ./Drivers/STM32L4xx_HAL_Driver/Src/stm32l4xx_hal_tim.o
                0x0000000008005156                HAL_TIM_IC_ConfigChannel
 .text.HAL_TIM_OC_DelayElapsedCallback
                0x000000000800527e       0x14 ./Drivers/STM32L4xx_HAL_Driver/Src/stm32l4xx_hal_tim.o
                0x000000000800527e                HAL_TIM_OC_DelayElapsedCallback
 .text.HAL_TIM_PWM_PulseFinishedCallback
                0x0000000008005292       0x14 ./Drivers/STM32L4xx_HAL_Driver/Src/stm32l4xx_hal_tim.o
                0x0000000008005292                HAL_TIM_PWM_PulseFinishedCallback
 .text.HAL_TIM_TriggerCallback
                0x00000000080052a6       0x14 ./Drivers/STM32L4xx_HAL_Driver/Src/stm32l4xx_hal_tim.o
                0x00000000080052a6                HAL_TIM_TriggerCallback
 *fill*         0x00000000080052ba        0x2 
 .text.TIM_Base_SetConfig
                0x00000000080052bc       0xc8 ./Drivers/STM32L4xx_HAL_Driver/Src/stm32l4xx_hal_tim.o
                0x00000000080052bc                TIM_Base_SetConfig
 .text.TIM_TI1_SetConfig
                0x0000000008005384       0xac ./Drivers/STM32L4xx_HAL_Driver/Src/stm32l4xx_hal_tim.o
                0x0000000008005384                TIM_TI1_SetConfig
 .text.TIM_TI2_SetConfig
                0x0000000008005430       0x7a ./Drivers/STM32L4xx_HAL_Driver/Src/stm32l4xx_hal_tim.o
 .text.TIM_TI3_SetConfig
                0x00000000080054aa       0x78 ./Drivers/STM32L4xx_HAL_Driver/Src/stm32l4xx_hal_tim.o
 .text.TIM_TI4_SetConfig
                0x0000000008005522       0x7a ./Drivers/STM32L4xx_HAL_Driver/Src/stm32l4xx_hal_tim.o
 .text.TIM_CCxChannelCmd
                0x000000000800559c       0x4a ./Drivers/STM32L4xx_HAL_Driver/Src/stm32l4xx_hal_tim.o
                0x000000000800559c                TIM_CCxChannelCmd
 *fill*         0x00000000080055e6        0x2 
 .text.HAL_TIMEx_MasterConfigSynchronization
                0x00000000080055e8       0xcc ./Drivers/STM32L4xx_HAL_Driver/Src/stm32l4xx_hal_tim_ex.o
                0x00000000080055e8                HAL_TIMEx_MasterConfigSynchronization
 .text.HAL_TIMEx_CommutCallback
                0x00000000080056b4       0x14 ./Drivers/STM32L4xx_HAL_Driver/Src/stm32l4xx_hal_tim_ex.o
                0x00000000080056b4                HAL_TIMEx_CommutCallback
 .text.HAL_TIMEx_BreakCallback
                0x00000000080056c8       0x14 ./Drivers/STM32L4xx_HAL_Driver/Src/stm32l4xx_hal_tim_ex.o
                0x00000000080056c8                HAL_TIMEx_BreakCallback
 .text.HAL_TIMEx_Break2Callback
                0x00000000080056dc       0x14 ./Drivers/STM32L4xx_HAL_Driver/Src/stm32l4xx_hal_tim_ex.o
                0x00000000080056dc                HAL_TIMEx_Break2Callback
 .text.USB_CoreInit
                0x00000000080056f0       0x22 ./Drivers/STM32L4xx_HAL_Driver/Src/stm32l4xx_ll_usb.o
                0x00000000080056f0                USB_CoreInit
 .text.USB_DisableGlobalInt
                0x0000000008005712       0x36 ./Drivers/STM32L4xx_HAL_Driver/Src/stm32l4xx_ll_usb.o
                0x0000000008005712                USB_DisableGlobalInt
 .text.USB_SetCurrentMode
                0x0000000008005748       0x1a ./Drivers/STM32L4xx_HAL_Driver/Src/stm32l4xx_ll_usb.o
                0x0000000008005748                USB_SetCurrentMode
 .text.USB_DevInit
                0x0000000008005762       0x42 ./Drivers/STM32L4xx_HAL_Driver/Src/stm32l4xx_ll_usb.o
                0x0000000008005762                USB_DevInit
 .text.USB_DevDisconnect
                0x00000000080057a4       0x2a ./Drivers/STM32L4xx_HAL_Driver/Src/stm32l4xx_ll_usb.o
                0x00000000080057a4                USB_DevDisconnect
 *fill*         0x00000000080057ce        0x2 
 .text.__libc_init_array
                0x00000000080057d0       0x48 /Applications/STM32CubeIDE.app/Contents/Eclipse/plugins/com.st.stm32cube.ide.mcu.externaltools.gnu-tools-for-stm32.9-2020-q2-update.macos64_2.0.0.202105311346/tools/bin/../lib/gcc/arm-none-eabi/9.3.1/../../../../arm-none-eabi/lib/thumb/v7e-m+fp/hard/libc_nano.a(lib_a-init.o)
                0x00000000080057d0                __libc_init_array
 .text.memset   0x0000000008005818       0x10 /Applications/STM32CubeIDE.app/Contents/Eclipse/plugins/com.st.stm32cube.ide.mcu.externaltools.gnu-tools-for-stm32.9-2020-q2-update.macos64_2.0.0.202105311346/tools/bin/../lib/gcc/arm-none-eabi/9.3.1/../../../../arm-none-eabi/lib/thumb/v7e-m+fp/hard/libc_nano.a(lib_a-memset.o)
                0x0000000008005818                memset
 *(.glue_7)
 .glue_7        0x0000000008005828        0x0 linker stubs
 *(.glue_7t)
 .glue_7t       0x0000000008005828        0x0 linker stubs
 *(.eh_frame)
 .eh_frame      0x0000000008005828        0x0 /Applications/STM32CubeIDE.app/Contents/Eclipse/plugins/com.st.stm32cube.ide.mcu.externaltools.gnu-tools-for-stm32.9-2020-q2-update.macos64_2.0.0.202105311346/tools/bin/../lib/gcc/arm-none-eabi/9.3.1/thumb/v7e-m+fp/hard/crtbegin.o
 *(.init)
 .init          0x0000000008005828        0x4 /Applications/STM32CubeIDE.app/Contents/Eclipse/plugins/com.st.stm32cube.ide.mcu.externaltools.gnu-tools-for-stm32.9-2020-q2-update.macos64_2.0.0.202105311346/tools/bin/../lib/gcc/arm-none-eabi/9.3.1/thumb/v7e-m+fp/hard/crti.o
                0x0000000008005828                _init
 .init          0x000000000800582c        0x8 /Applications/STM32CubeIDE.app/Contents/Eclipse/plugins/com.st.stm32cube.ide.mcu.externaltools.gnu-tools-for-stm32.9-2020-q2-update.macos64_2.0.0.202105311346/tools/bin/../lib/gcc/arm-none-eabi/9.3.1/thumb/v7e-m+fp/hard/crtn.o
 *(.fini)
 .fini          0x0000000008005834        0x4 /Applications/STM32CubeIDE.app/Contents/Eclipse/plugins/com.st.stm32cube.ide.mcu.externaltools.gnu-tools-for-stm32.9-2020-q2-update.macos64_2.0.0.202105311346/tools/bin/../lib/gcc/arm-none-eabi/9.3.1/thumb/v7e-m+fp/hard/crti.o
                0x0000000008005834                _fini
 .fini          0x0000000008005838        0x8 /Applications/STM32CubeIDE.app/Contents/Eclipse/plugins/com.st.stm32cube.ide.mcu.externaltools.gnu-tools-for-stm32.9-2020-q2-update.macos64_2.0.0.202105311346/tools/bin/../lib/gcc/arm-none-eabi/9.3.1/thumb/v7e-m+fp/hard/crtn.o
                0x0000000008005840                . = ALIGN (0x4)
                0x0000000008005840                _etext = .

.vfp11_veneer   0x0000000008005840        0x0
 .vfp11_veneer  0x0000000008005840        0x0 linker stubs

.v4_bx          0x0000000008005840        0x0
 .v4_bx         0x0000000008005840        0x0 linker stubs

.iplt           0x0000000008005840        0x0
 .iplt          0x0000000008005840        0x0 /Applications/STM32CubeIDE.app/Contents/Eclipse/plugins/com.st.stm32cube.ide.mcu.externaltools.gnu-tools-for-stm32.9-2020-q2-update.macos64_2.0.0.202105311346/tools/bin/../lib/gcc/arm-none-eabi/9.3.1/thumb/v7e-m+fp/hard/crtbegin.o

.rodata         0x0000000008005840       0x40
                0x0000000008005840                . = ALIGN (0x4)
 *(.rodata)
 *(.rodata*)
 .rodata.AHBPrescTable
                0x0000000008005840       0x10 ./Core/Src/system_stm32l4xx.o
                0x0000000008005840                AHBPrescTable
 .rodata.MSIRangeTable
                0x0000000008005850       0x30 ./Core/Src/system_stm32l4xx.o
                0x0000000008005850                MSIRangeTable
                0x0000000008005880                . = ALIGN (0x4)

.rel.dyn        0x0000000008005880        0x0
 .rel.iplt      0x0000000008005880        0x0 /Applications/STM32CubeIDE.app/Contents/Eclipse/plugins/com.st.stm32cube.ide.mcu.externaltools.gnu-tools-for-stm32.9-2020-q2-update.macos64_2.0.0.202105311346/tools/bin/../lib/gcc/arm-none-eabi/9.3.1/thumb/v7e-m+fp/hard/crtbegin.o

.ARM.extab      0x0000000008005880        0x0
                0x0000000008005880                . = ALIGN (0x4)
 *(.ARM.extab* .gnu.linkonce.armextab.*)
                0x0000000008005880                . = ALIGN (0x4)

.ARM            0x0000000008005880        0x0
                0x0000000008005880                . = ALIGN (0x4)
                0x0000000008005880                __exidx_start = .
 *(.ARM.exidx*)
                0x0000000008005880                __exidx_end = .
                0x0000000008005880                . = ALIGN (0x4)

.preinit_array  0x0000000008005880        0x0
                0x0000000008005880                . = ALIGN (0x4)
                0x0000000008005880                PROVIDE (__preinit_array_start = .)
 *(.preinit_array*)
                0x0000000008005880                PROVIDE (__preinit_array_end = .)
                0x0000000008005880                . = ALIGN (0x4)

.init_array     0x0000000008005880        0x8
                0x0000000008005880                . = ALIGN (0x4)
                0x0000000008005880                PROVIDE (__init_array_start = .)
 *(SORT_BY_NAME(.init_array.*))
 *(.init_array*)
 .init_array    0x0000000008005880        0x4 /Applications/STM32CubeIDE.app/Contents/Eclipse/plugins/com.st.stm32cube.ide.mcu.externaltools.gnu-tools-for-stm32.9-2020-q2-update.macos64_2.0.0.202105311346/tools/bin/../lib/gcc/arm-none-eabi/9.3.1/thumb/v7e-m+fp/hard/crtbegin.o
 .init_array    0x0000000008005884        0x4 ./Core/Src/Menu.o
                0x0000000008005888                PROVIDE (__init_array_end = .)
                0x0000000008005888                . = ALIGN (0x4)

.fini_array     0x0000000008005888        0x4
                0x0000000008005888                . = ALIGN (0x4)
                [!provide]                        PROVIDE (__fini_array_start = .)
 *(SORT_BY_NAME(.fini_array.*))
 *(.fini_array*)
 .fini_array    0x0000000008005888        0x4 /Applications/STM32CubeIDE.app/Contents/Eclipse/plugins/com.st.stm32cube.ide.mcu.externaltools.gnu-tools-for-stm32.9-2020-q2-update.macos64_2.0.0.202105311346/tools/bin/../lib/gcc/arm-none-eabi/9.3.1/thumb/v7e-m+fp/hard/crtbegin.o
                [!provide]                        PROVIDE (__fini_array_end = .)
                0x000000000800588c                . = ALIGN (0x4)
                0x000000000800588c                _sidata = LOADADDR (.data)

.data           0x0000000020000000       0x40 load address 0x000000000800588c
                0x0000000020000000                . = ALIGN (0x4)
                0x0000000020000000                _sdata = .
 *(.data)
 *(.data*)
 .data.calibrationInterval
                0x0000000020000000       0x18 ./Core/Src/main.o
                0x0000000020000000                calibrationInterval
 .data.frameRateDivisor
                0x0000000020000018        0x6 ./Core/Src/main.o
                0x0000000020000018                frameRateDivisor
 *fill*         0x000000002000001e        0x2 
 .data.frameRateARR
                0x0000000020000020        0xc ./Core/Src/main.o
                0x0000000020000020                frameRateARR
 .data.outTIM   0x000000002000002c        0x4 ./Core/Src/main.o
                0x000000002000002c                outTIM
 .data.countTIM
                0x0000000020000030        0x4 ./Core/Src/main.o
                0x0000000020000030                countTIM
 .data.SystemCoreClock
                0x0000000020000034        0x4 ./Core/Src/system_stm32l4xx.o
                0x0000000020000034                SystemCoreClock
 .data.uwTickPrio
                0x0000000020000038        0x4 ./Drivers/STM32L4xx_HAL_Driver/Src/stm32l4xx_hal.o
                0x0000000020000038                uwTickPrio
 .data.uwTickFreq
                0x000000002000003c        0x1 ./Drivers/STM32L4xx_HAL_Driver/Src/stm32l4xx_hal.o
                0x000000002000003c                uwTickFreq
 *(.RamFunc)
 *(.RamFunc*)
                0x0000000020000040                . = ALIGN (0x4)
 *fill*         0x000000002000003d        0x3 
                0x0000000020000040                _edata = .

.igot.plt       0x0000000020000040        0x0 load address 0x00000000080058cc
 .igot.plt      0x0000000020000040        0x0 /Applications/STM32CubeIDE.app/Contents/Eclipse/plugins/com.st.stm32cube.ide.mcu.externaltools.gnu-tools-for-stm32.9-2020-q2-update.macos64_2.0.0.202105311346/tools/bin/../lib/gcc/arm-none-eabi/9.3.1/thumb/v7e-m+fp/hard/crtbegin.o
                0x0000000020000040                . = ALIGN (0x4)

.bss            0x0000000020000040      0x5c8 load address 0x00000000080058cc
                0x0000000020000040                _sbss = .
                0x0000000020000040                __bss_start__ = _sbss
 *(.bss)
 .bss           0x0000000020000040       0x1c /Applications/STM32CubeIDE.app/Contents/Eclipse/plugins/com.st.stm32cube.ide.mcu.externaltools.gnu-tools-for-stm32.9-2020-q2-update.macos64_2.0.0.202105311346/tools/bin/../lib/gcc/arm-none-eabi/9.3.1/thumb/v7e-m+fp/hard/crtbegin.o
 *(.bss*)
 .bss.rateAdjust
                0x000000002000005c        0x1 ./Core/Src/Menu.o
                0x000000002000005c                rateAdjust
 .bss.offsetAdjust
                0x000000002000005d        0x1 ./Core/Src/Menu.o
                0x000000002000005d                offsetAdjust
 .bss.menuItemSelect
                0x000000002000005e        0x1 ./Core/Src/Menu.o
                0x000000002000005e                menuItemSelect
 .bss.menuItem  0x000000002000005f        0x1 ./Core/Src/Menu.o
                0x000000002000005f                menuItem
 .bss.hadc1     0x0000000020000060       0x64 ./Core/Src/main.o
                0x0000000020000060                hadc1
 .bss.hdac1     0x00000000200000c4       0x14 ./Core/Src/main.o
                0x00000000200000c4                hdac1
 .bss.hi2c1     0x00000000200000d8       0x4c ./Core/Src/main.o
                0x00000000200000d8                hi2c1
 .bss.hi2c2     0x0000000020000124       0x4c ./Core/Src/main.o
                0x0000000020000124                hi2c2
 .bss.htim2     0x0000000020000170       0x4c ./Core/Src/main.o
                0x0000000020000170                htim2
 .bss.htim6     0x00000000200001bc       0x4c ./Core/Src/main.o
                0x00000000200001bc                htim6
 .bss.htim7     0x0000000020000208       0x4c ./Core/Src/main.o
                0x0000000020000208                htim7
 .bss.htim16    0x0000000020000254       0x4c ./Core/Src/main.o
                0x0000000020000254                htim16
 .bss.hpcd_USB_FS
                0x00000000200002a0      0x2f4 ./Core/Src/main.o
                0x00000000200002a0                hpcd_USB_FS
 .bss.tc        0x0000000020000594        0xa ./Core/Src/main.o
                0x0000000020000594                tc
 *fill*         0x000000002000059e        0x2 
 .bss.tcIN      0x00000000200005a0        0x8 ./Core/Src/main.o
                0x00000000200005a0                tcIN
 .bss.tcJammed  0x00000000200005a8        0x1 ./Core/Src/main.o
                0x00000000200005a8                tcJammed
 .bss.frameRate
                0x00000000200005a9        0x1 ./Core/Src/main.o
                0x00000000200005a9                frameRate
 *fill*         0x00000000200005aa        0x2 
 .bss.clockFrame
                0x00000000200005ac        0x4 ./Core/Src/main.o
                0x00000000200005ac                clockFrame
 .bss.intOffset
                0x00000000200005b0        0x1 ./Core/Src/main.o
                0x00000000200005b0                intOffset
 .bss.hr        0x00000000200005b1        0x1 ./Core/Src/main.o
                0x00000000200005b1                hr
 .bss.mn        0x00000000200005b2        0x1 ./Core/Src/main.o
                0x00000000200005b2                mn
 .bss.sc        0x00000000200005b3        0x1 ./Core/Src/main.o
                0x00000000200005b3                sc
 .bss.fr        0x00000000200005b4        0x1 ./Core/Src/main.o
                0x00000000200005b4                fr
 .bss.stat1     0x00000000200005b5        0x1 ./Core/Src/main.o
                0x00000000200005b5                stat1
 .bss.stat2     0x00000000200005b6        0x1 ./Core/Src/main.o
                0x00000000200005b6                stat2
 *fill*         0x00000000200005b7        0x1 
 .bss.calibrationArray
                0x00000000200005b8       0x18 ./Core/Src/main.o
                0x00000000200005b8                calibrationArray
 .bss.clockFrameOutput
                0x00000000200005d0        0x4 ./Core/Src/main.o
                0x00000000200005d0                clockFrameOutput
 .bss.jamCount  0x00000000200005d4        0x1 ./Core/Src/main.o
                0x00000000200005d4                jamCount
 .bss.tcFlags   0x00000000200005d5        0x1 ./Core/Src/main.o
                0x00000000200005d5                tcFlags
 *fill*         0x00000000200005d6        0x2 
 .bss.edgeTimeDiff
                0x00000000200005d8        0x4 ./Core/Src/main.o
                0x00000000200005d8                edgeTimeDiff
 .bss.tcWrite   0x00000000200005dc        0xa ./Core/Src/main.o
                0x00000000200005dc                tcWrite
 *fill*         0x00000000200005e6        0x2 
 .bss.tcWriteBuf
                0x00000000200005e8        0xa ./Core/Src/main.o
                0x00000000200005e8                tcWriteBuf
 .bss.writeState
                0x00000000200005f2        0x1 ./Core/Src/main.o
                0x00000000200005f2                writeState
 *fill*         0x00000000200005f3        0x1 
 .bss.byteNumber
                0x00000000200005f4        0x4 ./Core/Src/main.o
                0x00000000200005f4                byteNumber
 .bss.bitNumber
                0x00000000200005f8        0x4 ./Core/Src/main.o
                0x00000000200005f8                bitNumber
 .bss.blink     0x00000000200005fc        0x1 ./Core/Src/main.o
                0x00000000200005fc                blink
 *fill*         0x00000000200005fd        0x1 
 .bss.compensationCounter
                0x00000000200005fe        0x2 ./Core/Src/main.o
                0x00000000200005fe                compensationCounter
 .bss.compensate
                0x0000000020000600        0x1 ./Core/Src/main.o
                0x0000000020000600                compensate
 *(COMMON)
 *fill*         0x0000000020000601        0x3 
 COMMON         0x0000000020000604        0x4 ./Drivers/STM32L4xx_HAL_Driver/Src/stm32l4xx_hal.o
                0x0000000020000604                uwTick
                0x0000000020000608                . = ALIGN (0x4)
                0x0000000020000608                _ebss = .
                0x0000000020000608                __bss_end__ = _ebss

._user_heap_stack
                0x0000000020000608      0x600 load address 0x00000000080058cc
                0x0000000020000608                . = ALIGN (0x8)
                [!provide]                        PROVIDE (end = .)
                0x0000000020000608                PROVIDE (_end = .)
                0x0000000020000808                . = (. + _Min_Heap_Size)
 *fill*         0x0000000020000608      0x200 
                0x0000000020000c08                . = (. + _Min_Stack_Size)
 *fill*         0x0000000020000808      0x400 
                0x0000000020000c08                . = ALIGN (0x8)

/DISCARD/
 libc.a(*)
 libm.a(*)
 libgcc.a(*)

.ARM.attributes
                0x0000000000000000       0x30
 *(.ARM.attributes)
 .ARM.attributes
                0x0000000000000000       0x1e /Applications/STM32CubeIDE.app/Contents/Eclipse/plugins/com.st.stm32cube.ide.mcu.externaltools.gnu-tools-for-stm32.9-2020-q2-update.macos64_2.0.0.202105311346/tools/bin/../lib/gcc/arm-none-eabi/9.3.1/thumb/v7e-m+fp/hard/crti.o
 .ARM.attributes
                0x000000000000001e       0x34 /Applications/STM32CubeIDE.app/Contents/Eclipse/plugins/com.st.stm32cube.ide.mcu.externaltools.gnu-tools-for-stm32.9-2020-q2-update.macos64_2.0.0.202105311346/tools/bin/../lib/gcc/arm-none-eabi/9.3.1/thumb/v7e-m+fp/hard/crtbegin.o
 .ARM.attributes
                0x0000000000000052       0x34 ./Core/Src/Menu.o
 .ARM.attributes
                0x0000000000000086       0x34 ./Core/Src/Timecode.o
 .ARM.attributes
                0x00000000000000ba       0x34 ./Core/Src/main.o
 .ARM.attributes
                0x00000000000000ee       0x34 ./Core/Src/stm32l4xx_hal_msp.o
 .ARM.attributes
                0x0000000000000122       0x34 ./Core/Src/stm32l4xx_it.o
 .ARM.attributes
                0x0000000000000156       0x34 ./Core/Src/system_stm32l4xx.o
 .ARM.attributes
                0x000000000000018a       0x21 ./Core/Startup/startup_stm32l433cctx.o
 .ARM.attributes
                0x00000000000001ab       0x34 ./Drivers/STM32L4xx_HAL_Driver/Src/stm32l4xx_hal.o
 .ARM.attributes
                0x00000000000001df       0x34 ./Drivers/STM32L4xx_HAL_Driver/Src/stm32l4xx_hal_adc.o
 .ARM.attributes
                0x0000000000000213       0x34 ./Drivers/STM32L4xx_HAL_Driver/Src/stm32l4xx_hal_cortex.o
 .ARM.attributes
                0x0000000000000247       0x34 ./Drivers/STM32L4xx_HAL_Driver/Src/stm32l4xx_hal_dac.o
 .ARM.attributes
                0x000000000000027b       0x34 ./Drivers/STM32L4xx_HAL_Driver/Src/stm32l4xx_hal_dac_ex.o
 .ARM.attributes
                0x00000000000002af       0x34 ./Drivers/STM32L4xx_HAL_Driver/Src/stm32l4xx_hal_gpio.o
 .ARM.attributes
                0x00000000000002e3       0x34 ./Drivers/STM32L4xx_HAL_Driver/Src/stm32l4xx_hal_i2c.o
 .ARM.attributes
                0x0000000000000317       0x34 ./Drivers/STM32L4xx_HAL_Driver/Src/stm32l4xx_hal_i2c_ex.o
 .ARM.attributes
                0x000000000000034b       0x34 ./Drivers/STM32L4xx_HAL_Driver/Src/stm32l4xx_hal_pcd.o
 .ARM.attributes
                0x000000000000037f       0x34 ./Drivers/STM32L4xx_HAL_Driver/Src/stm32l4xx_hal_pcd_ex.o
 .ARM.attributes
                0x00000000000003b3       0x34 ./Drivers/STM32L4xx_HAL_Driver/Src/stm32l4xx_hal_pwr_ex.o
 .ARM.attributes
                0x00000000000003e7       0x34 ./Drivers/STM32L4xx_HAL_Driver/Src/stm32l4xx_hal_rcc.o
 .ARM.attributes
                0x000000000000041b       0x34 ./Drivers/STM32L4xx_HAL_Driver/Src/stm32l4xx_hal_rcc_ex.o
 .ARM.attributes
                0x000000000000044f       0x34 ./Drivers/STM32L4xx_HAL_Driver/Src/stm32l4xx_hal_tim.o
 .ARM.attributes
                0x0000000000000483       0x34 ./Drivers/STM32L4xx_HAL_Driver/Src/stm32l4xx_hal_tim_ex.o
 .ARM.attributes
                0x00000000000004b7       0x34 ./Drivers/STM32L4xx_HAL_Driver/Src/stm32l4xx_ll_usb.o
 .ARM.attributes
                0x00000000000004eb       0x34 /Applications/STM32CubeIDE.app/Contents/Eclipse/plugins/com.st.stm32cube.ide.mcu.externaltools.gnu-tools-for-stm32.9-2020-q2-update.macos64_2.0.0.202105311346/tools/bin/../lib/gcc/arm-none-eabi/9.3.1/../../../../arm-none-eabi/lib/thumb/v7e-m+fp/hard/libc_nano.a(lib_a-init.o)
 .ARM.attributes
                0x000000000000051f       0x34 /Applications/STM32CubeIDE.app/Contents/Eclipse/plugins/com.st.stm32cube.ide.mcu.externaltools.gnu-tools-for-stm32.9-2020-q2-update.macos64_2.0.0.202105311346/tools/bin/../lib/gcc/arm-none-eabi/9.3.1/../../../../arm-none-eabi/lib/thumb/v7e-m+fp/hard/libc_nano.a(lib_a-memset.o)
 .ARM.attributes
                0x0000000000000553       0x1e /Applications/STM32CubeIDE.app/Contents/Eclipse/plugins/com.st.stm32cube.ide.mcu.externaltools.gnu-tools-for-stm32.9-2020-q2-update.macos64_2.0.0.202105311346/tools/bin/../lib/gcc/arm-none-eabi/9.3.1/thumb/v7e-m+fp/hard/crtn.o
OUTPUT(TimTime.elf elf32-littlearm)
LOAD linker stubs
LOAD /Applications/STM32CubeIDE.app/Contents/Eclipse/plugins/com.st.stm32cube.ide.mcu.externaltools.gnu-tools-for-stm32.9-2020-q2-update.macos64_2.0.0.202105311346/tools/bin/../lib/gcc/arm-none-eabi/9.3.1/../../../../arm-none-eabi/lib/thumb/v7e-m+fp/hard/libc.a
LOAD /Applications/STM32CubeIDE.app/Contents/Eclipse/plugins/com.st.stm32cube.ide.mcu.externaltools.gnu-tools-for-stm32.9-2020-q2-update.macos64_2.0.0.202105311346/tools/bin/../lib/gcc/arm-none-eabi/9.3.1/../../../../arm-none-eabi/lib/thumb/v7e-m+fp/hard/libm.a
LOAD /Applications/STM32CubeIDE.app/Contents/Eclipse/plugins/com.st.stm32cube.ide.mcu.externaltools.gnu-tools-for-stm32.9-2020-q2-update.macos64_2.0.0.202105311346/tools/bin/../lib/gcc/arm-none-eabi/9.3.1/thumb/v7e-m+fp/hard/libgcc.a

.debug_info     0x0000000000000000    0x1ca19
 .debug_info    0x0000000000000000     0x152f ./Core/Src/Menu.o
 .debug_info    0x000000000000152f     0x13b4 ./Core/Src/Timecode.o
 .debug_info    0x00000000000028e3     0x2d03 ./Core/Src/main.o
 .debug_info    0x00000000000055e6     0x21c4 ./Core/Src/stm32l4xx_hal_msp.o
 .debug_info    0x00000000000077aa     0x150f ./Core/Src/stm32l4xx_it.o
 .debug_info    0x0000000000008cb9      0x7a2 ./Core/Src/system_stm32l4xx.o
 .debug_info    0x000000000000945b       0x22 ./Core/Startup/startup_stm32l433cctx.o
 .debug_info    0x000000000000947d      0xc6d ./Drivers/STM32L4xx_HAL_Driver/Src/stm32l4xx_hal.o
 .debug_info    0x000000000000a0ea     0x1eab ./Drivers/STM32L4xx_HAL_Driver/Src/stm32l4xx_hal_adc.o
 .debug_info    0x000000000000bf95      0xfd4 ./Drivers/STM32L4xx_HAL_Driver/Src/stm32l4xx_hal_cortex.o
 .debug_info    0x000000000000cf69      0xc85 ./Drivers/STM32L4xx_HAL_Driver/Src/stm32l4xx_hal_dac.o
 .debug_info    0x000000000000dbee      0xb76 ./Drivers/STM32L4xx_HAL_Driver/Src/stm32l4xx_hal_dac_ex.o
 .debug_info    0x000000000000e764      0xa5f ./Drivers/STM32L4xx_HAL_Driver/Src/stm32l4xx_hal_gpio.o
 .debug_info    0x000000000000f1c3     0x22fd ./Drivers/STM32L4xx_HAL_Driver/Src/stm32l4xx_hal_i2c.o
 .debug_info    0x00000000000114c0      0xc37 ./Drivers/STM32L4xx_HAL_Driver/Src/stm32l4xx_hal_i2c_ex.o
 .debug_info    0x00000000000120f7     0x140a ./Drivers/STM32L4xx_HAL_Driver/Src/stm32l4xx_hal_pcd.o
 .debug_info    0x0000000000013501      0xa8d ./Drivers/STM32L4xx_HAL_Driver/Src/stm32l4xx_hal_pcd_ex.o
 .debug_info    0x0000000000013f8e      0xb7b ./Drivers/STM32L4xx_HAL_Driver/Src/stm32l4xx_hal_pwr_ex.o
 .debug_info    0x0000000000014b09      0xdb5 ./Drivers/STM32L4xx_HAL_Driver/Src/stm32l4xx_hal_rcc.o
 .debug_info    0x00000000000158be     0x112f ./Drivers/STM32L4xx_HAL_Driver/Src/stm32l4xx_hal_rcc_ex.o
 .debug_info    0x00000000000169ed     0x2cd9 ./Drivers/STM32L4xx_HAL_Driver/Src/stm32l4xx_hal_tim.o
 .debug_info    0x00000000000196c6     0x17d3 ./Drivers/STM32L4xx_HAL_Driver/Src/stm32l4xx_hal_tim_ex.o
 .debug_info    0x000000000001ae99     0x1b80 ./Drivers/STM32L4xx_HAL_Driver/Src/stm32l4xx_ll_usb.o

.debug_abbrev   0x0000000000000000     0x31f4
 .debug_abbrev  0x0000000000000000      0x264 ./Core/Src/Menu.o
 .debug_abbrev  0x0000000000000264      0x25e ./Core/Src/Timecode.o
 .debug_abbrev  0x00000000000004c2      0x34a ./Core/Src/main.o
 .debug_abbrev  0x000000000000080c      0x260 ./Core/Src/stm32l4xx_hal_msp.o
 .debug_abbrev  0x0000000000000a6c      0x1a5 ./Core/Src/stm32l4xx_it.o
 .debug_abbrev  0x0000000000000c11      0x16e ./Core/Src/system_stm32l4xx.o
 .debug_abbrev  0x0000000000000d7f       0x12 ./Core/Startup/startup_stm32l433cctx.o
 .debug_abbrev  0x0000000000000d91      0x227 ./Drivers/STM32L4xx_HAL_Driver/Src/stm32l4xx_hal.o
 .debug_abbrev  0x0000000000000fb8      0x288 ./Drivers/STM32L4xx_HAL_Driver/Src/stm32l4xx_hal_adc.o
 .debug_abbrev  0x0000000000001240      0x33c ./Drivers/STM32L4xx_HAL_Driver/Src/stm32l4xx_hal_cortex.o
 .debug_abbrev  0x000000000000157c      0x1f2 ./Drivers/STM32L4xx_HAL_Driver/Src/stm32l4xx_hal_dac.o
 .debug_abbrev  0x000000000000176e      0x25f ./Drivers/STM32L4xx_HAL_Driver/Src/stm32l4xx_hal_dac_ex.o
 .debug_abbrev  0x00000000000019cd      0x1e8 ./Drivers/STM32L4xx_HAL_Driver/Src/stm32l4xx_hal_gpio.o
 .debug_abbrev  0x0000000000001bb5      0x256 ./Drivers/STM32L4xx_HAL_Driver/Src/stm32l4xx_hal_i2c.o
 .debug_abbrev  0x0000000000001e0b      0x1dd ./Drivers/STM32L4xx_HAL_Driver/Src/stm32l4xx_hal_i2c_ex.o
 .debug_abbrev  0x0000000000001fe8      0x29e ./Drivers/STM32L4xx_HAL_Driver/Src/stm32l4xx_hal_pcd.o
 .debug_abbrev  0x0000000000002286      0x1d9 ./Drivers/STM32L4xx_HAL_Driver/Src/stm32l4xx_hal_pcd_ex.o
 .debug_abbrev  0x000000000000245f      0x1f3 ./Drivers/STM32L4xx_HAL_Driver/Src/stm32l4xx_hal_pwr_ex.o
 .debug_abbrev  0x0000000000002652      0x275 ./Drivers/STM32L4xx_HAL_Driver/Src/stm32l4xx_hal_rcc.o
 .debug_abbrev  0x00000000000028c7      0x268 ./Drivers/STM32L4xx_HAL_Driver/Src/stm32l4xx_hal_rcc_ex.o
 .debug_abbrev  0x0000000000002b2f      0x25e ./Drivers/STM32L4xx_HAL_Driver/Src/stm32l4xx_hal_tim.o
 .debug_abbrev  0x0000000000002d8d      0x266 ./Drivers/STM32L4xx_HAL_Driver/Src/stm32l4xx_hal_tim_ex.o
 .debug_abbrev  0x0000000000002ff3      0x201 ./Drivers/STM32L4xx_HAL_Driver/Src/stm32l4xx_ll_usb.o

.debug_aranges  0x0000000000000000     0x15f8
 .debug_aranges
                0x0000000000000000       0x50 ./Core/Src/Menu.o
 .debug_aranges
                0x0000000000000050       0x48 ./Core/Src/Timecode.o
 .debug_aranges
                0x0000000000000098       0xb0 ./Core/Src/main.o
 .debug_aranges
                0x0000000000000148       0x80 ./Core/Src/stm32l4xx_hal_msp.o
 .debug_aranges
                0x00000000000001c8       0x80 ./Core/Src/stm32l4xx_it.o
 .debug_aranges
                0x0000000000000248       0x28 ./Core/Src/system_stm32l4xx.o
 .debug_aranges
                0x0000000000000270       0x28 ./Core/Startup/startup_stm32l433cctx.o
 .debug_aranges
                0x0000000000000298      0x130 ./Drivers/STM32L4xx_HAL_Driver/Src/stm32l4xx_hal.o
 .debug_aranges
                0x00000000000003c8      0x210 ./Drivers/STM32L4xx_HAL_Driver/Src/stm32l4xx_hal_adc.o
 .debug_aranges
                0x00000000000005d8      0x118 ./Drivers/STM32L4xx_HAL_Driver/Src/stm32l4xx_hal_cortex.o
 .debug_aranges
                0x00000000000006f0       0xc0 ./Drivers/STM32L4xx_HAL_Driver/Src/stm32l4xx_hal_dac.o
 .debug_aranges
                0x00000000000007b0       0x88 ./Drivers/STM32L4xx_HAL_Driver/Src/stm32l4xx_hal_dac_ex.o
 .debug_aranges
                0x0000000000000838       0x58 ./Drivers/STM32L4xx_HAL_Driver/Src/stm32l4xx_hal_gpio.o
 .debug_aranges
                0x0000000000000890      0x290 ./Drivers/STM32L4xx_HAL_Driver/Src/stm32l4xx_hal_i2c.o
 .debug_aranges
                0x0000000000000b20       0x48 ./Drivers/STM32L4xx_HAL_Driver/Src/stm32l4xx_hal_i2c_ex.o
 .debug_aranges
                0x0000000000000b68      0x130 ./Drivers/STM32L4xx_HAL_Driver/Src/stm32l4xx_hal_pcd.o
 .debug_aranges
                0x0000000000000c98       0x58 ./Drivers/STM32L4xx_HAL_Driver/Src/stm32l4xx_hal_pcd_ex.o
 .debug_aranges
                0x0000000000000cf0      0x128 ./Drivers/STM32L4xx_HAL_Driver/Src/stm32l4xx_hal_pwr_ex.o
 .debug_aranges
                0x0000000000000e18       0x88 ./Drivers/STM32L4xx_HAL_Driver/Src/stm32l4xx_hal_rcc.o
 .debug_aranges
                0x0000000000000ea0       0xf0 ./Drivers/STM32L4xx_HAL_Driver/Src/stm32l4xx_hal_rcc_ex.o
 .debug_aranges
                0x0000000000000f90      0x3e0 ./Drivers/STM32L4xx_HAL_Driver/Src/stm32l4xx_hal_tim.o
 .debug_aranges
                0x0000000000001370      0x180 ./Drivers/STM32L4xx_HAL_Driver/Src/stm32l4xx_hal_tim_ex.o
 .debug_aranges
                0x00000000000014f0      0x108 ./Drivers/STM32L4xx_HAL_Driver/Src/stm32l4xx_ll_usb.o

.debug_ranges   0x0000000000000000     0x1490
 .debug_ranges  0x0000000000000000       0x40 ./Core/Src/Menu.o
 .debug_ranges  0x0000000000000040       0x38 ./Core/Src/Timecode.o
 .debug_ranges  0x0000000000000078       0xa0 ./Core/Src/main.o
 .debug_ranges  0x0000000000000118       0x70 ./Core/Src/stm32l4xx_hal_msp.o
 .debug_ranges  0x0000000000000188       0x70 ./Core/Src/stm32l4xx_it.o
 .debug_ranges  0x00000000000001f8       0x18 ./Core/Src/system_stm32l4xx.o
 .debug_ranges  0x0000000000000210       0x20 ./Core/Startup/startup_stm32l433cctx.o
 .debug_ranges  0x0000000000000230      0x120 ./Drivers/STM32L4xx_HAL_Driver/Src/stm32l4xx_hal.o
 .debug_ranges  0x0000000000000350      0x200 ./Drivers/STM32L4xx_HAL_Driver/Src/stm32l4xx_hal_adc.o
 .debug_ranges  0x0000000000000550      0x108 ./Drivers/STM32L4xx_HAL_Driver/Src/stm32l4xx_hal_cortex.o
 .debug_ranges  0x0000000000000658       0xb0 ./Drivers/STM32L4xx_HAL_Driver/Src/stm32l4xx_hal_dac.o
 .debug_ranges  0x0000000000000708       0x78 ./Drivers/STM32L4xx_HAL_Driver/Src/stm32l4xx_hal_dac_ex.o
 .debug_ranges  0x0000000000000780       0x48 ./Drivers/STM32L4xx_HAL_Driver/Src/stm32l4xx_hal_gpio.o
 .debug_ranges  0x00000000000007c8      0x280 ./Drivers/STM32L4xx_HAL_Driver/Src/stm32l4xx_hal_i2c.o
 .debug_ranges  0x0000000000000a48       0x38 ./Drivers/STM32L4xx_HAL_Driver/Src/stm32l4xx_hal_i2c_ex.o
 .debug_ranges  0x0000000000000a80      0x120 ./Drivers/STM32L4xx_HAL_Driver/Src/stm32l4xx_hal_pcd.o
 .debug_ranges  0x0000000000000ba0       0x48 ./Drivers/STM32L4xx_HAL_Driver/Src/stm32l4xx_hal_pcd_ex.o
 .debug_ranges  0x0000000000000be8      0x118 ./Drivers/STM32L4xx_HAL_Driver/Src/stm32l4xx_hal_pwr_ex.o
 .debug_ranges  0x0000000000000d00       0x78 ./Drivers/STM32L4xx_HAL_Driver/Src/stm32l4xx_hal_rcc.o
 .debug_ranges  0x0000000000000d78       0xe0 ./Drivers/STM32L4xx_HAL_Driver/Src/stm32l4xx_hal_rcc_ex.o
 .debug_ranges  0x0000000000000e58      0x3d0 ./Drivers/STM32L4xx_HAL_Driver/Src/stm32l4xx_hal_tim.o
 .debug_ranges  0x0000000000001228      0x170 ./Drivers/STM32L4xx_HAL_Driver/Src/stm32l4xx_hal_tim_ex.o
 .debug_ranges  0x0000000000001398       0xf8 ./Drivers/STM32L4xx_HAL_Driver/Src/stm32l4xx_ll_usb.o

.debug_macro    0x0000000000000000     0x3307
 .debug_macro   0x0000000000000000      0x28a ./Core/Src/Menu.o
 .debug_macro   0x000000000000028a      0x282 ./Core/Src/Timecode.o
 .debug_macro   0x000000000000050c      0x290 ./Core/Src/main.o
 .debug_macro   0x000000000000079c      0x279 ./Core/Src/stm32l4xx_hal_msp.o
 .debug_macro   0x0000000000000a15       0x22 ./Core/Src/stm32l4xx_hal_msp.o
 .debug_macro   0x0000000000000a37      0x283 ./Core/Src/stm32l4xx_it.o
 .debug_macro   0x0000000000000cba      0x226 ./Core/Src/system_stm32l4xx.o
 .debug_macro   0x0000000000000ee0      0x26e ./Drivers/STM32L4xx_HAL_Driver/Src/stm32l4xx_hal.o
 .debug_macro   0x000000000000114e      0x23d ./Drivers/STM32L4xx_HAL_Driver/Src/stm32l4xx_hal_adc.o
 .debug_macro   0x000000000000138b      0x220 ./Drivers/STM32L4xx_HAL_Driver/Src/stm32l4xx_hal_cortex.o
 .debug_macro   0x00000000000015ab      0x22f ./Drivers/STM32L4xx_HAL_Driver/Src/stm32l4xx_hal_dac.o
 .debug_macro   0x00000000000017da      0x220 ./Drivers/STM32L4xx_HAL_Driver/Src/stm32l4xx_hal_dac_ex.o
 .debug_macro   0x00000000000019fa      0x25f ./Drivers/STM32L4xx_HAL_Driver/Src/stm32l4xx_hal_gpio.o
 .debug_macro   0x0000000000001c59      0x2e5 ./Drivers/STM32L4xx_HAL_Driver/Src/stm32l4xx_hal_i2c.o
 .debug_macro   0x0000000000001f3e      0x220 ./Drivers/STM32L4xx_HAL_Driver/Src/stm32l4xx_hal_i2c_ex.o
 .debug_macro   0x000000000000215e      0x22c ./Drivers/STM32L4xx_HAL_Driver/Src/stm32l4xx_hal_pcd.o
 .debug_macro   0x000000000000238a      0x220 ./Drivers/STM32L4xx_HAL_Driver/Src/stm32l4xx_hal_pcd_ex.o
 .debug_macro   0x00000000000025aa      0x244 ./Drivers/STM32L4xx_HAL_Driver/Src/stm32l4xx_hal_pwr_ex.o
 .debug_macro   0x00000000000027ee      0x262 ./Drivers/STM32L4xx_HAL_Driver/Src/stm32l4xx_hal_rcc.o
 .debug_macro   0x0000000000002a50      0x256 ./Drivers/STM32L4xx_HAL_Driver/Src/stm32l4xx_hal_rcc_ex.o
 .debug_macro   0x0000000000002ca6      0x221 ./Drivers/STM32L4xx_HAL_Driver/Src/stm32l4xx_hal_tim.o
 .debug_macro   0x0000000000002ec7      0x220 ./Drivers/STM32L4xx_HAL_Driver/Src/stm32l4xx_hal_tim_ex.o
 .debug_macro   0x00000000000030e7      0x220 ./Drivers/STM32L4xx_HAL_Driver/Src/stm32l4xx_ll_usb.o

.debug_line     0x0000000000000000    0x190ab
 .debug_line    0x0000000000000000      0xbf9 ./Core/Src/Menu.o
 .debug_line    0x0000000000000bf9      0x9d4 ./Core/Src/Timecode.o
 .debug_line    0x00000000000015cd     0x11f2 ./Core/Src/main.o
 .debug_line    0x00000000000027bf      0xa28 ./Core/Src/stm32l4xx_hal_msp.o
 .debug_line    0x00000000000031e7      0x92f ./Core/Src/stm32l4xx_it.o
 .debug_line    0x0000000000003b16      0x87d ./Core/Src/system_stm32l4xx.o
 .debug_line    0x0000000000004393       0x87 ./Core/Startup/startup_stm32l433cctx.o
 .debug_line    0x000000000000441a      0xba4 ./Drivers/STM32L4xx_HAL_Driver/Src/stm32l4xx_hal.o
 .debug_line    0x0000000000004fbe     0x1c51 ./Drivers/STM32L4xx_HAL_Driver/Src/stm32l4xx_hal_adc.o
 .debug_line    0x0000000000006c0f      0xd4b ./Drivers/STM32L4xx_HAL_Driver/Src/stm32l4xx_hal_cortex.o
 .debug_line    0x000000000000795a      0xc7d ./Drivers/STM32L4xx_HAL_Driver/Src/stm32l4xx_hal_dac.o
 .debug_line    0x00000000000085d7      0xaaa ./Drivers/STM32L4xx_HAL_Driver/Src/stm32l4xx_hal_dac_ex.o
 .debug_line    0x0000000000009081      0xbc8 ./Drivers/STM32L4xx_HAL_Driver/Src/stm32l4xx_hal_gpio.o
 .debug_line    0x0000000000009c49     0x3375 ./Drivers/STM32L4xx_HAL_Driver/Src/stm32l4xx_hal_i2c.o
 .debug_line    0x000000000000cfbe      0x9d2 ./Drivers/STM32L4xx_HAL_Driver/Src/stm32l4xx_hal_i2c_ex.o
 .debug_line    0x000000000000d990     0x1377 ./Drivers/STM32L4xx_HAL_Driver/Src/stm32l4xx_hal_pcd.o
 .debug_line    0x000000000000ed07      0x929 ./Drivers/STM32L4xx_HAL_Driver/Src/stm32l4xx_hal_pcd_ex.o
 .debug_line    0x000000000000f630      0xcab ./Drivers/STM32L4xx_HAL_Driver/Src/stm32l4xx_hal_pwr_ex.o
 .debug_line    0x00000000000102db     0x102a ./Drivers/STM32L4xx_HAL_Driver/Src/stm32l4xx_hal_rcc.o
 .debug_line    0x0000000000011305     0x1420 ./Drivers/STM32L4xx_HAL_Driver/Src/stm32l4xx_hal_rcc_ex.o
 .debug_line    0x0000000000012725     0x3b0b ./Drivers/STM32L4xx_HAL_Driver/Src/stm32l4xx_hal_tim.o
 .debug_line    0x0000000000016230     0x1d7c ./Drivers/STM32L4xx_HAL_Driver/Src/stm32l4xx_hal_tim_ex.o
 .debug_line    0x0000000000017fac     0x10ff ./Drivers/STM32L4xx_HAL_Driver/Src/stm32l4xx_ll_usb.o

.debug_str      0x0000000000000000    0xe51c7
 .debug_str     0x0000000000000000    0xdea7b ./Core/Src/Menu.o
                                      0xdf2ee (size before relaxing)
 .debug_str     0x00000000000dea7b       0x94 ./Core/Src/Timecode.o
                                      0xdf1f8 (size before relaxing)
 .debug_str     0x00000000000deb0f      0xe3e ./Core/Src/main.o
                                      0xe0284 (size before relaxing)
 .debug_str     0x00000000000df94d      0x6b4 ./Core/Src/stm32l4xx_hal_msp.o
                                      0xdf561 (size before relaxing)
 .debug_str     0x00000000000e0001       0xf6 ./Core/Src/stm32l4xx_it.o
                                      0xdecfd (size before relaxing)
 .debug_str     0x00000000000e00f7       0xcd ./Core/Src/system_stm32l4xx.o
                                      0xddc9c (size before relaxing)
 .debug_str     0x00000000000e01c4       0x36 ./Core/Startup/startup_stm32l433cctx.o
                                         0x6d (size before relaxing)
 .debug_str     0x00000000000e01fa      0x59a ./Drivers/STM32L4xx_HAL_Driver/Src/stm32l4xx_hal.o
                                      0xde6af (size before relaxing)
 .debug_str     0x00000000000e0794      0x98d ./Drivers/STM32L4xx_HAL_Driver/Src/stm32l4xx_hal_adc.o
                                      0xde991 (size before relaxing)
 .debug_str     0x00000000000e1121      0x380 ./Drivers/STM32L4xx_HAL_Driver/Src/stm32l4xx_hal_cortex.o
                                      0xde41c (size before relaxing)
 .debug_str     0x00000000000e14a1      0x1ff ./Drivers/STM32L4xx_HAL_Driver/Src/stm32l4xx_hal_dac.o
                                      0xde0cf (size before relaxing)
 .debug_str     0x00000000000e16a0      0x1e8 ./Drivers/STM32L4xx_HAL_Driver/Src/stm32l4xx_hal_dac_ex.o
                                      0xde084 (size before relaxing)
 .debug_str     0x00000000000e1888      0x22d ./Drivers/STM32L4xx_HAL_Driver/Src/stm32l4xx_hal_gpio.o
                                      0xddf16 (size before relaxing)
 .debug_str     0x00000000000e1ab5      0xd28 ./Drivers/STM32L4xx_HAL_Driver/Src/stm32l4xx_hal_i2c.o
                                      0xdedaa (size before relaxing)
 .debug_str     0x00000000000e27dd       0xb8 ./Drivers/STM32L4xx_HAL_Driver/Src/stm32l4xx_hal_i2c_ex.o
                                      0xde1a5 (size before relaxing)
 .debug_str     0x00000000000e2895      0x3c1 ./Drivers/STM32L4xx_HAL_Driver/Src/stm32l4xx_hal_pcd.o
                                      0xde259 (size before relaxing)
 .debug_str     0x00000000000e2c56      0x1c6 ./Drivers/STM32L4xx_HAL_Driver/Src/stm32l4xx_hal_pcd_ex.o
                                      0xde021 (size before relaxing)
 .debug_str     0x00000000000e2e1c      0x44a ./Drivers/STM32L4xx_HAL_Driver/Src/stm32l4xx_hal_pwr_ex.o
                                      0xde13f (size before relaxing)
 .debug_str     0x00000000000e3266      0x38a ./Drivers/STM32L4xx_HAL_Driver/Src/stm32l4xx_hal_rcc.o
                                      0xde218 (size before relaxing)
 .debug_str     0x00000000000e35f0      0x515 ./Drivers/STM32L4xx_HAL_Driver/Src/stm32l4xx_hal_rcc_ex.o
                                      0xde4cd (size before relaxing)
 .debug_str     0x00000000000e3b05      0xdc6 ./Drivers/STM32L4xx_HAL_Driver/Src/stm32l4xx_hal_tim.o
                                      0xdef21 (size before relaxing)
 .debug_str     0x00000000000e48cb      0x61c ./Drivers/STM32L4xx_HAL_Driver/Src/stm32l4xx_hal_tim_ex.o
                                      0xde815 (size before relaxing)
 .debug_str     0x00000000000e4ee7      0x2e0 ./Drivers/STM32L4xx_HAL_Driver/Src/stm32l4xx_ll_usb.o
                                      0xde045 (size before relaxing)

.comment        0x0000000000000000       0x53
 .comment       0x0000000000000000       0x53 ./Core/Src/Menu.o
                                         0x54 (size before relaxing)
 .comment       0x0000000000000053       0x54 ./Core/Src/Timecode.o
 .comment       0x0000000000000053       0x54 ./Core/Src/main.o
 .comment       0x0000000000000053       0x54 ./Core/Src/stm32l4xx_hal_msp.o
 .comment       0x0000000000000053       0x54 ./Core/Src/stm32l4xx_it.o
 .comment       0x0000000000000053       0x54 ./Core/Src/system_stm32l4xx.o
 .comment       0x0000000000000053       0x54 ./Drivers/STM32L4xx_HAL_Driver/Src/stm32l4xx_hal.o
 .comment       0x0000000000000053       0x54 ./Drivers/STM32L4xx_HAL_Driver/Src/stm32l4xx_hal_adc.o
 .comment       0x0000000000000053       0x54 ./Drivers/STM32L4xx_HAL_Driver/Src/stm32l4xx_hal_cortex.o
 .comment       0x0000000000000053       0x54 ./Drivers/STM32L4xx_HAL_Driver/Src/stm32l4xx_hal_dac.o
 .comment       0x0000000000000053       0x54 ./Drivers/STM32L4xx_HAL_Driver/Src/stm32l4xx_hal_dac_ex.o
 .comment       0x0000000000000053       0x54 ./Drivers/STM32L4xx_HAL_Driver/Src/stm32l4xx_hal_gpio.o
 .comment       0x0000000000000053       0x54 ./Drivers/STM32L4xx_HAL_Driver/Src/stm32l4xx_hal_i2c.o
 .comment       0x0000000000000053       0x54 ./Drivers/STM32L4xx_HAL_Driver/Src/stm32l4xx_hal_i2c_ex.o
 .comment       0x0000000000000053       0x54 ./Drivers/STM32L4xx_HAL_Driver/Src/stm32l4xx_hal_pcd.o
 .comment       0x0000000000000053       0x54 ./Drivers/STM32L4xx_HAL_Driver/Src/stm32l4xx_hal_pcd_ex.o
 .comment       0x0000000000000053       0x54 ./Drivers/STM32L4xx_HAL_Driver/Src/stm32l4xx_hal_pwr_ex.o
 .comment       0x0000000000000053       0x54 ./Drivers/STM32L4xx_HAL_Driver/Src/stm32l4xx_hal_rcc.o
 .comment       0x0000000000000053       0x54 ./Drivers/STM32L4xx_HAL_Driver/Src/stm32l4xx_hal_rcc_ex.o
 .comment       0x0000000000000053       0x54 ./Drivers/STM32L4xx_HAL_Driver/Src/stm32l4xx_hal_tim.o
 .comment       0x0000000000000053       0x54 ./Drivers/STM32L4xx_HAL_Driver/Src/stm32l4xx_hal_tim_ex.o
 .comment       0x0000000000000053       0x54 ./Drivers/STM32L4xx_HAL_Driver/Src/stm32l4xx_ll_usb.o

.debug_frame    0x0000000000000000     0x5da4
 .debug_frame   0x0000000000000000      0x108 ./Core/Src/Menu.o
 .debug_frame   0x0000000000000108       0xe0 ./Core/Src/Timecode.o
 .debug_frame   0x00000000000001e8      0x2a0 ./Core/Src/main.o
 .debug_frame   0x0000000000000488      0x1ec ./Core/Src/stm32l4xx_hal_msp.o
 .debug_frame   0x0000000000000674      0x174 ./Core/Src/stm32l4xx_it.o
 .debug_frame   0x00000000000007e8       0x58 ./Core/Src/system_stm32l4xx.o
 .debug_frame   0x0000000000000840      0x498 ./Drivers/STM32L4xx_HAL_Driver/Src/stm32l4xx_hal.o
 .debug_frame   0x0000000000000cd8      0x9b0 ./Drivers/STM32L4xx_HAL_Driver/Src/stm32l4xx_hal_adc.o
 .debug_frame   0x0000000000001688      0x498 ./Drivers/STM32L4xx_HAL_Driver/Src/stm32l4xx_hal_cortex.o
 .debug_frame   0x0000000000001b20      0x338 ./Drivers/STM32L4xx_HAL_Driver/Src/stm32l4xx_hal_dac.o
 .debug_frame   0x0000000000001e58      0x234 ./Drivers/STM32L4xx_HAL_Driver/Src/stm32l4xx_hal_dac_ex.o
 .debug_frame   0x000000000000208c      0x14c ./Drivers/STM32L4xx_HAL_Driver/Src/stm32l4xx_hal_gpio.o
 .debug_frame   0x00000000000021d8      0xbe8 ./Drivers/STM32L4xx_HAL_Driver/Src/stm32l4xx_hal_i2c.o
 .debug_frame   0x0000000000002dc0      0x100 ./Drivers/STM32L4xx_HAL_Driver/Src/stm32l4xx_hal_i2c_ex.o
 .debug_frame   0x0000000000002ec0      0x550 ./Drivers/STM32L4xx_HAL_Driver/Src/stm32l4xx_hal_pcd.o
 .debug_frame   0x0000000000003410      0x14c ./Drivers/STM32L4xx_HAL_Driver/Src/stm32l4xx_hal_pcd_ex.o
 .debug_frame   0x000000000000355c      0x4a4 ./Drivers/STM32L4xx_HAL_Driver/Src/stm32l4xx_hal_pwr_ex.o
 .debug_frame   0x0000000000003a00      0x1f4 ./Drivers/STM32L4xx_HAL_Driver/Src/stm32l4xx_hal_rcc.o
 .debug_frame   0x0000000000003bf4      0x3d0 ./Drivers/STM32L4xx_HAL_Driver/Src/stm32l4xx_hal_rcc_ex.o
 .debug_frame   0x0000000000003fc4     0x121c ./Drivers/STM32L4xx_HAL_Driver/Src/stm32l4xx_hal_tim.o
 .debug_frame   0x00000000000051e0      0x6b0 ./Drivers/STM32L4xx_HAL_Driver/Src/stm32l4xx_hal_tim_ex.o
 .debug_frame   0x0000000000005890      0x4c8 ./Drivers/STM32L4xx_HAL_Driver/Src/stm32l4xx_ll_usb.o
 .debug_frame   0x0000000000005d58       0x2c /Applications/STM32CubeIDE.app/Contents/Eclipse/plugins/com.st.stm32cube.ide.mcu.externaltools.gnu-tools-for-stm32.9-2020-q2-update.macos64_2.0.0.202105311346/tools/bin/../lib/gcc/arm-none-eabi/9.3.1/../../../../arm-none-eabi/lib/thumb/v7e-m+fp/hard/libc_nano.a(lib_a-init.o)
 .debug_frame   0x0000000000005d84       0x20 /Applications/STM32CubeIDE.app/Contents/Eclipse/plugins/com.st.stm32cube.ide.mcu.externaltools.gnu-tools-for-stm32.9-2020-q2-update.macos64_2.0.0.202105311346/tools/bin/../lib/gcc/arm-none-eabi/9.3.1/../../../../arm-none-eabi/lib/thumb/v7e-m+fp/hard/libc_nano.a(lib_a-memset.o)
