Archive member included to satisfy reference by file (symbol)

/Applications/STM32CubeIDE.app/Contents/Eclipse/plugins/com.st.stm32cube.ide.mcu.externaltools.gnu-tools-for-stm32.7-2018-q2-update.macos64_1.5.0.202011040924/tools/bin/../lib/gcc/arm-none-eabi/7.3.1/../../../../arm-none-eabi/lib/thumb/v7e-m/fpv4-sp/hard/libc_nano.a(lib_a-errno.o)
                              Core/Src/syscalls.o (__errno)
/Applications/STM32CubeIDE.app/Contents/Eclipse/plugins/com.st.stm32cube.ide.mcu.externaltools.gnu-tools-for-stm32.7-2018-q2-update.macos64_1.5.0.202011040924/tools/bin/../lib/gcc/arm-none-eabi/7.3.1/../../../../arm-none-eabi/lib/thumb/v7e-m/fpv4-sp/hard/libc_nano.a(lib_a-exit.o)
                              /Applications/STM32CubeIDE.app/Contents/Eclipse/plugins/com.st.stm32cube.ide.mcu.externaltools.gnu-tools-for-stm32.7-2018-q2-update.macos64_1.5.0.202011040924/tools/bin/../lib/gcc/arm-none-eabi/7.3.1/../../../../arm-none-eabi/lib/thumb/v7e-m/fpv4-sp/hard/crt0.o (exit)
/Applications/STM32CubeIDE.app/Contents/Eclipse/plugins/com.st.stm32cube.ide.mcu.externaltools.gnu-tools-for-stm32.7-2018-q2-update.macos64_1.5.0.202011040924/tools/bin/../lib/gcc/arm-none-eabi/7.3.1/../../../../arm-none-eabi/lib/thumb/v7e-m/fpv4-sp/hard/libc_nano.a(lib_a-impure.o)
                              /Applications/STM32CubeIDE.app/Contents/Eclipse/plugins/com.st.stm32cube.ide.mcu.externaltools.gnu-tools-for-stm32.7-2018-q2-update.macos64_1.5.0.202011040924/tools/bin/../lib/gcc/arm-none-eabi/7.3.1/../../../../arm-none-eabi/lib/thumb/v7e-m/fpv4-sp/hard/libc_nano.a(lib_a-exit.o) (_global_impure_ptr)
/Applications/STM32CubeIDE.app/Contents/Eclipse/plugins/com.st.stm32cube.ide.mcu.externaltools.gnu-tools-for-stm32.7-2018-q2-update.macos64_1.5.0.202011040924/tools/bin/../lib/gcc/arm-none-eabi/7.3.1/../../../../arm-none-eabi/lib/thumb/v7e-m/fpv4-sp/hard/libc_nano.a(lib_a-init.o)
                              /Applications/STM32CubeIDE.app/Contents/Eclipse/plugins/com.st.stm32cube.ide.mcu.externaltools.gnu-tools-for-stm32.7-2018-q2-update.macos64_1.5.0.202011040924/tools/bin/../lib/gcc/arm-none-eabi/7.3.1/../../../../arm-none-eabi/lib/thumb/v7e-m/fpv4-sp/hard/crt0.o (__libc_init_array)
/Applications/STM32CubeIDE.app/Contents/Eclipse/plugins/com.st.stm32cube.ide.mcu.externaltools.gnu-tools-for-stm32.7-2018-q2-update.macos64_1.5.0.202011040924/tools/bin/../lib/gcc/arm-none-eabi/7.3.1/../../../../arm-none-eabi/lib/thumb/v7e-m/fpv4-sp/hard/libc_nano.a(lib_a-memset.o)
                              /Applications/STM32CubeIDE.app/Contents/Eclipse/plugins/com.st.stm32cube.ide.mcu.externaltools.gnu-tools-for-stm32.7-2018-q2-update.macos64_1.5.0.202011040924/tools/bin/../lib/gcc/arm-none-eabi/7.3.1/../../../../arm-none-eabi/lib/thumb/v7e-m/fpv4-sp/hard/crt0.o (memset)
/Applications/STM32CubeIDE.app/Contents/Eclipse/plugins/com.st.stm32cube.ide.mcu.externaltools.gnu-tools-for-stm32.7-2018-q2-update.macos64_1.5.0.202011040924/tools/bin/../lib/gcc/arm-none-eabi/7.3.1/thumb/v7e-m/fpv4-sp/hard/libgcc.a(_arm_addsubdf3.o)
                              Core/Src/main.o (__aeabi_dsub)
/Applications/STM32CubeIDE.app/Contents/Eclipse/plugins/com.st.stm32cube.ide.mcu.externaltools.gnu-tools-for-stm32.7-2018-q2-update.macos64_1.5.0.202011040924/tools/bin/../lib/gcc/arm-none-eabi/7.3.1/thumb/v7e-m/fpv4-sp/hard/libgcc.a(_arm_muldivdf3.o)
                              Core/Inc/ssd1306.o (__aeabi_dmul)
/Applications/STM32CubeIDE.app/Contents/Eclipse/plugins/com.st.stm32cube.ide.mcu.externaltools.gnu-tools-for-stm32.7-2018-q2-update.macos64_1.5.0.202011040924/tools/bin/../lib/gcc/arm-none-eabi/7.3.1/thumb/v7e-m/fpv4-sp/hard/libgcc.a(_arm_fixdfsi.o)
                              Core/Inc/ssd1306.o (__aeabi_d2iz)
/Applications/STM32CubeIDE.app/Contents/Eclipse/plugins/com.st.stm32cube.ide.mcu.externaltools.gnu-tools-for-stm32.7-2018-q2-update.macos64_1.5.0.202011040924/tools/bin/../lib/gcc/arm-none-eabi/7.3.1/thumb/v7e-m/fpv4-sp/hard/libgcc.a(_arm_truncdfsf2.o)
                              Core/Src/main.o (__aeabi_d2f)

Allocating common symbols
Common symbol       size              file

uwTick              0x4               Drivers/STM32L4xx_HAL_Driver/Src/stm32l4xx_hal.o

Discarded input sections

 .text          0x0000000000000000        0x0 /Applications/STM32CubeIDE.app/Contents/Eclipse/plugins/com.st.stm32cube.ide.mcu.externaltools.gnu-tools-for-stm32.7-2018-q2-update.macos64_1.5.0.202011040924/tools/bin/../lib/gcc/arm-none-eabi/7.3.1/thumb/v7e-m/fpv4-sp/hard/crti.o
 .data          0x0000000000000000        0x0 /Applications/STM32CubeIDE.app/Contents/Eclipse/plugins/com.st.stm32cube.ide.mcu.externaltools.gnu-tools-for-stm32.7-2018-q2-update.macos64_1.5.0.202011040924/tools/bin/../lib/gcc/arm-none-eabi/7.3.1/thumb/v7e-m/fpv4-sp/hard/crti.o
[...]
Memory Configuration

Name             Origin             Length             Attributes
RAM              0x0000000020000000 0x0000000000010000 xrw
FLASH            0x0000000008000000 0x0000000000040000 xr
*default*        0x0000000000000000 0xffffffffffffffff

Linker script and memory map

LOAD /Applications/STM32CubeIDE.app/Contents/Eclipse/plugins/com.st.stm32cube.ide.mcu.externaltools.gnu-tools-for-stm32.7-2018-q2-update.macos64_1.5.0.202011040924/tools/bin/../lib/gcc/arm-none-eabi/7.3.1/thumb/v7e-m/fpv4-sp/hard/crti.o
LOAD /Applications/STM32CubeIDE.app/Contents/Eclipse/plugins/com.st.stm32cube.ide.mcu.externaltools.gnu-tools-for-stm32.7-2018-q2-update.macos64_1.5.0.202011040924/tools/bin/../lib/gcc/arm-none-eabi/7.3.1/thumb/v7e-m/fpv4-sp/hard/crtbegin.o
LOAD /Applications/STM32CubeIDE.app/Contents/Eclipse/plugins/com.st.stm32cube.ide.mcu.externaltools.gnu-tools-for-stm32.7-2018-q2-update.macos64_1.5.0.202011040924/tools/bin/../lib/gcc/arm-none-eabi/7.3.1/../../../../arm-none-eabi/lib/thumb/v7e-m/fpv4-sp/hard/crt0.o
LOAD Core/Inc/fonts.o
LOAD Core/Inc/ssd1306.o
LOAD Core/Src/main.o
LOAD Core/Src/stm32l4xx_hal_msp.o
LOAD Core/Src/stm32l4xx_it.o
LOAD Core/Src/syscalls.o
LOAD Core/Src/sysmem.o
LOAD Core/Src/system_stm32l4xx.o
LOAD Core/Startup/startup_stm32l433cctx.o
LOAD Drivers/STM32L4xx_HAL_Driver/Src/stm32l4xx_hal.o
LOAD Drivers/STM32L4xx_HAL_Driver/Src/stm32l4xx_hal_adc.o
LOAD Drivers/STM32L4xx_HAL_Driver/Src/stm32l4xx_hal_adc_ex.o
LOAD Drivers/STM32L4xx_HAL_Driver/Src/stm32l4xx_hal_cortex.o
LOAD Drivers/STM32L4xx_HAL_Driver/Src/stm32l4xx_hal_dac.o
LOAD Drivers/STM32L4xx_HAL_Driver/Src/stm32l4xx_hal_dac_ex.o
LOAD Drivers/STM32L4xx_HAL_Driver/Src/stm32l4xx_hal_dma.o
LOAD Drivers/STM32L4xx_HAL_Driver/Src/stm32l4xx_hal_dma_ex.o
LOAD Drivers/STM32L4xx_HAL_Driver/Src/stm32l4xx_hal_exti.o
LOAD Drivers/STM32L4xx_HAL_Driver/Src/stm32l4xx_hal_flash.o
LOAD Drivers/STM32L4xx_HAL_Driver/Src/stm32l4xx_hal_flash_ex.o
LOAD Drivers/STM32L4xx_HAL_Driver/Src/stm32l4xx_hal_flash_ramfunc.o
LOAD Drivers/STM32L4xx_HAL_Driver/Src/stm32l4xx_hal_gpio.o
LOAD Drivers/STM32L4xx_HAL_Driver/Src/stm32l4xx_hal_i2c.o
LOAD Drivers/STM32L4xx_HAL_Driver/Src/stm32l4xx_hal_i2c_ex.o
LOAD Drivers/STM32L4xx_HAL_Driver/Src/stm32l4xx_hal_pcd.o
LOAD Drivers/STM32L4xx_HAL_Driver/Src/stm32l4xx_hal_pcd_ex.o
LOAD Drivers/STM32L4xx_HAL_Driver/Src/stm32l4xx_hal_pwr.o
LOAD Drivers/STM32L4xx_HAL_Driver/Src/stm32l4xx_hal_pwr_ex.o
LOAD Drivers/STM32L4xx_HAL_Driver/Src/stm32l4xx_hal_rcc.o
LOAD Drivers/STM32L4xx_HAL_Driver/Src/stm32l4xx_hal_rcc_ex.o
LOAD Drivers/STM32L4xx_HAL_Driver/Src/stm32l4xx_hal_tim.o
LOAD Drivers/STM32L4xx_HAL_Driver/Src/stm32l4xx_hal_tim_ex.o
LOAD Drivers/STM32L4xx_HAL_Driver/Src/stm32l4xx_ll_usb.o
START GROUP
LOAD /Applications/STM32CubeIDE.app/Contents/Eclipse/plugins/com.st.stm32cube.ide.mcu.externaltools.gnu-tools-for-stm32.7-2018-q2-update.macos64_1.5.0.202011040924/tools/bin/../lib/gcc/arm-none-eabi/7.3.1/../../../../arm-none-eabi/lib/thumb/v7e-m/fpv4-sp/hard/libstdc++_nano.a
LOAD /Applications/STM32CubeIDE.app/Contents/Eclipse/plugins/com.st.stm32cube.ide.mcu.externaltools.gnu-tools-for-stm32.7-2018-q2-update.macos64_1.5.0.202011040924/tools/bin/../lib/gcc/arm-none-eabi/7.3.1/../../../../arm-none-eabi/lib/thumb/v7e-m/fpv4-sp/hard/libsupc++_nano.a
END GROUP
LOAD /Applications/STM32CubeIDE.app/Contents/Eclipse/plugins/com.st.stm32cube.ide.mcu.externaltools.gnu-tools-for-stm32.7-2018-q2-update.macos64_1.5.0.202011040924/tools/bin/../lib/gcc/arm-none-eabi/7.3.1/../../../../arm-none-eabi/lib/thumb/v7e-m/fpv4-sp/hard/libstdc++_nano.a
LOAD /Applications/STM32CubeIDE.app/Contents/Eclipse/plugins/com.st.stm32cube.ide.mcu.externaltools.gnu-tools-for-stm32.7-2018-q2-update.macos64_1.5.0.202011040924/tools/bin/../lib/gcc/arm-none-eabi/7.3.1/../../../../arm-none-eabi/lib/thumb/v7e-m/fpv4-sp/hard/libm.a
LOAD /Applications/STM32CubeIDE.app/Contents/Eclipse/plugins/com.st.stm32cube.ide.mcu.externaltools.gnu-tools-for-stm32.7-2018-q2-update.macos64_1.5.0.202011040924/tools/bin/../lib/gcc/arm-none-eabi/7.3.1/../../../../arm-none-eabi/lib/thumb/v7e-m/fpv4-sp/hard/libc_nano.a
START GROUP
LOAD /Applications/STM32CubeIDE.app/Contents/Eclipse/plugins/com.st.stm32cube.ide.mcu.externaltools.gnu-tools-for-stm32.7-2018-q2-update.macos64_1.5.0.202011040924/tools/bin/../lib/gcc/arm-none-eabi/7.3.1/thumb/v7e-m/fpv4-sp/hard/libgcc.a
LOAD /Applications/STM32CubeIDE.app/Contents/Eclipse/plugins/com.st.stm32cube.ide.mcu.externaltools.gnu-tools-for-stm32.7-2018-q2-update.macos64_1.5.0.202011040924/tools/bin/../lib/gcc/arm-none-eabi/7.3.1/../../../../arm-none-eabi/lib/thumb/v7e-m/fpv4-sp/hard/libc_nano.a
END GROUP
START GROUP
LOAD /Applications/STM32CubeIDE.app/Contents/Eclipse/plugins/com.st.stm32cube.ide.mcu.externaltools.gnu-tools-for-stm32.7-2018-q2-update.macos64_1.5.0.202011040924/tools/bin/../lib/gcc/arm-none-eabi/7.3.1/thumb/v7e-m/fpv4-sp/hard/libgcc.a
LOAD /Applications/STM32CubeIDE.app/Contents/Eclipse/plugins/com.st.stm32cube.ide.mcu.externaltools.gnu-tools-for-stm32.7-2018-q2-update.macos64_1.5.0.202011040924/tools/bin/../lib/gcc/arm-none-eabi/7.3.1/../../../../arm-none-eabi/lib/thumb/v7e-m/fpv4-sp/hard/libc_nano.a
END GROUP
LOAD /Applications/STM32CubeIDE.app/Contents/Eclipse/plugins/com.st.stm32cube.ide.mcu.externaltools.gnu-tools-for-stm32.7-2018-q2-update.macos64_1.5.0.202011040924/tools/bin/../lib/gcc/arm-none-eabi/7.3.1/thumb/v7e-m/fpv4-sp/hard/crtend.o
LOAD /Applications/STM32CubeIDE.app/Contents/Eclipse/plugins/com.st.stm32cube.ide.mcu.externaltools.gnu-tools-for-stm32.7-2018-q2-update.macos64_1.5.0.202011040924/tools/bin/../lib/gcc/arm-none-eabi/7.3.1/thumb/v7e-m/fpv4-sp/hard/crtn.o
                0x0000000020010000                _estack = (ORIGIN (RAM) + LENGTH (RAM))
                0x0000000000000200                _Min_Heap_Size = 0x200
                0x0000000000000400                _Min_Stack_Size = 0x400

.isr_vector     0x0000000008000000      0x18c
                0x0000000008000000                . = ALIGN (0x4)
 *(.isr_vector)
 .isr_vector    0x0000000008000000      0x18c Core/Startup/startup_stm32l433cctx.o
                0x0000000008000000                g_pfnVectors
                0x000000000800018c                . = ALIGN (0x4)

.text           0x0000000008000190     0x7d70
                0x0000000008000190                . = ALIGN (0x4)
 *(.text)
 .text          0x0000000008000190       0x40 /Applications/STM32CubeIDE.app/Contents/Eclipse/plugins/com.st.stm32cube.ide.mcu.externaltools.gnu-tools-for-stm32.7-2018-q2-update.macos64_1.5.0.202011040924/tools/bin/../lib/gcc/arm-none-eabi/7.3.1/thumb/v7e-m/fpv4-sp/hard/crtbegin.o
 .text          0x00000000080001d0      0x378 /Applications/STM32CubeIDE.app/Contents/Eclipse/plugins/com.st.stm32cube.ide.mcu.externaltools.gnu-tools-for-stm32.7-2018-q2-update.macos64_1.5.0.202011040924/tools/bin/../lib/gcc/arm-none-eabi/7.3.1/thumb/v7e-m/fpv4-sp/hard/libgcc.a(_arm_addsubdf3.o)
                0x00000000080001d0                __aeabi_drsub
                0x00000000080001d8                __subdf3
                0x00000000080001d8                __aeabi_dsub
                0x00000000080001dc                __aeabi_dadd
                0x00000000080001dc                __adddf3
                0x0000000008000454                __aeabi_ui2d
                0x0000000008000454                __floatunsidf
                0x0000000008000474                __floatsidf
                0x0000000008000474                __aeabi_i2d
                0x0000000008000498                __extendsfdf2
                0x0000000008000498                __aeabi_f2d
                0x00000000080004dc                __aeabi_ul2d
                0x00000000080004dc                __floatundidf
                0x00000000080004ec                __aeabi_l2d
                0x00000000080004ec                __floatdidf
 .text          0x0000000008000548      0x424 /Applications/STM32CubeIDE.app/Contents/Eclipse/plugins/com.st.stm32cube.ide.mcu.externaltools.gnu-tools-for-stm32.7-2018-q2-update.macos64_1.5.0.202011040924/tools/bin/../lib/gcc/arm-none-eabi/7.3.1/thumb/v7e-m/fpv4-sp/hard/libgcc.a(_arm_muldivdf3.o)
                0x0000000008000548                __aeabi_dmul
                0x0000000008000548                __muldf3
                0x000000000800079c                __aeabi_ddiv
                0x000000000800079c                __divdf3
 .text          0x000000000800096c       0x50 /Applications/STM32CubeIDE.app/Contents/Eclipse/plugins/com.st.stm32cube.ide.mcu.externaltools.gnu-tools-for-stm32.7-2018-q2-update.macos64_1.5.0.202011040924/tools/bin/../lib/gcc/arm-none-eabi/7.3.1/thumb/v7e-m/fpv4-sp/hard/libgcc.a(_arm_fixdfsi.o)
                0x000000000800096c                __fixdfsi
                0x000000000800096c                __aeabi_d2iz
 .text          0x00000000080009bc       0xa0 /Applications/STM32CubeIDE.app/Contents/Eclipse/plugins/com.st.stm32cube.ide.mcu.externaltools.gnu-tools-for-stm32.7-2018-q2-update.macos64_1.5.0.202011040924/tools/bin/../lib/gcc/arm-none-eabi/7.3.1/thumb/v7e-m/fpv4-sp/hard/libgcc.a(_arm_truncdfsf2.o)
                0x00000000080009bc                __aeabi_d2f
                0x00000000080009bc                __truncdfsf2
 *(.text*)
 .text.ssd1306_WriteCommand
                0x0000000008000a5c       0x2e Core/Inc/ssd1306.o
 *fill*         0x0000000008000a8a        0x2 
 .text.ssd1306_Init
                0x0000000008000a8c      0x240 Core/Inc/ssd1306.o
                0x0000000008000a8c                ssd1306_Init
 .text.ssd1306_Fill
                0x0000000008000ccc       0x44 Core/Inc/ssd1306.o
                0x0000000008000ccc                ssd1306_Fill
 .text.ssd1306_UpdateScreen
                0x0000000008000d10       0x64 Core/Inc/ssd1306.o
                0x0000000008000d10                ssd1306_UpdateScreen
 .text.ssd1306_DrawPixel
                0x0000000008000d74       0xc0 Core/Inc/ssd1306.o
                0x0000000008000d74                ssd1306_DrawPixel
 .text.ssd1306_WriteChar
                0x0000000008000e34      0x100 Core/Inc/ssd1306.o
                0x0000000008000e34                ssd1306_WriteChar
 .text.ssd1306_WriteString
                0x0000000008000f34       0x4c Core/Inc/ssd1306.o
                0x0000000008000f34                ssd1306_WriteString
 .text.ssd1306_SetCursor
                0x0000000008000f80       0x30 Core/Inc/ssd1306.o
                0x0000000008000f80                ssd1306_SetCursor
 .text.ssd1306_DrawBattery
                0x0000000008000fb0      0x288 Core/Inc/ssd1306.o
                0x0000000008000fb0                ssd1306_DrawBattery
 .text.main     0x0000000008001238      0x6bc Core/Src/main.o
                0x0000000008001238                main
 .text.SystemClock_Config
                0x00000000080018f4      0x13a Core/Src/main.o
                0x00000000080018f4                SystemClock_Config
 *fill*         0x0000000008001a2e        0x2 
 .text._ZL12MX_ADC1_Initv
                0x0000000008001a30       0xdc Core/Src/main.o
 .text._ZL12MX_DAC1_Initv
                0x0000000008001b0c       0x78 Core/Src/main.o
 .text._ZL12MX_I2C1_Initv
                0x0000000008001b84       0x9c Core/Src/main.o
 .text._ZL12MX_I2C2_Initv
                0x0000000008001c20       0xa4 Core/Src/main.o
 .text._ZL12MX_TIM2_Initv
                0x0000000008001cc4       0xc4 Core/Src/main.o
 .text._ZL12MX_TIM6_Initv
                0x0000000008001d88       0x80 Core/Src/main.o
 .text._ZL12MX_TIM7_Initv
                0x0000000008001e08       0x80 Core/Src/main.o
 .text._ZL13MX_TIM16_Initv
                0x0000000008001e88       0x58 Core/Src/main.o
 .text._ZL15MX_USB_PCD_Initv
                0x0000000008001ee0       0x5c Core/Src/main.o
 .text._ZL12MX_GPIO_Initv
                0x0000000008001f3c      0x128 Core/Src/main.o
 .text._Z9calibratev
                0x0000000008002064       0x48 Core/Src/main.o
                0x0000000008002064                calibrate()
 .text.HAL_TIM_IC_CaptureCallback
                0x00000000080020ac      0x234 Core/Src/main.o
                0x00000000080020ac                HAL_TIM_IC_CaptureCallback
 .text._Z11clearBufferPhh
                0x00000000080022e0       0x38 Core/Src/main.o
                0x00000000080022e0                clearBuffer(unsigned char*, unsigned char)
 .text._Z10shiftRightPhh
                0x0000000008002318       0x80 Core/Src/main.o
                0x0000000008002318                shiftRight(unsigned char*, unsigned char)
 .text._Z12initTimecodev
                0x0000000008002398       0xd4 Core/Src/main.o
                0x0000000008002398                initTimecode()
 .text.HAL_TIM_PeriodElapsedCallback
                0x000000000800246c      0x2e8 Core/Src/main.o
                0x000000000800246c                HAL_TIM_PeriodElapsedCallback
 .text._Z13updateDisplayh
                0x0000000008002754      0xc08 Core/Src/main.o
                0x0000000008002754                updateDisplay(unsigned char)
 .text.Error_Handler
                0x000000000800335c        0x8 Core/Src/main.o
                0x000000000800335c                Error_Handler
 .text.HAL_MspInit
                0x0000000008003364       0x50 Core/Src/stm32l4xx_hal_msp.o
                0x0000000008003364                HAL_MspInit
 .text.HAL_ADC_MspInit
                0x00000000080033b4       0x7c Core/Src/stm32l4xx_hal_msp.o
                0x00000000080033b4                HAL_ADC_MspInit
 .text.HAL_DAC_MspInit
                0x0000000008003430       0x8c Core/Src/stm32l4xx_hal_msp.o
                0x0000000008003430                HAL_DAC_MspInit
 .text.HAL_I2C_MspInit
                0x00000000080034bc       0xe8 Core/Src/stm32l4xx_hal_msp.o
                0x00000000080034bc                HAL_I2C_MspInit
 .text.HAL_TIM_IC_MspInit
                0x00000000080035a4       0x90 Core/Src/stm32l4xx_hal_msp.o
                0x00000000080035a4                HAL_TIM_IC_MspInit
 .text.HAL_TIM_Base_MspInit
                0x0000000008003634       0xbc Core/Src/stm32l4xx_hal_msp.o
                0x0000000008003634                HAL_TIM_Base_MspInit
 .text.HAL_PCD_MspInit
                0x00000000080036f0       0x40 Core/Src/stm32l4xx_hal_msp.o
                0x00000000080036f0                HAL_PCD_MspInit
 .text.NMI_Handler
                0x0000000008003730        0x6 Core/Src/stm32l4xx_it.o
                0x0000000008003730                NMI_Handler
 .text.HardFault_Handler
                0x0000000008003736        0x6 Core/Src/stm32l4xx_it.o
                0x0000000008003736                HardFault_Handler
 .text.MemManage_Handler
                0x000000000800373c        0x6 Core/Src/stm32l4xx_it.o
                0x000000000800373c                MemManage_Handler
 .text.BusFault_Handler
                0x0000000008003742        0x6 Core/Src/stm32l4xx_it.o
                0x0000000008003742                BusFault_Handler
 .text.UsageFault_Handler
                0x0000000008003748        0x6 Core/Src/stm32l4xx_it.o
                0x0000000008003748                UsageFault_Handler
 .text.SVC_Handler
                0x000000000800374e        0xe Core/Src/stm32l4xx_it.o
                0x000000000800374e                SVC_Handler
 .text.DebugMon_Handler
                0x000000000800375c        0xe Core/Src/stm32l4xx_it.o
                0x000000000800375c                DebugMon_Handler
 .text.PendSV_Handler
                0x000000000800376a        0xe Core/Src/stm32l4xx_it.o
                0x000000000800376a                PendSV_Handler
 .text.SysTick_Handler
                0x0000000008003778        0xc Core/Src/stm32l4xx_it.o
                0x0000000008003778                SysTick_Handler
 .text.TIM1_UP_TIM16_IRQHandler
                0x0000000008003784       0x14 Core/Src/stm32l4xx_it.o
                0x0000000008003784                TIM1_UP_TIM16_IRQHandler
 .text.TIM2_IRQHandler
                0x0000000008003798       0x14 Core/Src/stm32l4xx_it.o
                0x0000000008003798                TIM2_IRQHandler
 .text.TIM6_DAC_IRQHandler
                0x00000000080037ac       0x1c Core/Src/stm32l4xx_it.o
                0x00000000080037ac                TIM6_DAC_IRQHandler
 .text.TIM7_IRQHandler
                0x00000000080037c8       0x14 Core/Src/stm32l4xx_it.o
                0x00000000080037c8                TIM7_IRQHandler
 .text.SystemInit
                0x00000000080037dc       0x6c Core/Src/system_stm32l4xx.o
                0x00000000080037dc                SystemInit
 .text.Reset_Handler
                0x0000000008003848       0x50 Core/Startup/startup_stm32l433cctx.o
                0x0000000008003848                Reset_Handler
 .text.Default_Handler
                0x0000000008003898        0x2 Core/Startup/startup_stm32l433cctx.o
                0x0000000008003898                TIM1_BRK_TIM15_IRQHandler
                0x0000000008003898                EXTI2_IRQHandler
                0x0000000008003898                TIM1_CC_IRQHandler
                0x0000000008003898                TSC_IRQHandler
                0x0000000008003898                TAMP_STAMP_IRQHandler
                0x0000000008003898                EXTI3_IRQHandler
                0x0000000008003898                LPTIM2_IRQHandler
                0x0000000008003898                I2C3_ER_IRQHandler
                0x0000000008003898                EXTI0_IRQHandler
                0x0000000008003898                I2C2_EV_IRQHandler
                0x0000000008003898                CAN1_RX0_IRQHandler
                0x0000000008003898                FPU_IRQHandler
                0x0000000008003898                SPI1_IRQHandler
                0x0000000008003898                DMA2_Channel2_IRQHandler
                0x0000000008003898                DMA1_Channel4_IRQHandler
                0x0000000008003898                ADC1_IRQHandler
                0x0000000008003898                USART3_IRQHandler
                0x0000000008003898                DMA1_Channel7_IRQHandler
                0x0000000008003898                CAN1_RX1_IRQHandler
                0x0000000008003898                LCD_IRQHandler
                0x0000000008003898                DMA2_Channel1_IRQHandler
                0x0000000008003898                QUADSPI_IRQHandler
                0x0000000008003898                I2C1_EV_IRQHandler
                0x0000000008003898                DMA1_Channel6_IRQHandler
                0x0000000008003898                DMA2_Channel4_IRQHandler
                0x0000000008003898                RCC_IRQHandler
                0x0000000008003898                TIM1_TRG_COM_IRQHandler
                0x0000000008003898                DMA1_Channel1_IRQHandler
                0x0000000008003898                Default_Handler
                0x0000000008003898                DMA2_Channel7_IRQHandler
                0x0000000008003898                EXTI15_10_IRQHandler
                0x0000000008003898                SDMMC1_IRQHandler
                0x0000000008003898                I2C3_EV_IRQHandler
                0x0000000008003898                USB_IRQHandler
                0x0000000008003898                EXTI9_5_IRQHandler
                0x0000000008003898                RTC_WKUP_IRQHandler
                0x0000000008003898                PVD_PVM_IRQHandler
                0x0000000008003898                SPI2_IRQHandler
                0x0000000008003898                CAN1_TX_IRQHandler
                0x0000000008003898                DMA2_Channel5_IRQHandler
                0x0000000008003898                CRS_IRQHandler
                0x0000000008003898                DMA1_Channel5_IRQHandler
                0x0000000008003898                EXTI4_IRQHandler
                0x0000000008003898                RNG_IRQHandler
                0x0000000008003898                DMA1_Channel3_IRQHandler
                0x0000000008003898                COMP_IRQHandler
                0x0000000008003898                WWDG_IRQHandler
                0x0000000008003898                LPUART1_IRQHandler
                0x0000000008003898                DMA2_Channel6_IRQHandler
                0x0000000008003898                EXTI1_IRQHandler
                0x0000000008003898                USART2_IRQHandler
                0x0000000008003898                I2C2_ER_IRQHandler
                0x0000000008003898                DMA1_Channel2_IRQHandler
                0x0000000008003898                CAN1_SCE_IRQHandler
                0x0000000008003898                FLASH_IRQHandler
                0x0000000008003898                USART1_IRQHandler
                0x0000000008003898                SPI3_IRQHandler
                0x0000000008003898                I2C1_ER_IRQHandler
                0x0000000008003898                SWPMI1_IRQHandler
                0x0000000008003898                LPTIM1_IRQHandler
                0x0000000008003898                SAI1_IRQHandler
                0x0000000008003898                DMA2_Channel3_IRQHandler
                0x0000000008003898                RTC_Alarm_IRQHandler
 .text.HAL_Init
                0x000000000800389a       0x30 Drivers/STM32L4xx_HAL_Driver/Src/stm32l4xx_hal.o
                0x000000000800389a                HAL_Init
 *fill*         0x00000000080038ca        0x2 
 .text.HAL_InitTick
                0x00000000080038cc       0x78 Drivers/STM32L4xx_HAL_Driver/Src/stm32l4xx_hal.o
                0x00000000080038cc                HAL_InitTick
 .text.HAL_IncTick
                0x0000000008003944       0x28 Drivers/STM32L4xx_HAL_Driver/Src/stm32l4xx_hal.o
                0x0000000008003944                HAL_IncTick
 .text.HAL_GetTick
                0x000000000800396c       0x18 Drivers/STM32L4xx_HAL_Driver/Src/stm32l4xx_hal.o
                0x000000000800396c                HAL_GetTick
 .text.HAL_Delay
                0x0000000008003984       0x44 Drivers/STM32L4xx_HAL_Driver/Src/stm32l4xx_hal.o
                0x0000000008003984                HAL_Delay
 .text.LL_ADC_SetCommonClock
                0x00000000080039c8       0x26 Drivers/STM32L4xx_HAL_Driver/Src/stm32l4xx_hal_adc.o
 .text.LL_ADC_SetCommonPathInternalCh
                0x00000000080039ee       0x26 Drivers/STM32L4xx_HAL_Driver/Src/stm32l4xx_hal_adc.o
 .text.LL_ADC_GetCommonPathInternalCh
                0x0000000008003a14       0x1c Drivers/STM32L4xx_HAL_Driver/Src/stm32l4xx_hal_adc.o
 .text.LL_ADC_SetOffset
                0x0000000008003a30       0x48 Drivers/STM32L4xx_HAL_Driver/Src/stm32l4xx_hal_adc.o
 .text.LL_ADC_GetOffsetChannel
                0x0000000008003a78       0x2c Drivers/STM32L4xx_HAL_Driver/Src/stm32l4xx_hal_adc.o
 .text.LL_ADC_SetOffsetState
                0x0000000008003aa4       0x36 Drivers/STM32L4xx_HAL_Driver/Src/stm32l4xx_hal_adc.o
 .text.LL_ADC_REG_IsTriggerSourceSWStart
                0x0000000008003ada       0x26 Drivers/STM32L4xx_HAL_Driver/Src/stm32l4xx_hal_adc.o
 .text.LL_ADC_REG_SetSequencerRanks
                0x0000000008003b00       0x58 Drivers/STM32L4xx_HAL_Driver/Src/stm32l4xx_hal_adc.o
 .text.LL_ADC_SetChannelSamplingTime
                0x0000000008003b58       0x56 Drivers/STM32L4xx_HAL_Driver/Src/stm32l4xx_hal_adc.o
 *fill*         0x0000000008003bae        0x2 
 .text.LL_ADC_SetChannelSingleDiff
                0x0000000008003bb0       0x48 Drivers/STM32L4xx_HAL_Driver/Src/stm32l4xx_hal_adc.o
 .text.LL_ADC_DisableDeepPowerDown
                0x0000000008003bf8       0x24 Drivers/STM32L4xx_HAL_Driver/Src/stm32l4xx_hal_adc.o
 .text.LL_ADC_IsDeepPowerDownEnabled
                0x0000000008003c1c       0x28 Drivers/STM32L4xx_HAL_Driver/Src/stm32l4xx_hal_adc.o
 .text.LL_ADC_EnableInternalRegulator
                0x0000000008003c44       0x28 Drivers/STM32L4xx_HAL_Driver/Src/stm32l4xx_hal_adc.o
 .text.LL_ADC_IsInternalRegulatorEnabled
                0x0000000008003c6c       0x28 Drivers/STM32L4xx_HAL_Driver/Src/stm32l4xx_hal_adc.o
 .text.LL_ADC_Enable
                0x0000000008003c94       0x28 Drivers/STM32L4xx_HAL_Driver/Src/stm32l4xx_hal_adc.o
 .text.LL_ADC_IsEnabled
                0x0000000008003cbc       0x26 Drivers/STM32L4xx_HAL_Driver/Src/stm32l4xx_hal_adc.o
 .text.LL_ADC_REG_StartConversion
                0x0000000008003ce2       0x28 Drivers/STM32L4xx_HAL_Driver/Src/stm32l4xx_hal_adc.o
 .text.LL_ADC_REG_IsConversionOngoing
                0x0000000008003d0a       0x26 Drivers/STM32L4xx_HAL_Driver/Src/stm32l4xx_hal_adc.o
 .text.LL_ADC_INJ_IsConversionOngoing
                0x0000000008003d30       0x26 Drivers/STM32L4xx_HAL_Driver/Src/stm32l4xx_hal_adc.o
 *fill*         0x0000000008003d56        0x2 
 .text.HAL_ADC_Init
                0x0000000008003d58      0x28c Drivers/STM32L4xx_HAL_Driver/Src/stm32l4xx_hal_adc.o
                0x0000000008003d58                HAL_ADC_Init
 .text.HAL_ADC_Start
                0x0000000008003fe4       0xc6 Drivers/STM32L4xx_HAL_Driver/Src/stm32l4xx_hal_adc.o
                0x0000000008003fe4                HAL_ADC_Start
 .text.HAL_ADC_PollForConversion
                0x00000000080040aa      0x110 Drivers/STM32L4xx_HAL_Driver/Src/stm32l4xx_hal_adc.o
                0x00000000080040aa                HAL_ADC_PollForConversion
 .text.HAL_ADC_GetValue
                0x00000000080041ba       0x1a Drivers/STM32L4xx_HAL_Driver/Src/stm32l4xx_hal_adc.o
                0x00000000080041ba                HAL_ADC_GetValue
 .text.HAL_ADC_ConfigChannel
                0x00000000080041d4      0x7bc Drivers/STM32L4xx_HAL_Driver/Src/stm32l4xx_hal_adc.o
                0x00000000080041d4                HAL_ADC_ConfigChannel
 .text.ADC_Enable
                0x0000000008004990       0xb4 Drivers/STM32L4xx_HAL_Driver/Src/stm32l4xx_hal_adc.o
                0x0000000008004990                ADC_Enable
 .text.__NVIC_SetPriorityGrouping
                0x0000000008004a44       0x48 Drivers/STM32L4xx_HAL_Driver/Src/stm32l4xx_hal_cortex.o
 .text.__NVIC_GetPriorityGrouping
                0x0000000008004a8c       0x1c Drivers/STM32L4xx_HAL_Driver/Src/stm32l4xx_hal_cortex.o
 .text.__NVIC_EnableIRQ
                0x0000000008004aa8       0x3c Drivers/STM32L4xx_HAL_Driver/Src/stm32l4xx_hal_cortex.o
 .text.__NVIC_SetPriority
                0x0000000008004ae4       0x54 Drivers/STM32L4xx_HAL_Driver/Src/stm32l4xx_hal_cortex.o
 .text.NVIC_EncodePriority
                0x0000000008004b38       0x66 Drivers/STM32L4xx_HAL_Driver/Src/stm32l4xx_hal_cortex.o
 *fill*         0x0000000008004b9e        0x2 
 .text.SysTick_Config
                0x0000000008004ba0       0x44 Drivers/STM32L4xx_HAL_Driver/Src/stm32l4xx_hal_cortex.o
 .text.HAL_NVIC_SetPriorityGrouping
                0x0000000008004be4       0x16 Drivers/STM32L4xx_HAL_Driver/Src/stm32l4xx_hal_cortex.o
                0x0000000008004be4                HAL_NVIC_SetPriorityGrouping
 .text.HAL_NVIC_SetPriority
                0x0000000008004bfa       0x38 Drivers/STM32L4xx_HAL_Driver/Src/stm32l4xx_hal_cortex.o
                0x0000000008004bfa                HAL_NVIC_SetPriority
 .text.HAL_NVIC_EnableIRQ
                0x0000000008004c32       0x1c Drivers/STM32L4xx_HAL_Driver/Src/stm32l4xx_hal_cortex.o
                0x0000000008004c32                HAL_NVIC_EnableIRQ
 .text.HAL_SYSTICK_Config
                0x0000000008004c4e       0x18 Drivers/STM32L4xx_HAL_Driver/Src/stm32l4xx_hal_cortex.o
                0x0000000008004c4e                HAL_SYSTICK_Config
 .text.HAL_DAC_Init
                0x0000000008004c66       0x44 Drivers/STM32L4xx_HAL_Driver/Src/stm32l4xx_hal_dac.o
                0x0000000008004c66                HAL_DAC_Init
 .text.HAL_DAC_IRQHandler
                0x0000000008004caa       0xb4 Drivers/STM32L4xx_HAL_Driver/Src/stm32l4xx_hal_dac.o
                0x0000000008004caa                HAL_DAC_IRQHandler
 .text.HAL_DAC_DMAUnderrunCallbackCh1
                0x0000000008004d5e       0x14 Drivers/STM32L4xx_HAL_Driver/Src/stm32l4xx_hal_dac.o
                0x0000000008004d5e                HAL_DAC_DMAUnderrunCallbackCh1
 .text.HAL_DAC_ConfigChannel
                0x0000000008004d72      0x234 Drivers/STM32L4xx_HAL_Driver/Src/stm32l4xx_hal_dac.o
                0x0000000008004d72                HAL_DAC_ConfigChannel
 .text.HAL_DACEx_DMAUnderrunCallbackCh2
                0x0000000008004fa6       0x14 Drivers/STM32L4xx_HAL_Driver/Src/stm32l4xx_hal_dac_ex.o
                0x0000000008004fa6                HAL_DACEx_DMAUnderrunCallbackCh2
 *fill*         0x0000000008004fba        0x2 
 .text.HAL_GPIO_Init
                0x0000000008004fbc      0x2f4 Drivers/STM32L4xx_HAL_Driver/Src/stm32l4xx_hal_gpio.o
                0x0000000008004fbc                HAL_GPIO_Init
 .text.HAL_GPIO_WritePin
                0x00000000080052b0       0x30 Drivers/STM32L4xx_HAL_Driver/Src/stm32l4xx_hal_gpio.o
                0x00000000080052b0                HAL_GPIO_WritePin
 .text.HAL_I2C_Init
                0x00000000080052e0      0x11e Drivers/STM32L4xx_HAL_Driver/Src/stm32l4xx_hal_i2c.o
                0x00000000080052e0                HAL_I2C_Init
 *fill*         0x00000000080053fe        0x2 
 .text.HAL_I2C_Mem_Write
                0x0000000008005400      0x228 Drivers/STM32L4xx_HAL_Driver/Src/stm32l4xx_hal_i2c.o
                0x0000000008005400                HAL_I2C_Mem_Write
 .text.I2C_RequestMemoryWrite
                0x0000000008005628       0xa8 Drivers/STM32L4xx_HAL_Driver/Src/stm32l4xx_hal_i2c.o
 .text.I2C_Flush_TXDR
                0x00000000080056d0       0x48 Drivers/STM32L4xx_HAL_Driver/Src/stm32l4xx_hal_i2c.o
 .text.I2C_WaitOnFlagUntilTimeout
                0x0000000008005718       0x80 Drivers/STM32L4xx_HAL_Driver/Src/stm32l4xx_hal_i2c.o
 .text.I2C_WaitOnTXISFlagUntilTimeout
                0x0000000008005798       0x80 Drivers/STM32L4xx_HAL_Driver/Src/stm32l4xx_hal_i2c.o
 .text.I2C_WaitOnSTOPFlagUntilTimeout
                0x0000000008005818       0x78 Drivers/STM32L4xx_HAL_Driver/Src/stm32l4xx_hal_i2c.o
 .text.I2C_IsAcknowledgeFailed
                0x0000000008005890       0xcc Drivers/STM32L4xx_HAL_Driver/Src/stm32l4xx_hal_i2c.o
 .text.I2C_TransferConfig
                0x000000000800595c       0x5c Drivers/STM32L4xx_HAL_Driver/Src/stm32l4xx_hal_i2c.o
 .text.HAL_I2CEx_ConfigAnalogFilter
                0x00000000080059b8       0x96 Drivers/STM32L4xx_HAL_Driver/Src/stm32l4xx_hal_i2c_ex.o
                0x00000000080059b8                HAL_I2CEx_ConfigAnalogFilter
 .text.HAL_I2CEx_ConfigDigitalFilter
                0x0000000008005a4e       0x98 Drivers/STM32L4xx_HAL_Driver/Src/stm32l4xx_hal_i2c_ex.o
                0x0000000008005a4e                HAL_I2CEx_ConfigDigitalFilter
 *fill*         0x0000000008005ae6        0x2 
 .text.HAL_I2CEx_EnableFastModePlus
                0x0000000008005ae8       0x40 Drivers/STM32L4xx_HAL_Driver/Src/stm32l4xx_hal_i2c_ex.o
                0x0000000008005ae8                HAL_I2CEx_EnableFastModePlus
 .text.HAL_PCD_Init
                0x0000000008005b28      0x224 Drivers/STM32L4xx_HAL_Driver/Src/stm32l4xx_hal_pcd.o
                0x0000000008005b28                HAL_PCD_Init
 .text.HAL_PCDEx_ActivateLPM
                0x0000000008005d4c       0x54 Drivers/STM32L4xx_HAL_Driver/Src/stm32l4xx_hal_pcd_ex.o
                0x0000000008005d4c                HAL_PCDEx_ActivateLPM
 .text.HAL_PWR_EnableWakeUpPin
                0x0000000008005da0       0x40 Drivers/STM32L4xx_HAL_Driver/Src/stm32l4xx_hal_pwr.o
                0x0000000008005da0                HAL_PWR_EnableWakeUpPin
 .text.HAL_PWR_EnterSTANDBYMode
                0x0000000008005de0       0x34 Drivers/STM32L4xx_HAL_Driver/Src/stm32l4xx_hal_pwr.o
                0x0000000008005de0                HAL_PWR_EnterSTANDBYMode
 .text.HAL_PWREx_GetVoltageRange
                0x0000000008005e14       0x1c Drivers/STM32L4xx_HAL_Driver/Src/stm32l4xx_hal_pwr_ex.o
                0x0000000008005e14                HAL_PWREx_GetVoltageRange
 .text.HAL_PWREx_ControlVoltageScaling
                0x0000000008005e30       0xac Drivers/STM32L4xx_HAL_Driver/Src/stm32l4xx_hal_pwr_ex.o
                0x0000000008005e30                HAL_PWREx_ControlVoltageScaling
 .text.HAL_RCC_OscConfig
                0x0000000008005edc      0x840 Drivers/STM32L4xx_HAL_Driver/Src/stm32l4xx_hal_rcc.o
                0x0000000008005edc                HAL_RCC_OscConfig
 .text.HAL_RCC_ClockConfig
                0x000000000800671c      0x1c4 Drivers/STM32L4xx_HAL_Driver/Src/stm32l4xx_hal_rcc.o
                0x000000000800671c                HAL_RCC_ClockConfig
 .text.HAL_RCC_MCOConfig
                0x00000000080068e0       0x68 Drivers/STM32L4xx_HAL_Driver/Src/stm32l4xx_hal_rcc.o
                0x00000000080068e0                HAL_RCC_MCOConfig
 .text.HAL_RCC_GetSysClockFreq
                0x0000000008006948      0x114 Drivers/STM32L4xx_HAL_Driver/Src/stm32l4xx_hal_rcc.o
                0x0000000008006948                HAL_RCC_GetSysClockFreq
 .text.RCC_SetFlashLatencyFromMSIRange
                0x0000000008006a5c       0xc0 Drivers/STM32L4xx_HAL_Driver/Src/stm32l4xx_hal_rcc.o
 .text.HAL_RCCEx_PeriphCLKConfig
                0x0000000008006b1c      0x488 Drivers/STM32L4xx_HAL_Driver/Src/stm32l4xx_hal_rcc_ex.o
                0x0000000008006b1c                HAL_RCCEx_PeriphCLKConfig
 .text.RCCEx_PLLSAI1_Config
                0x0000000008006fa4      0x1e0 Drivers/STM32L4xx_HAL_Driver/Src/stm32l4xx_hal_rcc_ex.o
 .text.HAL_TIM_Base_Init
                0x0000000008007184       0xae Drivers/STM32L4xx_HAL_Driver/Src/stm32l4xx_hal_tim.o
                0x0000000008007184                HAL_TIM_Base_Init
 *fill*         0x0000000008007232        0x2 
 .text.HAL_TIM_Base_Start_IT
                0x0000000008007234       0xa8 Drivers/STM32L4xx_HAL_Driver/Src/stm32l4xx_hal_tim.o
                0x0000000008007234                HAL_TIM_Base_Start_IT
 .text.HAL_TIM_IC_Init
                0x00000000080072dc       0xae Drivers/STM32L4xx_HAL_Driver/Src/stm32l4xx_hal_tim.o
                0x00000000080072dc                HAL_TIM_IC_Init
 *fill*         0x000000000800738a        0x2 
 .text.HAL_TIM_IC_Start_IT
                0x000000000800738c      0x24c Drivers/STM32L4xx_HAL_Driver/Src/stm32l4xx_hal_tim.o
                0x000000000800738c                HAL_TIM_IC_Start_IT
 .text.HAL_TIM_IRQHandler
                0x00000000080075d8      0x23e Drivers/STM32L4xx_HAL_Driver/Src/stm32l4xx_hal_tim.o
                0x00000000080075d8                HAL_TIM_IRQHandler
 .text.HAL_TIM_IC_ConfigChannel
                0x0000000008007816      0x128 Drivers/STM32L4xx_HAL_Driver/Src/stm32l4xx_hal_tim.o
                0x0000000008007816                HAL_TIM_IC_ConfigChannel
 .text.HAL_TIM_OC_DelayElapsedCallback
                0x000000000800793e       0x14 Drivers/STM32L4xx_HAL_Driver/Src/stm32l4xx_hal_tim.o
                0x000000000800793e                HAL_TIM_OC_DelayElapsedCallback
 .text.HAL_TIM_PWM_PulseFinishedCallback
                0x0000000008007952       0x14 Drivers/STM32L4xx_HAL_Driver/Src/stm32l4xx_hal_tim.o
                0x0000000008007952                HAL_TIM_PWM_PulseFinishedCallback
 .text.HAL_TIM_TriggerCallback
                0x0000000008007966       0x14 Drivers/STM32L4xx_HAL_Driver/Src/stm32l4xx_hal_tim.o
                0x0000000008007966                HAL_TIM_TriggerCallback
 *fill*         0x000000000800797a        0x2 
 .text.TIM_Base_SetConfig
                0x000000000800797c       0xc8 Drivers/STM32L4xx_HAL_Driver/Src/stm32l4xx_hal_tim.o
                0x000000000800797c                TIM_Base_SetConfig
 .text.TIM_TI1_SetConfig
                0x0000000008007a44       0xac Drivers/STM32L4xx_HAL_Driver/Src/stm32l4xx_hal_tim.o
                0x0000000008007a44                TIM_TI1_SetConfig
 .text.TIM_TI2_SetConfig
                0x0000000008007af0       0x7a Drivers/STM32L4xx_HAL_Driver/Src/stm32l4xx_hal_tim.o
 .text.TIM_TI3_SetConfig
                0x0000000008007b6a       0x78 Drivers/STM32L4xx_HAL_Driver/Src/stm32l4xx_hal_tim.o
 .text.TIM_TI4_SetConfig
                0x0000000008007be2       0x7a Drivers/STM32L4xx_HAL_Driver/Src/stm32l4xx_hal_tim.o
 .text.TIM_CCxChannelCmd
                0x0000000008007c5c       0x4a Drivers/STM32L4xx_HAL_Driver/Src/stm32l4xx_hal_tim.o
                0x0000000008007c5c                TIM_CCxChannelCmd
 *fill*         0x0000000008007ca6        0x2 
 .text.HAL_TIMEx_MasterConfigSynchronization
                0x0000000008007ca8       0xcc Drivers/STM32L4xx_HAL_Driver/Src/stm32l4xx_hal_tim_ex.o
                0x0000000008007ca8                HAL_TIMEx_MasterConfigSynchronization
 .text.HAL_TIMEx_CommutCallback
                0x0000000008007d74       0x14 Drivers/STM32L4xx_HAL_Driver/Src/stm32l4xx_hal_tim_ex.o
                0x0000000008007d74                HAL_TIMEx_CommutCallback
 .text.HAL_TIMEx_BreakCallback
                0x0000000008007d88       0x14 Drivers/STM32L4xx_HAL_Driver/Src/stm32l4xx_hal_tim_ex.o
                0x0000000008007d88                HAL_TIMEx_BreakCallback
 .text.HAL_TIMEx_Break2Callback
                0x0000000008007d9c       0x14 Drivers/STM32L4xx_HAL_Driver/Src/stm32l4xx_hal_tim_ex.o
                0x0000000008007d9c                HAL_TIMEx_Break2Callback
 .text.USB_CoreInit
                0x0000000008007db0       0x22 Drivers/STM32L4xx_HAL_Driver/Src/stm32l4xx_ll_usb.o
                0x0000000008007db0                USB_CoreInit
 .text.USB_DisableGlobalInt
                0x0000000008007dd2       0x36 Drivers/STM32L4xx_HAL_Driver/Src/stm32l4xx_ll_usb.o
                0x0000000008007dd2                USB_DisableGlobalInt
 .text.USB_SetCurrentMode
                0x0000000008007e08       0x1a Drivers/STM32L4xx_HAL_Driver/Src/stm32l4xx_ll_usb.o
                0x0000000008007e08                USB_SetCurrentMode
 .text.USB_DevInit
                0x0000000008007e22       0x42 Drivers/STM32L4xx_HAL_Driver/Src/stm32l4xx_ll_usb.o
                0x0000000008007e22                USB_DevInit
 .text.USB_DevDisconnect
                0x0000000008007e64       0x2a Drivers/STM32L4xx_HAL_Driver/Src/stm32l4xx_ll_usb.o
                0x0000000008007e64                USB_DevDisconnect
 *fill*         0x0000000008007e8e        0x2 
 .text.__libc_init_array
                0x0000000008007e90       0x48 /Applications/STM32CubeIDE.app/Contents/Eclipse/plugins/com.st.stm32cube.ide.mcu.externaltools.gnu-tools-for-stm32.7-2018-q2-update.macos64_1.5.0.202011040924/tools/bin/../lib/gcc/arm-none-eabi/7.3.1/../../../../arm-none-eabi/lib/thumb/v7e-m/fpv4-sp/hard/libc_nano.a(lib_a-init.o)
                0x0000000008007e90                __libc_init_array
 .text.memset   0x0000000008007ed8       0x10 /Applications/STM32CubeIDE.app/Contents/Eclipse/plugins/com.st.stm32cube.ide.mcu.externaltools.gnu-tools-for-stm32.7-2018-q2-update.macos64_1.5.0.202011040924/tools/bin/../lib/gcc/arm-none-eabi/7.3.1/../../../../arm-none-eabi/lib/thumb/v7e-m/fpv4-sp/hard/libc_nano.a(lib_a-memset.o)
                0x0000000008007ed8                memset
 *(.glue_7)
 .glue_7        0x0000000008007ee8        0x0 linker stubs
 *(.glue_7t)
 .glue_7t       0x0000000008007ee8        0x0 linker stubs
 *(.eh_frame)
 .eh_frame      0x0000000008007ee8        0x0 /Applications/STM32CubeIDE.app/Contents/Eclipse/plugins/com.st.stm32cube.ide.mcu.externaltools.gnu-tools-for-stm32.7-2018-q2-update.macos64_1.5.0.202011040924/tools/bin/../lib/gcc/arm-none-eabi/7.3.1/thumb/v7e-m/fpv4-sp/hard/crtbegin.o
 *(.init)
 .init          0x0000000008007ee8        0x4 /Applications/STM32CubeIDE.app/Contents/Eclipse/plugins/com.st.stm32cube.ide.mcu.externaltools.gnu-tools-for-stm32.7-2018-q2-update.macos64_1.5.0.202011040924/tools/bin/../lib/gcc/arm-none-eabi/7.3.1/thumb/v7e-m/fpv4-sp/hard/crti.o
                0x0000000008007ee8                _init
 .init          0x0000000008007eec        0x8 /Applications/STM32CubeIDE.app/Contents/Eclipse/plugins/com.st.stm32cube.ide.mcu.externaltools.gnu-tools-for-stm32.7-2018-q2-update.macos64_1.5.0.202011040924/tools/bin/../lib/gcc/arm-none-eabi/7.3.1/thumb/v7e-m/fpv4-sp/hard/crtn.o
 *(.fini)
 .fini          0x0000000008007ef4        0x4 /Applications/STM32CubeIDE.app/Contents/Eclipse/plugins/com.st.stm32cube.ide.mcu.externaltools.gnu-tools-for-stm32.7-2018-q2-update.macos64_1.5.0.202011040924/tools/bin/../lib/gcc/arm-none-eabi/7.3.1/thumb/v7e-m/fpv4-sp/hard/crti.o
                0x0000000008007ef4                _fini
 .fini          0x0000000008007ef8        0x8 /Applications/STM32CubeIDE.app/Contents/Eclipse/plugins/com.st.stm32cube.ide.mcu.externaltools.gnu-tools-for-stm32.7-2018-q2-update.macos64_1.5.0.202011040924/tools/bin/../lib/gcc/arm-none-eabi/7.3.1/thumb/v7e-m/fpv4-sp/hard/crtn.o
                0x0000000008007f00                . = ALIGN (0x4)
                0x0000000008007f00                _etext = .

.vfp11_veneer   0x0000000008007f00        0x0
 .vfp11_veneer  0x0000000008007f00        0x0 linker stubs

.v4_bx          0x0000000008007f00        0x0
 .v4_bx         0x0000000008007f00        0x0 linker stubs

.iplt           0x0000000008007f00        0x0
 .iplt          0x0000000008007f00        0x0 /Applications/STM32CubeIDE.app/Contents/Eclipse/plugins/com.st.stm32cube.ide.mcu.externaltools.gnu-tools-for-stm32.7-2018-q2-update.macos64_1.5.0.202011040924/tools/bin/../lib/gcc/arm-none-eabi/7.3.1/thumb/v7e-m/fpv4-sp/hard/crtbegin.o

.rodata         0x0000000008007f00     0x15e0
                0x0000000008007f00                . = ALIGN (0x4)
 *(.rodata)
 .rodata        0x0000000008007f00       0xb6 Core/Src/main.o
 *(.rodata*)
 *fill*         0x0000000008007fb6        0x2 
 .rodata.Font7x10
                0x0000000008007fb8      0x76c Core/Inc/fonts.o
 .rodata.Font11x18
                0x0000000008008724      0xd5c Core/Inc/fonts.o
 .rodata._ZL19calibrationInterval
                0x0000000008009480       0x14 Core/Src/main.o
 .rodata._ZL5frARR
                0x0000000008009494        0xa Core/Src/main.o
 *fill*         0x000000000800949e        0x2 
 .rodata.AHBPrescTable
                0x00000000080094a0       0x10 Core/Src/system_stm32l4xx.o
                0x00000000080094a0                AHBPrescTable
 .rodata.MSIRangeTable
                0x00000000080094b0       0x30 Core/Src/system_stm32l4xx.o
                0x00000000080094b0                MSIRangeTable
                0x00000000080094e0                . = ALIGN (0x4)

.rel.dyn        0x00000000080094e0        0x0
 .rel.iplt      0x00000000080094e0        0x0 /Applications/STM32CubeIDE.app/Contents/Eclipse/plugins/com.st.stm32cube.ide.mcu.externaltools.gnu-tools-for-stm32.7-2018-q2-update.macos64_1.5.0.202011040924/tools/bin/../lib/gcc/arm-none-eabi/7.3.1/thumb/v7e-m/fpv4-sp/hard/crtbegin.o

.ARM.extab      0x00000000080094e0        0x0
                0x00000000080094e0                . = ALIGN (0x4)
 *(.ARM.extab* .gnu.linkonce.armextab.*)
                0x00000000080094e0                . = ALIGN (0x4)

.ARM            0x00000000080094e0        0x0
                0x00000000080094e0                . = ALIGN (0x4)
                0x00000000080094e0                __exidx_start = .
 *(.ARM.exidx*)
                0x00000000080094e0                __exidx_end = .
                0x00000000080094e0                . = ALIGN (0x4)

.preinit_array  0x00000000080094e0        0x0
                0x00000000080094e0                . = ALIGN (0x4)
                0x00000000080094e0                PROVIDE (__preinit_array_start = .)
 *(.preinit_array*)
                0x00000000080094e0                PROVIDE (__preinit_array_end = .)
                0x00000000080094e0                . = ALIGN (0x4)

.init_array     0x00000000080094e0        0x4
                0x00000000080094e0                . = ALIGN (0x4)
                0x00000000080094e0                PROVIDE (__init_array_start = .)
 *(SORT_BY_NAME(.init_array.*))
 *(.init_array*)
 .init_array    0x00000000080094e0        0x4 /Applications/STM32CubeIDE.app/Contents/Eclipse/plugins/com.st.stm32cube.ide.mcu.externaltools.gnu-tools-for-stm32.7-2018-q2-update.macos64_1.5.0.202011040924/tools/bin/../lib/gcc/arm-none-eabi/7.3.1/thumb/v7e-m/fpv4-sp/hard/crtbegin.o
                0x00000000080094e4                PROVIDE (__init_array_end = .)
                0x00000000080094e4                . = ALIGN (0x4)

.fini_array     0x00000000080094e4        0x4
                0x00000000080094e4                . = ALIGN (0x4)
                [!provide]                        PROVIDE (__fini_array_start = .)
 *(SORT_BY_NAME(.fini_array.*))
 *(.fini_array*)
 .fini_array    0x00000000080094e4        0x4 /Applications/STM32CubeIDE.app/Contents/Eclipse/plugins/com.st.stm32cube.ide.mcu.externaltools.gnu-tools-for-stm32.7-2018-q2-update.macos64_1.5.0.202011040924/tools/bin/../lib/gcc/arm-none-eabi/7.3.1/thumb/v7e-m/fpv4-sp/hard/crtbegin.o
                [!provide]                        PROVIDE (__fini_array_end = .)
                0x00000000080094e8                . = ALIGN (0x4)
                0x00000000080094e8                _sidata = LOADADDR (.data)

.data           0x0000000020000000       0x2c load address 0x00000000080094e8
                0x0000000020000000                . = ALIGN (0x4)
                0x0000000020000000                _sdata = .
 *(.data)
 *(.data*)
 .data.Font_7x10
                0x0000000020000000        0x8 Core/Inc/fonts.o
                0x0000000020000000                Font_7x10
 .data.Font_11x18
                0x0000000020000008        0x8 Core/Inc/fonts.o
                0x0000000020000008                Font_11x18
 .data.jamEnable
                0x0000000020000010        0x1 Core/Src/main.o
                0x0000000020000010                jamEnable
 *fill*         0x0000000020000011        0x3 
 .data.foo      0x0000000020000014        0x4 Core/Src/main.o
                0x0000000020000014                foo
 .data.frRDv    0x0000000020000018        0x5 Core/Src/main.o
                0x0000000020000018                frRDv
 *fill*         0x000000002000001d        0x3 
 .data.SystemCoreClock
                0x0000000020000020        0x4 Core/Src/system_stm32l4xx.o
                0x0000000020000020                SystemCoreClock
 .data.uwTickPrio
                0x0000000020000024        0x4 Drivers/STM32L4xx_HAL_Driver/Src/stm32l4xx_hal.o
                0x0000000020000024                uwTickPrio
 .data.uwTickFreq
                0x0000000020000028        0x1 Drivers/STM32L4xx_HAL_Driver/Src/stm32l4xx_hal.o
                0x0000000020000028                uwTickFreq
 *(.RamFunc)
 *(.RamFunc*)
                0x000000002000002c                . = ALIGN (0x4)
 *fill*         0x0000000020000029        0x3 
                0x000000002000002c                _edata = .

.igot.plt       0x000000002000002c        0x0 load address 0x0000000008009514
 .igot.plt      0x000000002000002c        0x0 /Applications/STM32CubeIDE.app/Contents/Eclipse/plugins/com.st.stm32cube.ide.mcu.externaltools.gnu-tools-for-stm32.7-2018-q2-update.macos64_1.5.0.202011040924/tools/bin/../lib/gcc/arm-none-eabi/7.3.1/thumb/v7e-m/fpv4-sp/hard/crtbegin.o
                0x000000002000002c                . = ALIGN (0x4)

.bss            0x000000002000002c      0xa4c load address 0x0000000008009514
                0x000000002000002c                _sbss = .
                0x000000002000002c                __bss_start__ = _sbss
 *(.bss)
 .bss           0x000000002000002c       0x1c /Applications/STM32CubeIDE.app/Contents/Eclipse/plugins/com.st.stm32cube.ide.mcu.externaltools.gnu-tools-for-stm32.7-2018-q2-update.macos64_1.5.0.202011040924/tools/bin/../lib/gcc/arm-none-eabi/7.3.1/thumb/v7e-m/fpv4-sp/hard/crtbegin.o
 *(.bss*)
 .bss.SSD1306_Buffer
                0x0000000020000048      0x400 Core/Inc/ssd1306.o
 .bss.SSD1306   0x0000000020000448        0x6 Core/Inc/ssd1306.o
 *fill*         0x000000002000044e        0x2 
 .bss.hadc1     0x0000000020000450       0x64 Core/Src/main.o
                0x0000000020000450                hadc1
 .bss.hdac1     0x00000000200004b4       0x14 Core/Src/main.o
                0x00000000200004b4                hdac1
 .bss.hi2c1     0x00000000200004c8       0x4c Core/Src/main.o
                0x00000000200004c8                hi2c1
 .bss.hi2c2     0x0000000020000514       0x4c Core/Src/main.o
                0x0000000020000514                hi2c2
 .bss.htim2     0x0000000020000560       0x4c Core/Src/main.o
                0x0000000020000560                htim2
 .bss.htim6     0x00000000200005ac       0x4c Core/Src/main.o
                0x00000000200005ac                htim6
 .bss.htim7     0x00000000200005f8       0x4c Core/Src/main.o
                0x00000000200005f8                htim7
 .bss.htim16    0x0000000020000644       0x4c Core/Src/main.o
                0x0000000020000644                htim16
 .bss.hpcd_USB_FS
                0x0000000020000690      0x2f4 Core/Src/main.o
                0x0000000020000690                hpcd_USB_FS
 .bss.Offset    0x0000000020000984        0x4 Core/Src/main.o
                0x0000000020000984                Offset
 .bss.hr        0x0000000020000988        0x4 Core/Src/main.o
                0x0000000020000988                hr
 .bss.mn        0x000000002000098c        0x4 Core/Src/main.o
                0x000000002000098c                mn
 .bss.sc        0x0000000020000990        0x4 Core/Src/main.o
                0x0000000020000990                sc
 .bss.fr        0x0000000020000994        0x4 Core/Src/main.o
                0x0000000020000994                fr
 .bss.clockFrame
                0x0000000020000998        0x4 Core/Src/main.o
                0x0000000020000998                clockFrame
 .bss.clockFrameOutput
                0x000000002000099c        0x4 Core/Src/main.o
                0x000000002000099c                clockFrameOutput
 .bss.jamCount  0x00000000200009a0        0x1 Core/Src/main.o
                0x00000000200009a0                jamCount
 .bss.jammed    0x00000000200009a1        0x1 Core/Src/main.o
                0x00000000200009a1                jammed
 *fill*         0x00000000200009a2        0x2 
 .bss.tc        0x00000000200009a4        0xa Core/Src/main.o
                0x00000000200009a4                tc
 *fill*         0x00000000200009ae        0x2 
 .bss.xtc       0x00000000200009b0        0x8 Core/Src/main.o
                0x00000000200009b0                xtc
 .bss.tcFlags   0x00000000200009b8        0x1 Core/Src/main.o
                0x00000000200009b8                tcFlags
 *fill*         0x00000000200009b9        0x3 
 .bss.edgeTimeDiff
                0x00000000200009bc        0x4 Core/Src/main.o
                0x00000000200009bc                edgeTimeDiff
 .bss.tcWrite   0x00000000200009c0        0xa Core/Src/main.o
                0x00000000200009c0                tcWrite
 *fill*         0x00000000200009ca        0x2 
 .bss.tcWriteBuf
                0x00000000200009cc        0xa Core/Src/main.o
                0x00000000200009cc                tcWriteBuf
 *fill*         0x00000000200009d6        0x2 
 .bss.tcDisplay
                0x00000000200009d8        0xb Core/Src/main.o
                0x00000000200009d8                tcDisplay
 *fill*         0x00000000200009e3        0x1 
 .bss.dispOffset
                0x00000000200009e4        0x3 Core/Src/main.o
                0x00000000200009e4                dispOffset
 .bss.writeState
                0x00000000200009e7        0x1 Core/Src/main.o
                0x00000000200009e7                writeState
 .bss.byteNumber
                0x00000000200009e8        0x4 Core/Src/main.o
                0x00000000200009e8                byteNumber
 .bss.bitNumber
                0x00000000200009ec        0x4 Core/Src/main.o
                0x00000000200009ec                bitNumber
 .bss.batt      0x00000000200009f0        0x2 Core/Src/main.o
                0x00000000200009f0                batt
 *fill*         0x00000000200009f2        0x2 
 .bss.battAvg   0x00000000200009f4       0x40 Core/Src/main.o
                0x00000000200009f4                battAvg
 .bss.battLoc   0x0000000020000a34        0x1 Core/Src/main.o
                0x0000000020000a34                battLoc
 *fill*         0x0000000020000a35        0x3 
 .bss.battCount
                0x0000000020000a38        0x4 Core/Src/main.o
                0x0000000020000a38                battCount
 .bss.battStatus
                0x0000000020000a3c        0x4 Core/Src/main.o
                0x0000000020000a3c                battStatus
 .bss.battDisp  0x0000000020000a40        0x5 Core/Src/main.o
                0x0000000020000a40                battDisp
 *fill*         0x0000000020000a45        0x3 
 .bss.battPrint
                0x0000000020000a48        0x4 Core/Src/main.o
                0x0000000020000a48                battPrint
 .bss.stat1     0x0000000020000a4c        0x1 Core/Src/main.o
                0x0000000020000a4c                stat1
 .bss.stat2     0x0000000020000a4d        0x1 Core/Src/main.o
                0x0000000020000a4d                stat2
 .bss.blink     0x0000000020000a4e        0x1 Core/Src/main.o
                0x0000000020000a4e                blink
 *fill*         0x0000000020000a4f        0x1 
 .bss.compensationCounter
                0x0000000020000a50        0x2 Core/Src/main.o
                0x0000000020000a50                compensationCounter
 .bss.compensate
                0x0000000020000a52        0x1 Core/Src/main.o
                0x0000000020000a52                compensate
 *fill*         0x0000000020000a53        0x1 
 .bss.calibrationA
                0x0000000020000a54        0x4 Core/Src/main.o
                0x0000000020000a54                calibrationA
 .bss.calibrationArray
                0x0000000020000a58       0x14 Core/Src/main.o
                0x0000000020000a58                calibrationArray
 .bss.frameRate
                0x0000000020000a6c        0x1 Core/Src/main.o
                0x0000000020000a6c                frameRate
 .bss.autoOff   0x0000000020000a6d        0x1 Core/Src/main.o
                0x0000000020000a6d                autoOff
 .bss.menuItemSelect
                0x0000000020000a6e        0x1 Core/Src/main.o
                0x0000000020000a6e                menuItemSelect
 .bss.menuItem  0x0000000020000a6f        0x1 Core/Src/main.o
                0x0000000020000a6f                menuItem
 .bss.powerDisplay
                0x0000000020000a70        0x1 Core/Src/main.o
                0x0000000020000a70                powerDisplay
 .bss.lockDisplay
                0x0000000020000a71        0x1 Core/Src/main.o
                0x0000000020000a71                lockDisplay
 *(COMMON)
 *fill*         0x0000000020000a72        0x2 
 COMMON         0x0000000020000a74        0x4 Drivers/STM32L4xx_HAL_Driver/Src/stm32l4xx_hal.o
                0x0000000020000a74                uwTick
                0x0000000020000a78                . = ALIGN (0x4)
                0x0000000020000a78                _ebss = .
                0x0000000020000a78                __bss_end__ = _ebss

._user_heap_stack
                0x0000000020000a78      0x600 load address 0x0000000008009514
                0x0000000020000a78                . = ALIGN (0x8)
                [!provide]                        PROVIDE (end = .)
                0x0000000020000a78                PROVIDE (_end = .)
                0x0000000020000c78                . = (. + _Min_Heap_Size)
 *fill*         0x0000000020000a78      0x200 
                0x0000000020001078                . = (. + _Min_Stack_Size)
 *fill*         0x0000000020000c78      0x400 
                0x0000000020001078                . = ALIGN (0x8)

/DISCARD/
 libc.a(*)
 libm.a(*)
 libgcc.a(*)

.ARM.attributes
                0x0000000000000000       0x30
 *(.ARM.attributes)
 .ARM.attributes
                0x0000000000000000       0x22 /Applications/STM32CubeIDE.app/Contents/Eclipse/plugins/com.st.stm32cube.ide.mcu.externaltools.gnu-tools-for-stm32.7-2018-q2-update.macos64_1.5.0.202011040924/tools/bin/../lib/gcc/arm-none-eabi/7.3.1/thumb/v7e-m/fpv4-sp/hard/crti.o
 .ARM.attributes
                0x0000000000000022       0x34 /Applications/STM32CubeIDE.app/Contents/Eclipse/plugins/com.st.stm32cube.ide.mcu.externaltools.gnu-tools-for-stm32.7-2018-q2-update.macos64_1.5.0.202011040924/tools/bin/../lib/gcc/arm-none-eabi/7.3.1/thumb/v7e-m/fpv4-sp/hard/crtbegin.o
 .ARM.attributes
                0x0000000000000056       0x39 Core/Inc/fonts.o
 .ARM.attributes
                0x000000000000008f       0x39 Core/Inc/ssd1306.o
 .ARM.attributes
                0x00000000000000c8       0x39 Core/Src/main.o
 .ARM.attributes
                0x0000000000000101       0x39 Core/Src/stm32l4xx_hal_msp.o
 .ARM.attributes
                0x000000000000013a       0x39 Core/Src/stm32l4xx_it.o
 .ARM.attributes
                0x0000000000000173       0x39 Core/Src/system_stm32l4xx.o
 .ARM.attributes
                0x00000000000001ac       0x21 Core/Startup/startup_stm32l433cctx.o
 .ARM.attributes
                0x00000000000001cd       0x39 Drivers/STM32L4xx_HAL_Driver/Src/stm32l4xx_hal.o
 .ARM.attributes
                0x0000000000000206       0x39 Drivers/STM32L4xx_HAL_Driver/Src/stm32l4xx_hal_adc.o
 .ARM.attributes
                0x000000000000023f       0x39 Drivers/STM32L4xx_HAL_Driver/Src/stm32l4xx_hal_cortex.o
 .ARM.attributes
                0x0000000000000278       0x39 Drivers/STM32L4xx_HAL_Driver/Src/stm32l4xx_hal_dac.o
 .ARM.attributes
                0x00000000000002b1       0x39 Drivers/STM32L4xx_HAL_Driver/Src/stm32l4xx_hal_dac_ex.o
 .ARM.attributes
                0x00000000000002ea       0x39 Drivers/STM32L4xx_HAL_Driver/Src/stm32l4xx_hal_gpio.o
 .ARM.attributes
                0x0000000000000323       0x39 Drivers/STM32L4xx_HAL_Driver/Src/stm32l4xx_hal_i2c.o
 .ARM.attributes
                0x000000000000035c       0x39 Drivers/STM32L4xx_HAL_Driver/Src/stm32l4xx_hal_i2c_ex.o
 .ARM.attributes
                0x0000000000000395       0x39 Drivers/STM32L4xx_HAL_Driver/Src/stm32l4xx_hal_pcd.o
 .ARM.attributes
                0x00000000000003ce       0x39 Drivers/STM32L4xx_HAL_Driver/Src/stm32l4xx_hal_pcd_ex.o
 .ARM.attributes
                0x0000000000000407       0x39 Drivers/STM32L4xx_HAL_Driver/Src/stm32l4xx_hal_pwr.o
 .ARM.attributes
                0x0000000000000440       0x39 Drivers/STM32L4xx_HAL_Driver/Src/stm32l4xx_hal_pwr_ex.o
 .ARM.attributes
                0x0000000000000479       0x39 Drivers/STM32L4xx_HAL_Driver/Src/stm32l4xx_hal_rcc.o
 .ARM.attributes
                0x00000000000004b2       0x39 Drivers/STM32L4xx_HAL_Driver/Src/stm32l4xx_hal_rcc_ex.o
 .ARM.attributes
                0x00000000000004eb       0x39 Drivers/STM32L4xx_HAL_Driver/Src/stm32l4xx_hal_tim.o
 .ARM.attributes
                0x0000000000000524       0x39 Drivers/STM32L4xx_HAL_Driver/Src/stm32l4xx_hal_tim_ex.o
 .ARM.attributes
                0x000000000000055d       0x39 Drivers/STM32L4xx_HAL_Driver/Src/stm32l4xx_ll_usb.o
 .ARM.attributes
                0x0000000000000596       0x34 /Applications/STM32CubeIDE.app/Contents/Eclipse/plugins/com.st.stm32cube.ide.mcu.externaltools.gnu-tools-for-stm32.7-2018-q2-update.macos64_1.5.0.202011040924/tools/bin/../lib/gcc/arm-none-eabi/7.3.1/../../../../arm-none-eabi/lib/thumb/v7e-m/fpv4-sp/hard/libc_nano.a(lib_a-init.o)
 .ARM.attributes
                0x00000000000005ca       0x34 /Applications/STM32CubeIDE.app/Contents/Eclipse/plugins/com.st.stm32cube.ide.mcu.externaltools.gnu-tools-for-stm32.7-2018-q2-update.macos64_1.5.0.202011040924/tools/bin/../lib/gcc/arm-none-eabi/7.3.1/../../../../arm-none-eabi/lib/thumb/v7e-m/fpv4-sp/hard/libc_nano.a(lib_a-memset.o)
 .ARM.attributes
                0x00000000000005fe       0x22 /Applications/STM32CubeIDE.app/Contents/Eclipse/plugins/com.st.stm32cube.ide.mcu.externaltools.gnu-tools-for-stm32.7-2018-q2-update.macos64_1.5.0.202011040924/tools/bin/../lib/gcc/arm-none-eabi/7.3.1/thumb/v7e-m/fpv4-sp/hard/libgcc.a(_arm_addsubdf3.o)
 .ARM.attributes
                0x0000000000000620       0x22 /Applications/STM32CubeIDE.app/Contents/Eclipse/plugins/com.st.stm32cube.ide.mcu.externaltools.gnu-tools-for-stm32.7-2018-q2-update.macos64_1.5.0.202011040924/tools/bin/../lib/gcc/arm-none-eabi/7.3.1/thumb/v7e-m/fpv4-sp/hard/libgcc.a(_arm_muldivdf3.o)
 .ARM.attributes
                0x0000000000000642       0x22 /Applications/STM32CubeIDE.app/Contents/Eclipse/plugins/com.st.stm32cube.ide.mcu.externaltools.gnu-tools-for-stm32.7-2018-q2-update.macos64_1.5.0.202011040924/tools/bin/../lib/gcc/arm-none-eabi/7.3.1/thumb/v7e-m/fpv4-sp/hard/libgcc.a(_arm_fixdfsi.o)
 .ARM.attributes
                0x0000000000000664       0x22 /Applications/STM32CubeIDE.app/Contents/Eclipse/plugins/com.st.stm32cube.ide.mcu.externaltools.gnu-tools-for-stm32.7-2018-q2-update.macos64_1.5.0.202011040924/tools/bin/../lib/gcc/arm-none-eabi/7.3.1/thumb/v7e-m/fpv4-sp/hard/libgcc.a(_arm_truncdfsf2.o)
 .ARM.attributes
                0x0000000000000686       0x22 /Applications/STM32CubeIDE.app/Contents/Eclipse/plugins/com.st.stm32cube.ide.mcu.externaltools.gnu-tools-for-stm32.7-2018-q2-update.macos64_1.5.0.202011040924/tools/bin/../lib/gcc/arm-none-eabi/7.3.1/thumb/v7e-m/fpv4-sp/hard/crtn.o
OUTPUT(TimTime.elf elf32-littlearm)

.debug_info     0x0000000000000000    0x19e40
 .debug_info    0x0000000000000000      0x19c Core/Inc/fonts.o
 .debug_info    0x000000000000019c      0xb66 Core/Inc/ssd1306.o
 .debug_info    0x0000000000000d02     0x313e Core/Src/main.o
 .debug_info    0x0000000000003e40     0x1dc1 Core/Src/stm32l4xx_hal_msp.o
 .debug_info    0x0000000000005c01      0xae6 Core/Src/stm32l4xx_it.o
 .debug_info    0x00000000000066e7      0x734 Core/Src/system_stm32l4xx.o
 .debug_info    0x0000000000006e1b       0x22 Core/Startup/startup_stm32l433cctx.o
 .debug_info    0x0000000000006e3d      0xbd3 Drivers/STM32L4xx_HAL_Driver/Src/stm32l4xx_hal.o
 .debug_info    0x0000000000007a10     0x1db5 Drivers/STM32L4xx_HAL_Driver/Src/stm32l4xx_hal_adc.o
 .debug_info    0x00000000000097c5      0xf13 Drivers/STM32L4xx_HAL_Driver/Src/stm32l4xx_hal_cortex.o
 .debug_info    0x000000000000a6d8      0xbd0 Drivers/STM32L4xx_HAL_Driver/Src/stm32l4xx_hal_dac.o
 .debug_info    0x000000000000b2a8      0xacc Drivers/STM32L4xx_HAL_Driver/Src/stm32l4xx_hal_dac_ex.o
 .debug_info    0x000000000000bd74      0x9c2 Drivers/STM32L4xx_HAL_Driver/Src/stm32l4xx_hal_gpio.o
 .debug_info    0x000000000000c736     0x210d Drivers/STM32L4xx_HAL_Driver/Src/stm32l4xx_hal_i2c.o
 .debug_info    0x000000000000e843      0xb7f Drivers/STM32L4xx_HAL_Driver/Src/stm32l4xx_hal_i2c_ex.o
 .debug_info    0x000000000000f3c2     0x12fc Drivers/STM32L4xx_HAL_Driver/Src/stm32l4xx_hal_pcd.o
 .debug_info    0x00000000000106be      0x9f5 Drivers/STM32L4xx_HAL_Driver/Src/stm32l4xx_hal_pcd_ex.o
 .debug_info    0x00000000000110b3      0xa9e Drivers/STM32L4xx_HAL_Driver/Src/stm32l4xx_hal_pwr.o
 .debug_info    0x0000000000011b51      0xadb Drivers/STM32L4xx_HAL_Driver/Src/stm32l4xx_hal_pwr_ex.o
 .debug_info    0x000000000001262c      0xcde Drivers/STM32L4xx_HAL_Driver/Src/stm32l4xx_hal_rcc.o
 .debug_info    0x000000000001330a     0x1023 Drivers/STM32L4xx_HAL_Driver/Src/stm32l4xx_hal_rcc_ex.o
 .debug_info    0x000000000001432d     0x2a61 Drivers/STM32L4xx_HAL_Driver/Src/stm32l4xx_hal_tim.o
 .debug_info    0x0000000000016d8e     0x167e Drivers/STM32L4xx_HAL_Driver/Src/stm32l4xx_hal_tim_ex.o
 .debug_info    0x000000000001840c     0x1a34 Drivers/STM32L4xx_HAL_Driver/Src/stm32l4xx_ll_usb.o

.debug_abbrev   0x0000000000000000     0x2dc4
 .debug_abbrev  0x0000000000000000       0xa1 Core/Inc/fonts.o
 .debug_abbrev  0x00000000000000a1      0x1e5 Core/Inc/ssd1306.o
 .debug_abbrev  0x0000000000000286      0x348 Core/Src/main.o
 .debug_abbrev  0x00000000000005ce      0x21f Core/Src/stm32l4xx_hal_msp.o
 .debug_abbrev  0x00000000000007ed      0x15a Core/Src/stm32l4xx_it.o
 .debug_abbrev  0x0000000000000947      0x150 Core/Src/system_stm32l4xx.o
 .debug_abbrev  0x0000000000000a97       0x12 Core/Startup/startup_stm32l433cctx.o
 .debug_abbrev  0x0000000000000aa9      0x1fb Drivers/STM32L4xx_HAL_Driver/Src/stm32l4xx_hal.o
 .debug_abbrev  0x0000000000000ca4      0x25d Drivers/STM32L4xx_HAL_Driver/Src/stm32l4xx_hal_adc.o
 .debug_abbrev  0x0000000000000f01      0x2fa Drivers/STM32L4xx_HAL_Driver/Src/stm32l4xx_hal_cortex.o
 .debug_abbrev  0x00000000000011fb      0x1cc Drivers/STM32L4xx_HAL_Driver/Src/stm32l4xx_hal_dac.o
 .debug_abbrev  0x00000000000013c7      0x22f Drivers/STM32L4xx_HAL_Driver/Src/stm32l4xx_hal_dac_ex.o
 .debug_abbrev  0x00000000000015f6      0x1c0 Drivers/STM32L4xx_HAL_Driver/Src/stm32l4xx_hal_gpio.o
 .debug_abbrev  0x00000000000017b6      0x22a Drivers/STM32L4xx_HAL_Driver/Src/stm32l4xx_hal_i2c.o
 .debug_abbrev  0x00000000000019e0      0x1b9 Drivers/STM32L4xx_HAL_Driver/Src/stm32l4xx_hal_i2c_ex.o
 .debug_abbrev  0x0000000000001b99      0x268 Drivers/STM32L4xx_HAL_Driver/Src/stm32l4xx_hal_pcd.o
 .debug_abbrev  0x0000000000001e01      0x1b1 Drivers/STM32L4xx_HAL_Driver/Src/stm32l4xx_hal_pcd_ex.o
 .debug_abbrev  0x0000000000001fb2      0x18b Drivers/STM32L4xx_HAL_Driver/Src/stm32l4xx_hal_pwr.o
 .debug_abbrev  0x000000000000213d      0x1cb Drivers/STM32L4xx_HAL_Driver/Src/stm32l4xx_hal_pwr_ex.o
 .debug_abbrev  0x0000000000002308      0x245 Drivers/STM32L4xx_HAL_Driver/Src/stm32l4xx_hal_rcc.o
 .debug_abbrev  0x000000000000254d      0x238 Drivers/STM32L4xx_HAL_Driver/Src/stm32l4xx_hal_rcc_ex.o
 .debug_abbrev  0x0000000000002785      0x230 Drivers/STM32L4xx_HAL_Driver/Src/stm32l4xx_hal_tim.o
 .debug_abbrev  0x00000000000029b5      0x236 Drivers/STM32L4xx_HAL_Driver/Src/stm32l4xx_hal_tim_ex.o
 .debug_abbrev  0x0000000000002beb      0x1d9 Drivers/STM32L4xx_HAL_Driver/Src/stm32l4xx_ll_usb.o

.debug_aranges  0x0000000000000000     0x16b0
 .debug_aranges
                0x0000000000000000       0x18 Core/Inc/fonts.o
 .debug_aranges
                0x0000000000000018       0x60 Core/Inc/ssd1306.o
 .debug_aranges
                0x0000000000000078       0xf0 Core/Src/main.o
 .debug_aranges
                0x0000000000000168       0x80 Core/Src/stm32l4xx_hal_msp.o
 .debug_aranges
                0x00000000000001e8       0x80 Core/Src/stm32l4xx_it.o
 .debug_aranges
                0x0000000000000268       0x28 Core/Src/system_stm32l4xx.o
 .debug_aranges
                0x0000000000000290       0x28 Core/Startup/startup_stm32l433cctx.o
 .debug_aranges
                0x00000000000002b8      0x130 Drivers/STM32L4xx_HAL_Driver/Src/stm32l4xx_hal.o
 .debug_aranges
                0x00000000000003e8      0x210 Drivers/STM32L4xx_HAL_Driver/Src/stm32l4xx_hal_adc.o
 .debug_aranges
                0x00000000000005f8      0x118 Drivers/STM32L4xx_HAL_Driver/Src/stm32l4xx_hal_cortex.o
 .debug_aranges
                0x0000000000000710       0xc0 Drivers/STM32L4xx_HAL_Driver/Src/stm32l4xx_hal_dac.o
 .debug_aranges
                0x00000000000007d0       0x88 Drivers/STM32L4xx_HAL_Driver/Src/stm32l4xx_hal_dac_ex.o
 .debug_aranges
                0x0000000000000858       0x58 Drivers/STM32L4xx_HAL_Driver/Src/stm32l4xx_hal_gpio.o
 .debug_aranges
                0x00000000000008b0      0x290 Drivers/STM32L4xx_HAL_Driver/Src/stm32l4xx_hal_i2c.o
 .debug_aranges
                0x0000000000000b40       0x48 Drivers/STM32L4xx_HAL_Driver/Src/stm32l4xx_hal_i2c_ex.o
 .debug_aranges
                0x0000000000000b88      0x130 Drivers/STM32L4xx_HAL_Driver/Src/stm32l4xx_hal_pcd.o
 .debug_aranges
                0x0000000000000cb8       0x58 Drivers/STM32L4xx_HAL_Driver/Src/stm32l4xx_hal_pcd_ex.o
 .debug_aranges
                0x0000000000000d10       0x98 Drivers/STM32L4xx_HAL_Driver/Src/stm32l4xx_hal_pwr.o
 .debug_aranges
                0x0000000000000da8      0x128 Drivers/STM32L4xx_HAL_Driver/Src/stm32l4xx_hal_pwr_ex.o
 .debug_aranges
                0x0000000000000ed0       0x88 Drivers/STM32L4xx_HAL_Driver/Src/stm32l4xx_hal_rcc.o
 .debug_aranges
                0x0000000000000f58       0xf0 Drivers/STM32L4xx_HAL_Driver/Src/stm32l4xx_hal_rcc_ex.o
 .debug_aranges
                0x0000000000001048      0x3e0 Drivers/STM32L4xx_HAL_Driver/Src/stm32l4xx_hal_tim.o
 .debug_aranges
                0x0000000000001428      0x180 Drivers/STM32L4xx_HAL_Driver/Src/stm32l4xx_hal_tim_ex.o
 .debug_aranges
                0x00000000000015a8      0x108 Drivers/STM32L4xx_HAL_Driver/Src/stm32l4xx_ll_usb.o

.debug_macro    0x0000000000000000    0x26660
 .debug_macro   0x0000000000000000       0x6d Core/Inc/fonts.o
 .debug_macro   0x000000000000006d      0xa5a Core/Inc/fonts.o
 .debug_macro   0x0000000000000ac7       0x22 Core/Inc/fonts.o
 .debug_macro   0x0000000000000ae9       0x8e Core/Inc/fonts.o
 .debug_macro   0x0000000000000b77       0x51 Core/Inc/fonts.o
 .debug_macro   0x0000000000000bc8       0xef Core/Inc/fonts.o
 .debug_macro   0x0000000000000cb7       0x6a Core/Inc/fonts.o
 .debug_macro   0x0000000000000d21      0x1df Core/Inc/fonts.o
 .debug_macro   0x0000000000000f00      0x239 Core/Inc/ssd1306.o
 .debug_macro   0x0000000000001139      0x1b9 Core/Inc/ssd1306.o
 .debug_macro   0x00000000000012f2       0x2e Core/Inc/ssd1306.o
 .debug_macro   0x0000000000001320       0x28 Core/Inc/ssd1306.o
 .debug_macro   0x0000000000001348       0x1c Core/Inc/ssd1306.o
 .debug_macro   0x0000000000001364       0x22 Core/Inc/ssd1306.o
 .debug_macro   0x0000000000001386      0x101 Core/Inc/ssd1306.o
 .debug_macro   0x0000000000001487     0x1011 Core/Inc/ssd1306.o
 .debug_macro   0x0000000000002498      0x11f Core/Inc/ssd1306.o
 .debug_macro   0x00000000000025b7    0x16161 Core/Inc/ssd1306.o
 .debug_macro   0x0000000000018718       0x43 Core/Inc/ssd1306.o
 .debug_macro   0x000000000001875b     0x3890 Core/Inc/ssd1306.o
 .debug_macro   0x000000000001bfeb      0x174 Core/Inc/ssd1306.o
 .debug_macro   0x000000000001c15f       0x5c Core/Inc/ssd1306.o
 .debug_macro   0x000000000001c1bb     0x1375 Core/Inc/ssd1306.o
 .debug_macro   0x000000000001d530      0x5d6 Core/Inc/ssd1306.o
 .debug_macro   0x000000000001db06      0x13d Core/Inc/ssd1306.o
 .debug_macro   0x000000000001dc43      0x130 Core/Inc/ssd1306.o
 .debug_macro   0x000000000001dd73      0x26b Core/Inc/ssd1306.o
 .debug_macro   0x000000000001dfde      0x23d Core/Inc/ssd1306.o
 .debug_macro   0x000000000001e21b      0xdd8 Core/Inc/ssd1306.o
 .debug_macro   0x000000000001eff3      0x61d Core/Inc/ssd1306.o
 .debug_macro   0x000000000001f610      0x241 Core/Inc/ssd1306.o
 .debug_macro   0x000000000001f851      0x13e Core/Inc/ssd1306.o
 .debug_macro   0x000000000001f98f       0xd8 Core/Inc/ssd1306.o
 .debug_macro   0x000000000001fa67      0x241 Core/Inc/ssd1306.o
 .debug_macro   0x000000000001fca8      0x375 Core/Inc/ssd1306.o
 .debug_macro   0x000000000002001d       0xd6 Core/Inc/ssd1306.o
 .debug_macro   0x00000000000200f3      0x22c Core/Inc/ssd1306.o
 .debug_macro   0x000000000002031f       0x61 Core/Inc/ssd1306.o
 .debug_macro   0x0000000000020380       0xa5 Core/Inc/ssd1306.o
 .debug_macro   0x0000000000020425       0x65 Core/Inc/ssd1306.o
 .debug_macro   0x000000000002048a      0x234 Core/Inc/ssd1306.o
 .debug_macro   0x00000000000206be      0x122 Core/Inc/ssd1306.o
 .debug_macro   0x00000000000207e0      0x365 Core/Inc/ssd1306.o
 .debug_macro   0x0000000000020b45      0xa75 Core/Inc/ssd1306.o
 .debug_macro   0x00000000000215ba      0x12e Core/Inc/ssd1306.o
 .debug_macro   0x00000000000216e8      0x26e Core/Inc/ssd1306.o
 .debug_macro   0x0000000000021956       0x16 Core/Inc/ssd1306.o
 .debug_macro   0x000000000002196c      0x257 Core/Src/main.o
 .debug_macro   0x0000000000021bc3      0xb32 Core/Src/main.o
 .debug_macro   0x00000000000226f5       0x1c Core/Src/main.o
 .debug_macro   0x0000000000022711     0x1011 Core/Src/main.o
 .debug_macro   0x0000000000023722      0x17b Core/Src/main.o
 .debug_macro   0x000000000002389d       0xd6 Core/Src/main.o
 .debug_macro   0x0000000000023973      0x22f Core/Src/stm32l4xx_hal_msp.o
 .debug_macro   0x0000000000023ba2      0x239 Core/Src/stm32l4xx_it.o
 .debug_macro   0x0000000000023ddb      0x226 Core/Src/system_stm32l4xx.o
 .debug_macro   0x0000000000024001      0x26e Drivers/STM32L4xx_HAL_Driver/Src/stm32l4xx_hal.o
 .debug_macro   0x000000000002426f      0x23d Drivers/STM32L4xx_HAL_Driver/Src/stm32l4xx_hal_adc.o
 .debug_macro   0x00000000000244ac      0x220 Drivers/STM32L4xx_HAL_Driver/Src/stm32l4xx_hal_cortex.o
 .debug_macro   0x00000000000246cc      0x22f Drivers/STM32L4xx_HAL_Driver/Src/stm32l4xx_hal_dac.o
 .debug_macro   0x00000000000248fb      0x220 Drivers/STM32L4xx_HAL_Driver/Src/stm32l4xx_hal_dac_ex.o
 .debug_macro   0x0000000000024b1b      0x25f Drivers/STM32L4xx_HAL_Driver/Src/stm32l4xx_hal_gpio.o
 .debug_macro   0x0000000000024d7a      0x2e5 Drivers/STM32L4xx_HAL_Driver/Src/stm32l4xx_hal_i2c.o
 .debug_macro   0x000000000002505f      0x220 Drivers/STM32L4xx_HAL_Driver/Src/stm32l4xx_hal_i2c_ex.o
 .debug_macro   0x000000000002527f      0x22c Drivers/STM32L4xx_HAL_Driver/Src/stm32l4xx_hal_pcd.o
 .debug_macro   0x00000000000254ab      0x220 Drivers/STM32L4xx_HAL_Driver/Src/stm32l4xx_hal_pcd_ex.o
 .debug_macro   0x00000000000256cb      0x238 Drivers/STM32L4xx_HAL_Driver/Src/stm32l4xx_hal_pwr.o
 .debug_macro   0x0000000000025903      0x244 Drivers/STM32L4xx_HAL_Driver/Src/stm32l4xx_hal_pwr_ex.o
 .debug_macro   0x0000000000025b47      0x262 Drivers/STM32L4xx_HAL_Driver/Src/stm32l4xx_hal_rcc.o
 .debug_macro   0x0000000000025da9      0x256 Drivers/STM32L4xx_HAL_Driver/Src/stm32l4xx_hal_rcc_ex.o
 .debug_macro   0x0000000000025fff      0x221 Drivers/STM32L4xx_HAL_Driver/Src/stm32l4xx_hal_tim.o
 .debug_macro   0x0000000000026220      0x220 Drivers/STM32L4xx_HAL_Driver/Src/stm32l4xx_hal_tim_ex.o
 .debug_macro   0x0000000000026440      0x220 Drivers/STM32L4xx_HAL_Driver/Src/stm32l4xx_ll_usb.o

.debug_line     0x0000000000000000    0x12b9b
 .debug_line    0x0000000000000000      0x3ae Core/Inc/fonts.o
 .debug_line    0x00000000000003ae      0x95d Core/Inc/ssd1306.o
 .debug_line    0x0000000000000d0b      0xe3c Core/Src/main.o
 .debug_line    0x0000000000001b47      0x8f7 Core/Src/stm32l4xx_hal_msp.o
 .debug_line    0x000000000000243e      0x8a0 Core/Src/stm32l4xx_it.o
 .debug_line    0x0000000000002cde      0x7da Core/Src/system_stm32l4xx.o
 .debug_line    0x00000000000034b8       0x87 Core/Startup/startup_stm32l433cctx.o
 .debug_line    0x000000000000353f      0xa50 Drivers/STM32L4xx_HAL_Driver/Src/stm32l4xx_hal.o
 .debug_line    0x0000000000003f8f     0x1416 Drivers/STM32L4xx_HAL_Driver/Src/stm32l4xx_hal_adc.o
 .debug_line    0x00000000000053a5      0xad8 Drivers/STM32L4xx_HAL_Driver/Src/stm32l4xx_hal_cortex.o
 .debug_line    0x0000000000005e7d      0xa0f Drivers/STM32L4xx_HAL_Driver/Src/stm32l4xx_hal_dac.o
 .debug_line    0x000000000000688c      0x977 Drivers/STM32L4xx_HAL_Driver/Src/stm32l4xx_hal_dac_ex.o
 .debug_line    0x0000000000007203      0x93f Drivers/STM32L4xx_HAL_Driver/Src/stm32l4xx_hal_gpio.o
 .debug_line    0x0000000000007b42     0x1b92 Drivers/STM32L4xx_HAL_Driver/Src/stm32l4xx_hal_i2c.o
 .debug_line    0x00000000000096d4      0x8f3 Drivers/STM32L4xx_HAL_Driver/Src/stm32l4xx_hal_i2c_ex.o
 .debug_line    0x0000000000009fc7      0xdab Drivers/STM32L4xx_HAL_Driver/Src/stm32l4xx_hal_pcd.o
 .debug_line    0x000000000000ad72      0x876 Drivers/STM32L4xx_HAL_Driver/Src/stm32l4xx_hal_pcd_ex.o
 .debug_line    0x000000000000b5e8      0x8ea Drivers/STM32L4xx_HAL_Driver/Src/stm32l4xx_hal_pwr.o
 .debug_line    0x000000000000bed2      0xaf1 Drivers/STM32L4xx_HAL_Driver/Src/stm32l4xx_hal_pwr_ex.o
 .debug_line    0x000000000000c9c3      0xad5 Drivers/STM32L4xx_HAL_Driver/Src/stm32l4xx_hal_rcc.o
 .debug_line    0x000000000000d498      0xd13 Drivers/STM32L4xx_HAL_Driver/Src/stm32l4xx_hal_rcc_ex.o
 .debug_line    0x000000000000e1ab     0x2643 Drivers/STM32L4xx_HAL_Driver/Src/stm32l4xx_hal_tim.o
 .debug_line    0x00000000000107ee     0x1557 Drivers/STM32L4xx_HAL_Driver/Src/stm32l4xx_hal_tim_ex.o
 .debug_line    0x0000000000011d45      0xe56 Drivers/STM32L4xx_HAL_Driver/Src/stm32l4xx_ll_usb.o

.debug_str      0x0000000000000000    0xe53b6
 .debug_str     0x0000000000000000     0x3b03 Core/Inc/fonts.o
                                       0x3c7c (size before relaxing)
 .debug_str     0x0000000000003b03    0xd9ece Core/Inc/ssd1306.o
                                      0xde01a (size before relaxing)
 .debug_str     0x00000000000dd9d1     0x21c0 Core/Src/main.o
                                      0xe0341 (size before relaxing)
 .debug_str     0x00000000000dfb91      0x4de Core/Src/stm32l4xx_hal_msp.o
                                      0xdf23b (size before relaxing)
 .debug_str     0x00000000000e006f       0xf6 Core/Src/stm32l4xx_it.o
                                      0xde436 (size before relaxing)
 .debug_str     0x00000000000e0165       0x79 Core/Src/system_stm32l4xx.o
                                      0xddbc0 (size before relaxing)
 .debug_str     0x00000000000e01de       0x36 Core/Startup/startup_stm32l433cctx.o
                                         0x6d (size before relaxing)
 .debug_str     0x00000000000e0214      0x555 Drivers/STM32L4xx_HAL_Driver/Src/stm32l4xx_hal.o
                                      0xde5d3 (size before relaxing)
 .debug_str     0x00000000000e0769      0x98d Drivers/STM32L4xx_HAL_Driver/Src/stm32l4xx_hal_adc.o
                                      0xde8b5 (size before relaxing)
 .debug_str     0x00000000000e10f6      0x37d Drivers/STM32L4xx_HAL_Driver/Src/stm32l4xx_hal_cortex.o
                                      0xde340 (size before relaxing)
 .debug_str     0x00000000000e1473      0x1ff Drivers/STM32L4xx_HAL_Driver/Src/stm32l4xx_hal_dac.o
                                      0xddff3 (size before relaxing)
 .debug_str     0x00000000000e1672      0x1e8 Drivers/STM32L4xx_HAL_Driver/Src/stm32l4xx_hal_dac_ex.o
                                      0xddfa8 (size before relaxing)
 .debug_str     0x00000000000e185a      0x22d Drivers/STM32L4xx_HAL_Driver/Src/stm32l4xx_hal_gpio.o
                                      0xdde3a (size before relaxing)
 .debug_str     0x00000000000e1a87      0xd28 Drivers/STM32L4xx_HAL_Driver/Src/stm32l4xx_hal_i2c.o
                                      0xdecce (size before relaxing)
 .debug_str     0x00000000000e27af       0xb8 Drivers/STM32L4xx_HAL_Driver/Src/stm32l4xx_hal_i2c_ex.o
                                      0xde0c9 (size before relaxing)
 .debug_str     0x00000000000e2867      0x3c1 Drivers/STM32L4xx_HAL_Driver/Src/stm32l4xx_hal_pcd.o
                                      0xde17d (size before relaxing)
 .debug_str     0x00000000000e2c28      0x1c6 Drivers/STM32L4xx_HAL_Driver/Src/stm32l4xx_hal_pcd_ex.o
                                      0xddf45 (size before relaxing)
 .debug_str     0x00000000000e2dee      0x27b Drivers/STM32L4xx_HAL_Driver/Src/stm32l4xx_hal_pwr.o
                                      0xddeb6 (size before relaxing)
 .debug_str     0x00000000000e3069      0x3ec Drivers/STM32L4xx_HAL_Driver/Src/stm32l4xx_hal_pwr_ex.o
                                      0xde063 (size before relaxing)
 .debug_str     0x00000000000e3455      0x38a Drivers/STM32L4xx_HAL_Driver/Src/stm32l4xx_hal_rcc.o
                                      0xde13c (size before relaxing)
 .debug_str     0x00000000000e37df      0x515 Drivers/STM32L4xx_HAL_Driver/Src/stm32l4xx_hal_rcc_ex.o
                                      0xde3f1 (size before relaxing)
 .debug_str     0x00000000000e3cf4      0xdc6 Drivers/STM32L4xx_HAL_Driver/Src/stm32l4xx_hal_tim.o
                                      0xdee45 (size before relaxing)
 .debug_str     0x00000000000e4aba      0x61c Drivers/STM32L4xx_HAL_Driver/Src/stm32l4xx_hal_tim_ex.o
                                      0xde739 (size before relaxing)
 .debug_str     0x00000000000e50d6      0x2e0 Drivers/STM32L4xx_HAL_Driver/Src/stm32l4xx_ll_usb.o
                                      0xddf69 (size before relaxing)

.comment        0x0000000000000000       0x7b
 .comment       0x0000000000000000       0x7b Core/Inc/fonts.o
                                         0x7c (size before relaxing)
 .comment       0x000000000000007b       0x7c Core/Inc/ssd1306.o
 .comment       0x000000000000007b       0x7c Core/Src/main.o
 .comment       0x000000000000007b       0x7c Core/Src/stm32l4xx_hal_msp.o
 .comment       0x000000000000007b       0x7c Core/Src/stm32l4xx_it.o
 .comment       0x000000000000007b       0x7c Core/Src/system_stm32l4xx.o
 .comment       0x000000000000007b       0x7c Drivers/STM32L4xx_HAL_Driver/Src/stm32l4xx_hal.o
 .comment       0x000000000000007b       0x7c Drivers/STM32L4xx_HAL_Driver/Src/stm32l4xx_hal_adc.o
 .comment       0x000000000000007b       0x7c Drivers/STM32L4xx_HAL_Driver/Src/stm32l4xx_hal_cortex.o
 .comment       0x000000000000007b       0x7c Drivers/STM32L4xx_HAL_Driver/Src/stm32l4xx_hal_dac.o
 .comment       0x000000000000007b       0x7c Drivers/STM32L4xx_HAL_Driver/Src/stm32l4xx_hal_dac_ex.o
 .comment       0x000000000000007b       0x7c Drivers/STM32L4xx_HAL_Driver/Src/stm32l4xx_hal_gpio.o
 .comment       0x000000000000007b       0x7c Drivers/STM32L4xx_HAL_Driver/Src/stm32l4xx_hal_i2c.o
 .comment       0x000000000000007b       0x7c Drivers/STM32L4xx_HAL_Driver/Src/stm32l4xx_hal_i2c_ex.o
 .comment       0x000000000000007b       0x7c Drivers/STM32L4xx_HAL_Driver/Src/stm32l4xx_hal_pcd.o
 .comment       0x000000000000007b       0x7c Drivers/STM32L4xx_HAL_Driver/Src/stm32l4xx_hal_pcd_ex.o
 .comment       0x000000000000007b       0x7c Drivers/STM32L4xx_HAL_Driver/Src/stm32l4xx_hal_pwr.o
 .comment       0x000000000000007b       0x7c Drivers/STM32L4xx_HAL_Driver/Src/stm32l4xx_hal_pwr_ex.o
 .comment       0x000000000000007b       0x7c Drivers/STM32L4xx_HAL_Driver/Src/stm32l4xx_hal_rcc.o
 .comment       0x000000000000007b       0x7c Drivers/STM32L4xx_HAL_Driver/Src/stm32l4xx_hal_rcc_ex.o
 .comment       0x000000000000007b       0x7c Drivers/STM32L4xx_HAL_Driver/Src/stm32l4xx_hal_tim.o
 .comment       0x000000000000007b       0x7c Drivers/STM32L4xx_HAL_Driver/Src/stm32l4xx_hal_tim_ex.o
 .comment       0x000000000000007b       0x7c Drivers/STM32L4xx_HAL_Driver/Src/stm32l4xx_ll_usb.o

.debug_ranges   0x0000000000000000     0x1530
 .debug_ranges  0x0000000000000000       0x50 Core/Inc/ssd1306.o
 .debug_ranges  0x0000000000000050       0xe0 Core/Src/main.o
 .debug_ranges  0x0000000000000130       0x70 Core/Src/stm32l4xx_hal_msp.o
 .debug_ranges  0x00000000000001a0       0x70 Core/Src/stm32l4xx_it.o
 .debug_ranges  0x0000000000000210       0x18 Core/Src/system_stm32l4xx.o
 .debug_ranges  0x0000000000000228       0x20 Core/Startup/startup_stm32l433cctx.o
 .debug_ranges  0x0000000000000248      0x120 Drivers/STM32L4xx_HAL_Driver/Src/stm32l4xx_hal.o
 .debug_ranges  0x0000000000000368      0x200 Drivers/STM32L4xx_HAL_Driver/Src/stm32l4xx_hal_adc.o
 .debug_ranges  0x0000000000000568      0x108 Drivers/STM32L4xx_HAL_Driver/Src/stm32l4xx_hal_cortex.o
 .debug_ranges  0x0000000000000670       0xb0 Drivers/STM32L4xx_HAL_Driver/Src/stm32l4xx_hal_dac.o
 .debug_ranges  0x0000000000000720       0x78 Drivers/STM32L4xx_HAL_Driver/Src/stm32l4xx_hal_dac_ex.o
 .debug_ranges  0x0000000000000798       0x48 Drivers/STM32L4xx_HAL_Driver/Src/stm32l4xx_hal_gpio.o
 .debug_ranges  0x00000000000007e0      0x280 Drivers/STM32L4xx_HAL_Driver/Src/stm32l4xx_hal_i2c.o
 .debug_ranges  0x0000000000000a60       0x38 Drivers/STM32L4xx_HAL_Driver/Src/stm32l4xx_hal_i2c_ex.o
 .debug_ranges  0x0000000000000a98      0x120 Drivers/STM32L4xx_HAL_Driver/Src/stm32l4xx_hal_pcd.o
 .debug_ranges  0x0000000000000bb8       0x48 Drivers/STM32L4xx_HAL_Driver/Src/stm32l4xx_hal_pcd_ex.o
 .debug_ranges  0x0000000000000c00       0x88 Drivers/STM32L4xx_HAL_Driver/Src/stm32l4xx_hal_pwr.o
 .debug_ranges  0x0000000000000c88      0x118 Drivers/STM32L4xx_HAL_Driver/Src/stm32l4xx_hal_pwr_ex.o
 .debug_ranges  0x0000000000000da0       0x78 Drivers/STM32L4xx_HAL_Driver/Src/stm32l4xx_hal_rcc.o
 .debug_ranges  0x0000000000000e18       0xe0 Drivers/STM32L4xx_HAL_Driver/Src/stm32l4xx_hal_rcc_ex.o
 .debug_ranges  0x0000000000000ef8      0x3d0 Drivers/STM32L4xx_HAL_Driver/Src/stm32l4xx_hal_tim.o
 .debug_ranges  0x00000000000012c8      0x170 Drivers/STM32L4xx_HAL_Driver/Src/stm32l4xx_hal_tim_ex.o
 .debug_ranges  0x0000000000001438       0xf8 Drivers/STM32L4xx_HAL_Driver/Src/stm32l4xx_ll_usb.o

.debug_frame    0x0000000000000000     0x61cc
 .debug_frame   0x0000000000000000      0x16c Core/Inc/ssd1306.o
 .debug_frame   0x000000000000016c      0x3d0 Core/Src/main.o
 .debug_frame   0x000000000000053c      0x1ec Core/Src/stm32l4xx_hal_msp.o
 .debug_frame   0x0000000000000728      0x174 Core/Src/stm32l4xx_it.o
 .debug_frame   0x000000000000089c       0x58 Core/Src/system_stm32l4xx.o
 .debug_frame   0x00000000000008f4      0x498 Drivers/STM32L4xx_HAL_Driver/Src/stm32l4xx_hal.o
 .debug_frame   0x0000000000000d8c      0x9b0 Drivers/STM32L4xx_HAL_Driver/Src/stm32l4xx_hal_adc.o
 .debug_frame   0x000000000000173c      0x498 Drivers/STM32L4xx_HAL_Driver/Src/stm32l4xx_hal_cortex.o
 .debug_frame   0x0000000000001bd4      0x338 Drivers/STM32L4xx_HAL_Driver/Src/stm32l4xx_hal_dac.o
 .debug_frame   0x0000000000001f0c      0x234 Drivers/STM32L4xx_HAL_Driver/Src/stm32l4xx_hal_dac_ex.o
 .debug_frame   0x0000000000002140      0x14c Drivers/STM32L4xx_HAL_Driver/Src/stm32l4xx_hal_gpio.o
 .debug_frame   0x000000000000228c      0xbe8 Drivers/STM32L4xx_HAL_Driver/Src/stm32l4xx_hal_i2c.o
 .debug_frame   0x0000000000002e74      0x100 Drivers/STM32L4xx_HAL_Driver/Src/stm32l4xx_hal_i2c_ex.o
 .debug_frame   0x0000000000002f74      0x550 Drivers/STM32L4xx_HAL_Driver/Src/stm32l4xx_hal_pcd.o
 .debug_frame   0x00000000000034c4      0x14c Drivers/STM32L4xx_HAL_Driver/Src/stm32l4xx_hal_pcd_ex.o
 .debug_frame   0x0000000000003610      0x230 Drivers/STM32L4xx_HAL_Driver/Src/stm32l4xx_hal_pwr.o
 .debug_frame   0x0000000000003840      0x4a4 Drivers/STM32L4xx_HAL_Driver/Src/stm32l4xx_hal_pwr_ex.o
 .debug_frame   0x0000000000003ce4      0x1f4 Drivers/STM32L4xx_HAL_Driver/Src/stm32l4xx_hal_rcc.o
 .debug_frame   0x0000000000003ed8      0x3d0 Drivers/STM32L4xx_HAL_Driver/Src/stm32l4xx_hal_rcc_ex.o
 .debug_frame   0x00000000000042a8     0x121c Drivers/STM32L4xx_HAL_Driver/Src/stm32l4xx_hal_tim.o
 .debug_frame   0x00000000000054c4      0x6b0 Drivers/STM32L4xx_HAL_Driver/Src/stm32l4xx_hal_tim_ex.o
 .debug_frame   0x0000000000005b74      0x4c8 Drivers/STM32L4xx_HAL_Driver/Src/stm32l4xx_ll_usb.o
 .debug_frame   0x000000000000603c       0x2c /Applications/STM32CubeIDE.app/Contents/Eclipse/plugins/com.st.stm32cube.ide.mcu.externaltools.gnu-tools-for-stm32.7-2018-q2-update.macos64_1.5.0.202011040924/tools/bin/../lib/gcc/arm-none-eabi/7.3.1/../../../../arm-none-eabi/lib/thumb/v7e-m/fpv4-sp/hard/libc_nano.a(lib_a-init.o)
 .debug_frame   0x0000000000006068       0x20 /Applications/STM32CubeIDE.app/Contents/Eclipse/plugins/com.st.stm32cube.ide.mcu.externaltools.gnu-tools-for-stm32.7-2018-q2-update.macos64_1.5.0.202011040924/tools/bin/../lib/gcc/arm-none-eabi/7.3.1/../../../../arm-none-eabi/lib/thumb/v7e-m/fpv4-sp/hard/libc_nano.a(lib_a-memset.o)
 .debug_frame   0x0000000000006088       0xac /Applications/STM32CubeIDE.app/Contents/Eclipse/plugins/com.st.stm32cube.ide.mcu.externaltools.gnu-tools-for-stm32.7-2018-q2-update.macos64_1.5.0.202011040924/tools/bin/../lib/gcc/arm-none-eabi/7.3.1/thumb/v7e-m/fpv4-sp/hard/libgcc.a(_arm_addsubdf3.o)
 .debug_frame   0x0000000000006134       0x50 /Applications/STM32CubeIDE.app/Contents/Eclipse/plugins/com.st.stm32cube.ide.mcu.externaltools.gnu-tools-for-stm32.7-2018-q2-update.macos64_1.5.0.202011040924/tools/bin/../lib/gcc/arm-none-eabi/7.3.1/thumb/v7e-m/fpv4-sp/hard/libgcc.a(_arm_muldivdf3.o)
 .debug_frame   0x0000000000006184       0x24 /Applications/STM32CubeIDE.app/Contents/Eclipse/plugins/com.st.stm32cube.ide.mcu.externaltools.gnu-tools-for-stm32.7-2018-q2-update.macos64_1.5.0.202011040924/tools/bin/../lib/gcc/arm-none-eabi/7.3.1/thumb/v7e-m/fpv4-sp/hard/libgcc.a(_arm_fixdfsi.o)
 .debug_frame   0x00000000000061a8       0x24 /Applications/STM32CubeIDE.app/Contents/Eclipse/plugins/com.st.stm32cube.ide.mcu.externaltools.gnu-tools-for-stm32.7-2018-q2-update.macos64_1.5.0.202011040924/tools/bin/../lib/gcc/arm-none-eabi/7.3.1/thumb/v7e-m/fpv4-sp/hard/libgcc.a(_arm_truncdfsf2.o)
